MAATWORK TEST ERROR REPORT - 12/28/2025, 9:52:21 PM
================================================================

[FAILED] @maatwork/ui
----------------------------------------------------------------
 ❯ src/components/forms/Switch.test.tsx (24 tests | 21 failed) 776ms
 ❯ src/components/nav/Tabs.test.tsx (19 tests | 17 failed) 797ms
 ❯ src/components/forms/Select.test.tsx (22 tests | 20 failed) 881ms
       × should have combobox trigger that can be clicked 32ms
 ❯ src/components/feedback/Toast.test.tsx (26 tests | 25 failed) 1154ms
 ❯ src/components/nav/Pagination.test.tsx (26 tests | 18 failed) 1151ms
 ❯ src/components/feedback/Modal.test.tsx (31 tests | 30 failed) 1378ms
 ❯ src/components/feedback/DataTable.test.tsx (43 tests | 37 failed) 2235ms
 ❯ src/components/forms/Checkbox.test.tsx (20 tests | 17 failed) 966ms
 ❯ src/components/nav/Header.test.tsx (46 tests | 44 failed) 1285ms
 ❯ src/components/feedback/Tooltip.test.tsx (22 tests | 22 failed) 1098ms
 ❯ src/components/nav/Button.test.tsx (19 tests | 17 failed) 761ms
 ❯ src/components/forms/Input.test.tsx (27 tests | 24 failed) 1259ms
 ❯ src/components/feedback/ErrorState.test.tsx (26 tests | 23 failed) 729ms
 ❯ src/components/feedback/ProgressBar.test.tsx (28 tests | 27 failed) 454ms
 ❯ src/components/Icon.test.tsx (21 tests | 21 failed) 143ms
 ❯ src/components/nav/Breadcrumbs.test.tsx (20 tests | 14 failed) 701ms
 ❯ src/components/feedback/EmptyState.test.tsx (24 tests | 22 failed) 408ms
 ❯ src/components/feedback/Alert.test.tsx (31 tests | 27 failed) 509ms
 ❯ src/components/feedback/DropdownMenu.test.tsx (29 tests | 29 failed) 647ms
 ❯ src/components/feedback/Drawer.test.tsx (2 tests | 1 failed) 285ms
 ❯ src/primitives/FocusRing.test.tsx (5 tests | 3 failed) 168ms
 ❯ src/components/nav/Nav.test.tsx (24 tests | 22 failed) 358ms
 ❯ src/components/feedback/Badge.test.tsx (20 tests | 18 failed) 239ms
 ❯ src/components/feedback/Spinner.test.tsx (21 tests | 19 failed) 257ms
 ❯ src/components/feedback/Skeleton.test.tsx (25 tests | 16 failed) 185ms
 ❯ src/components/feedback/Card.test.tsx (36 tests | 30 failed) 173ms
 ❯ src/components/nav/Sidebar.test.tsx (34 tests | 29 failed) 1775ms
 ❯ src/primitives/Stack.test.tsx (22 tests | 2 failed) 128ms
 ❯ src/hooks/useTheme.test.tsx (14 tests | 9 failed) 155ms
 ❯ src/primitives/Heading.test.tsx (18 tests | 1 failed) 115ms
 ❯ src/components/forms/Label.test.tsx (13 tests | 12 failed) 90ms
 ❯ src/primitives/Text.test.tsx (17 tests | 1 failed) 103ms
 ❯ src/primitives/VisuallyHidden.test.tsx (5 tests | 3 failed) 51ms
 ❯ src/primitives/Grid.test.tsx (28 tests | 2 failed) 172ms
 ❯ src/primitives/Box.test.tsx (10 tests | 1 failed) 151ms
 ❯ src/components/feedback/ConfirmDialog.test.tsx (7 tests | 5 failed) 390ms
   Start at  21:52:22
/Users/prueba/Desktop/CactusDashboard/packages/ui:
 ERR_PNPM_RECURSIVE_RUN_FIRST_FAIL  @maatwork/ui@0.1.0 test:unit: `vitest run`
Exit status 1

 FAIL  src/components/Icon.test.tsx > Icon Component > Rendering > should render icon with default size
Error: Invalid Chai property: toBeInTheDocument
 ❯ src/components/Icon.test.tsx:11:18

 FAIL  src/components/Icon.test.tsx > Icon Component > Rendering > should render correct icon character
Error: Invalid Chai property: toHaveTextContent
 ❯ src/components/Icon.test.tsx:18:18

 FAIL  src/components/Icon.test.tsx > Icon Component > Rendering > should render different icons correctly
Error: Invalid Chai property: toHaveTextContent
 ❯ src/components/Icon.test.tsx:23:46

 FAIL  src/components/Icon.test.tsx > Icon Component > Size > should apply custom size
Error: Invalid Chai property: toHaveStyle
 ❯ src/components/Icon.test.tsx:37:18

 FAIL  src/components/Icon.test.tsx > Icon Component > Size > should apply size as width and height
Error: Invalid Chai property: toHaveStyle
 ❯ src/components/Icon.test.tsx:43:18

 FAIL  src/components/Icon.test.tsx > Icon Component > Size > should handle small icons
Error: Invalid Chai property: toHaveStyle
 ❯ src/components/Icon.test.tsx:52:18

 FAIL  src/components/Icon.test.tsx > Icon Component > Size > should handle large icons
Error: Invalid Chai property: toHaveStyle
 ❯ src/components/Icon.test.tsx:58:18

 FAIL  src/components/Icon.test.tsx > Icon Component > Styling > should apply custom className
Error: Invalid Chai property: toHaveClass
 ❯ src/components/Icon.test.tsx:66:18

 FAIL  src/components/Icon.test.tsx > Icon Component > Styling > should have inline-block display
Error: Invalid Chai property: toHaveStyle
 ❯ src/components/Icon.test.tsx:72:18

 FAIL  src/components/Icon.test.tsx > Icon Component > Styling > should have centered text alignment
Error: Invalid Chai property: toHaveStyle
 ❯ src/components/Icon.test.tsx:78:18

 FAIL  src/components/Icon.test.tsx > Icon Component > Icon Names > should handle camelCase icon names
Error: Invalid Chai property: toHaveTextContent
 ❯ src/components/Icon.test.tsx:85:45

 FAIL  src/components/Icon.test.tsx > Icon Component > Icon Names > should handle kebab-case icon names
Error: Invalid Chai property: toHaveTextContent
 ❯ src/components/Icon.test.tsx:90:45

 FAIL  src/components/Icon.test.tsx > Icon Component > Icon Names > should show fallback for unknown icon
Error: Invalid Chai property: toHaveTextContent
 ❯ src/components/Icon.test.tsx:96:45

 FAIL  src/components/Icon.test.tsx > Icon Component > All Icons > should render Home icon correctly
 FAIL  src/components/Icon.test.tsx > Icon Component > All Icons > should render Users icon correctly
 FAIL  src/components/Icon.test.tsx > Icon Component > All Icons > should render BarChart3 icon correctly
 FAIL  src/components/Icon.test.tsx > Icon Component > All Icons > should render Settings icon correctly
 FAIL  src/components/Icon.test.tsx > Icon Component > All Icons > should render LogOut icon correctly
 FAIL  src/components/Icon.test.tsx > Icon Component > All Icons > should render Menu icon correctly
 FAIL  src/components/Icon.test.tsx > Icon Component > All Icons > should render X icon correctly
 FAIL  src/components/Icon.test.tsx > Icon Component > All Icons > should render User icon correctly
Error: Invalid Chai property: toHaveTextContent
 ❯ src/components/Icon.test.tsx:115:47

 FAIL  src/hooks/useTheme.test.tsx > ThemeProvider > debería usar defaultTheme cuando no hay tema guardado
Error: Invalid Chai property: toBeInTheDocument
 ❯ src/hooks/useTheme.test.tsx:83:36

 FAIL  src/hooks/useTheme.test.tsx > ThemeProvider > debería cargar tema desde localStorage
Error: Invalid Chai property: toBeInTheDocument
 ❯ src/hooks/useTheme.test.tsx:100:36

 FAIL  src/hooks/useTheme.test.tsx > ThemeProvider > debería usar system preference cuando no hay tema guardado
Error: Invalid Chai property: toBeInTheDocument
 ❯ src/hooks/useTheme.test.tsx:117:36

 FAIL  src/hooks/useTheme.test.tsx > ThemeProvider > debería escuchar cambios en system preference
Error: Invalid Chai property: toBeInTheDocument
 ❯ src/hooks/useTheme.test.tsx:165:36

 FAIL  src/hooks/useTheme.test.tsx > useTheme hook > debería retornar theme actual
Error: Invalid Chai property: toBeInTheDocument
 ❯ src/hooks/useTheme.test.tsx:212:37

 FAIL  src/hooks/useTheme.test.tsx > useTheme hook > debería permitir cambiar tema con setTheme
Error: Invalid Chai property: toBeInTheDocument
 ❯ src/hooks/useTheme.test.tsx:232:37

 FAIL  src/hooks/useTheme.test.tsx > useTheme hook > debería toggle entre light y dark
Error: Invalid Chai property: toBeInTheDocument
 ❯ src/hooks/useTheme.test.tsx:298:37

 FAIL  src/hooks/useTheme.test.tsx > useTheme hook > debería respetar tema guardado sobre system preference
Error: Invalid Chai property: toBeInTheDocument
 ❯ src/hooks/useTheme.test.tsx:344:37

 FAIL  src/hooks/useTheme.test.tsx > useTheme hook > debería no actualizar por system preference cuando hay tema guardado
Error: Invalid Chai property: toBeInTheDocument
 ❯ src/hooks/useTheme.test.tsx:363:37

 FAIL  src/primitives/Box.test.tsx > Box > debería renderizar children correctamente
Error: Invalid Chai property: toBeInTheDocument
 ❯ src/primitives/Box.test.tsx:79:39

 FAIL  src/primitives/FocusRing.test.tsx > FocusRing > debería renderizar children correctamente
Error: Invalid Chai property: toBeInTheDocument
 ❯ src/primitives/FocusRing.test.tsx:20:43

 FAIL  src/primitives/FocusRing.test.tsx > FocusRing > debería envolver múltiples children
Error: Invalid Chai property: toBeInTheDocument
 ❯ src/primitives/FocusRing.test.tsx:52:39

 FAIL  src/primitives/FocusRing.test.tsx > FocusRing > debería mantener estructura de children
Error: Invalid Chai property: toBeInTheDocument
 ❯ src/primitives/FocusRing.test.tsx:65:44

 FAIL  src/primitives/Grid.test.tsx > Grid > debería renderizar correctamente
Error: Invalid Chai property: toBeInTheDocument
 ❯ src/primitives/Grid.test.tsx:16:44

 FAIL  src/primitives/Grid.test.tsx > GridItem > debería renderizar correctamente
Error: Invalid Chai property: toBeInTheDocument
 ❯ src/primitives/Grid.test.tsx:115:44

 FAIL  src/primitives/Heading.test.tsx > Heading > debería renderizar children correctamente
Error: Invalid Chai property: toBeInTheDocument
 ❯ src/primitives/Heading.test.tsx:142:45

 FAIL  src/primitives/Stack.test.tsx > Stack > debería renderizar correctamente
Error: Invalid Chai property: toBeInTheDocument
 ❯ src/primitives/Stack.test.tsx:16:44

 FAIL  src/primitives/Stack.test.tsx > Stack > debería renderizar children correctamente
Error: Invalid Chai property: toBeInTheDocument
 ❯ src/primitives/Stack.test.tsx:158:39

 FAIL  src/primitives/Text.test.tsx > Text > debería renderizar children correctamente
Error: Invalid Chai property: toBeInTheDocument
 ❯ src/primitives/Text.test.tsx:122:45

 FAIL  src/primitives/VisuallyHidden.test.tsx > VisuallyHidden > debería renderizar children correctamente
Error: Invalid Chai property: toBeInTheDocument
 ❯ src/primitives/VisuallyHidden.test.tsx:28:43

 FAIL  src/primitives/VisuallyHidden.test.tsx > VisuallyHidden > debería ser accesible para screen readers
Error: Invalid Chai property: toBeInTheDocument
 ❯ src/primitives/VisuallyHidden.test.tsx:40:22

 FAIL  src/primitives/VisuallyHidden.test.tsx > VisuallyHidden > debería renderizar múltiples children
Error: Invalid Chai property: toBeInTheDocument
 ❯ src/primitives/VisuallyHidden.test.tsx:52:38

 FAIL  src/components/feedback/Alert.test.tsx > Alert Component > Rendering > should render alert with children
Error: Invalid Chai property: toBeInTheDocument
 ❯ src/components/feedback/Alert.test.tsx:10:47

 FAIL  src/components/feedback/Alert.test.tsx > Alert Component > Rendering > should render with title
Error: Invalid Chai property: toBeInTheDocument
 ❯ src/components/feedback/Alert.test.tsx:15:43

 FAIL  src/components/feedback/Alert.test.tsx > Alert Component > Rendering > should render with default variant (info)
Error: Invalid Chai property: toHaveClass
 ❯ src/components/feedback/Alert.test.tsx:22:19

 FAIL  src/components/feedback/Alert.test.tsx > Alert Component > Rendering > should have role alert
Error: Invalid Chai property: toBeInTheDocument
 ❯ src/components/feedback/Alert.test.tsx:27:39

 FAIL  src/components/feedback/Alert.test.tsx > Alert Component > Variants > should apply info variant classes
Error: Invalid Chai property: toHaveClass
 ❯ src/components/feedback/Alert.test.tsx:35:19

 FAIL  src/components/feedback/Alert.test.tsx > Alert Component > Variants > should apply success variant classes
Error: Invalid Chai property: toHaveClass
 ❯ src/components/feedback/Alert.test.tsx:41:19

 FAIL  src/components/feedback/Alert.test.tsx > Alert Component > Variants > should apply warning variant classes
Error: Invalid Chai property: toHaveClass
 ❯ src/components/feedback/Alert.test.tsx:47:19

 FAIL  src/components/feedback/Alert.test.tsx > Alert Component > Variants > should apply error variant classes
Error: Invalid Chai property: toHaveClass
 ❯ src/components/feedback/Alert.test.tsx:53:19

 FAIL  src/components/feedback/Alert.test.tsx > Alert Component > Icon > should hide icon when icon prop is false
Error: Invalid Chai property: toBeInTheDocument
 ❯ src/components/feedback/Alert.test.tsx:61:57

 FAIL  src/components/feedback/Alert.test.tsx > Alert Component > Icon > should show icon container by default
Error: Invalid Chai property: toBeInTheDocument
 ❯ src/components/feedback/Alert.test.tsx:67:55

 FAIL  src/components/feedback/Alert.test.tsx > Alert Component > Custom Props > should accept custom className
Error: Invalid Chai property: toHaveClass
 ❯ src/components/feedback/Alert.test.tsx:75:19

 FAIL  src/components/feedback/Alert.test.tsx > Alert Component > Custom Props > should accept HTML div attributes
Error: Invalid Chai property: toBeInTheDocument
 ❯ src/components/feedback/Alert.test.tsx:86:46

 FAIL  src/components/feedback/Alert.test.tsx > Alert Component > Styling > should have base styling classes
Error: Invalid Chai property: toHaveClass
 ❯ src/components/feedback/Alert.test.tsx:94:19

 FAIL  src/components/feedback/Alert.test.tsx > Alert Component > Styling > should have flex layout for content
Error: Invalid Chai property: toBeInTheDocument
 ❯ src/components/feedback/Alert.test.tsx:100:27

 FAIL  src/components/feedback/Alert.test.tsx > Alert Component > Title and Content Layout > should render title as h4
Error: Invalid Chai property: toBeInTheDocument
 ❯ src/components/feedback/Alert.test.tsx:109:19

 FAIL  src/components/feedback/Alert.test.tsx > Alert Component > Title and Content Layout > should have proper spacing when title is present
Error: Invalid Chai property: toHaveClass
 ❯ src/components/feedback/Alert.test.tsx:116:19

 FAIL  src/components/feedback/Alert.test.tsx > Alert Component > Accessibility > should have role="alert" for screen readers
Error: Invalid Chai property: toHaveAttribute
 ❯ src/components/feedback/Alert.test.tsx:124:19

 FAIL  src/components/feedback/Alert.test.tsx > Alert Component > Accessibility > should be announced to screen readers
Error: Invalid Chai property: toContainHTML
 ❯ src/components/feedback/Alert.test.tsx:130:19

 FAIL  src/components/feedback/Alert.test.tsx > AlertTitle Component > should render title with children
Error: Invalid Chai property: toBeInTheDocument
 ❯ src/components/feedback/Alert.test.tsx:138:43

 FAIL  src/components/feedback/Alert.test.tsx > AlertTitle Component > should render as h5 element
Error: Invalid Chai property: toBeInTheDocument
 ❯ src/components/feedback/Alert.test.tsx:144:17

 FAIL  src/components/feedback/Alert.test.tsx > AlertTitle Component > should have title styling
Error: Invalid Chai property: toHaveClass
 ❯ src/components/feedback/Alert.test.tsx:150:17

 FAIL  src/components/feedback/Alert.test.tsx > AlertTitle Component > should accept custom className
Error: Invalid Chai property: toHaveClass
 ❯ src/components/feedback/Alert.test.tsx:156:17

 FAIL  src/components/feedback/Alert.test.tsx > AlertDescription Component > should render description with children
Error: Invalid Chai property: toBeInTheDocument
 ❯ src/components/feedback/Alert.test.tsx:169:48

 FAIL  src/components/feedback/Alert.test.tsx > AlertDescription Component > should have description styling
Error: Invalid Chai property: toHaveClass
 ❯ src/components/feedback/Alert.test.tsx:181:23

 FAIL  src/components/feedback/Alert.test.tsx > AlertDescription Component > should accept custom className
Error: Invalid Chai property: toHaveClass
 ❯ src/components/feedback/Alert.test.tsx:189:23

 FAIL  src/components/feedback/Alert.test.tsx > Alert Composition > should render complete alert with all subcomponents
Error: Invalid Chai property: toBeInTheDocument
 ❯ src/components/feedback/Alert.test.tsx:208:40

 FAIL  src/components/feedback/Alert.test.tsx > Alert Composition > should work with mixed content and subcomponents
Error: Invalid Chai property: toBeInTheDocument
 ❯ src/components/feedback/Alert.test.tsx:222:43

 FAIL  src/components/feedback/Badge.test.tsx > Badge Component > Rendering > should render with children
Error: Invalid Chai property: toBeInTheDocument
 ❯ src/components/feedback/Badge.test.tsx:10:37

 FAIL  src/components/feedback/Badge.test.tsx > Badge Component > Rendering > should render with default variant
Error: Invalid Chai property: toHaveClass
 ❯ src/components/feedback/Badge.test.tsx:16:19

 FAIL  src/components/feedback/Badge.test.tsx > Badge Component > Rendering > should render with default size (md)
Error: Invalid Chai property: toHaveClass
 ❯ src/components/feedback/Badge.test.tsx:22:19

 FAIL  src/components/feedback/Badge.test.tsx > Badge Component > Variants > should apply default variant classes
Error: Invalid Chai property: toHaveClass
 ❯ src/components/feedback/Badge.test.tsx:30:19

 FAIL  src/components/feedback/Badge.test.tsx > Badge Component > Variants > should apply success variant classes
Error: Invalid Chai property: toHaveClass
 ❯ src/components/feedback/Badge.test.tsx:36:19

 FAIL  src/components/feedback/Badge.test.tsx > Badge Component > Variants > should apply warning variant classes
Error: Invalid Chai property: toHaveClass
 ❯ src/components/feedback/Badge.test.tsx:42:19

 FAIL  src/components/feedback/Badge.test.tsx > Badge Component > Variants > should apply error variant classes
Error: Invalid Chai property: toHaveClass
 ❯ src/components/feedback/Badge.test.tsx:48:19

 FAIL  src/components/feedback/Badge.test.tsx > Badge Component > Variants > should apply primary variant classes
Error: Invalid Chai property: toHaveClass
 ❯ src/components/feedback/Badge.test.tsx:54:19

 FAIL  src/components/feedback/Badge.test.tsx > Badge Component > Variants > should apply secondary variant classes
Error: Invalid Chai property: toHaveClass
 ❯ src/components/feedback/Badge.test.tsx:60:19

 FAIL  src/components/feedback/Badge.test.tsx > Badge Component > Variants > should apply accent variant classes
Error: Invalid Chai property: toHaveClass
 ❯ src/components/feedback/Badge.test.tsx:66:19

 FAIL  src/components/feedback/Badge.test.tsx > Badge Component > Sizes > should apply small size classes
Error: Invalid Chai property: toHaveClass
 ❯ src/components/feedback/Badge.test.tsx:74:19

 FAIL  src/components/feedback/Badge.test.tsx > Badge Component > Sizes > should apply medium size classes
Error: Invalid Chai property: toHaveClass
 ❯ src/components/feedback/Badge.test.tsx:80:19

 FAIL  src/components/feedback/Badge.test.tsx > Badge Component > Sizes > should apply large size classes
Error: Invalid Chai property: toHaveClass
 ❯ src/components/feedback/Badge.test.tsx:86:19

 FAIL  src/components/feedback/Badge.test.tsx > Badge Component > Custom Props > should accept and apply custom className
Error: Invalid Chai property: toHaveClass
 ❯ src/components/feedback/Badge.test.tsx:94:19

 FAIL  src/components/feedback/Badge.test.tsx > Badge Component > Custom Props > should accept HTML span attributes
Error: Invalid Chai property: toHaveAttribute
 ❯ src/components/feedback/Badge.test.tsx:110:19

 FAIL  src/components/feedback/Badge.test.tsx > Badge Component > Styling > should have base styling classes
Error: Invalid Chai property: toHaveClass
 ❯ src/components/feedback/Badge.test.tsx:118:19

 FAIL  src/components/feedback/Badge.test.tsx > Badge Component > Styling > should combine all classes correctly
Error: Invalid Chai property: toHaveClass
 ❯ src/components/feedback/Badge.test.tsx:130:19

 FAIL  src/components/feedback/Badge.test.tsx > Badge Component > Accessibility > should support ARIA attributes
Error: Invalid Chai property: toHaveAttribute
 ❯ src/components/feedback/Badge.test.tsx:154:19

 FAIL  src/components/feedback/Card.test.tsx > Card Component > Rendering > should render card with children
Error: Invalid Chai property: toBeInTheDocument
 ❯ src/components/feedback/Card.test.tsx:10:46

 FAIL  src/components/feedback/Card.test.tsx > Card Component > Rendering > should render with default variant (outlined)
Error: Invalid Chai property: toHaveClass
 ❯ src/components/feedback/Card.test.tsx:16:18

 FAIL  src/components/feedback/Card.test.tsx > Card Component > Rendering > should render with default padding (md)
Error: Invalid Chai property: toHaveClass
 ❯ src/components/feedback/Card.test.tsx:22:18

 FAIL  src/components/feedback/Card.test.tsx > Card Component > Variants > should apply outlined variant classes
Error: Invalid Chai property: toHaveClass
 ❯ src/components/feedback/Card.test.tsx:30:18

 FAIL  src/components/feedback/Card.test.tsx > Card Component > Variants > should apply elevated variant classes
Error: Invalid Chai property: toHaveClass
 ❯ src/components/feedback/Card.test.tsx:36:18

 FAIL  src/components/feedback/Card.test.tsx > Card Component > Variants > should apply interactive variant classes
Error: Invalid Chai property: toHaveClass
 ❯ src/components/feedback/Card.test.tsx:42:18

 FAIL  src/components/feedback/Card.test.tsx > Card Component > Variants > should apply glass variant classes
Error: Invalid Chai property: toHaveClass
 ❯ src/components/feedback/Card.test.tsx:48:18

 FAIL  src/components/feedback/Card.test.tsx > Card Component > Animation > should apply animation classes when animated prop is true
Error: Invalid Chai property: toHaveClass
 ❯ src/components/feedback/Card.test.tsx:56:18

 FAIL  src/components/feedback/Card.test.tsx > Card Component > Padding > should apply no padding
Error: Invalid Chai property: toHaveClass
 ❯ src/components/feedback/Card.test.tsx:64:20

 FAIL  src/components/feedback/Card.test.tsx > Card Component > Padding > should apply small padding
Error: Invalid Chai property: toHaveClass
 ❯ src/components/feedback/Card.test.tsx:70:18

 FAIL  src/components/feedback/Card.test.tsx > Card Component > Padding > should apply medium padding
Error: Invalid Chai property: toHaveClass
 ❯ src/components/feedback/Card.test.tsx:76:18

 FAIL  src/components/feedback/Card.test.tsx > Card Component > Padding > should apply large padding
Error: Invalid Chai property: toHaveClass
 ❯ src/components/feedback/Card.test.tsx:82:18

 FAIL  src/components/feedback/Card.test.tsx > Card Component > Custom Props > should accept custom className
Error: Invalid Chai property: toHaveClass
 ❯ src/components/feedback/Card.test.tsx:90:18

 FAIL  src/components/feedback/Card.test.tsx > Card Component > Custom Props > should accept HTML div attributes
Error: Invalid Chai property: toHaveAttribute
 ❯ src/components/feedback/Card.test.tsx:102:18

 FAIL  src/components/feedback/Card.test.tsx > Card Component > Styling > should have rounded corners
Error: Invalid Chai property: toHaveClass
 ❯ src/components/feedback/Card.test.tsx:110:18

 FAIL  src/components/feedback/Card.test.tsx > CardHeader Component > should render header with children
Error: Invalid Chai property: toBeInTheDocument
 ❯ src/components/feedback/Card.test.tsx:118:46

 FAIL  src/components/feedback/Card.test.tsx > CardHeader Component > should have bottom margin
Error: Invalid Chai property: toHaveClass
 ❯ src/components/feedback/Card.test.tsx:124:18

 FAIL  src/components/feedback/Card.test.tsx > CardHeader Component > should accept custom className
Error: Invalid Chai property: toHaveClass
 ❯ src/components/feedback/Card.test.tsx:130:18

 FAIL  src/components/feedback/Card.test.tsx > CardTitle Component > should render title with children
Error: Invalid Chai property: toBeInTheDocument
 ❯ src/components/feedback/Card.test.tsx:143:42

 FAIL  src/components/feedback/Card.test.tsx > CardTitle Component > should render as h3 element
Error: Invalid Chai property: toBeInTheDocument
 ❯ src/components/feedback/Card.test.tsx:149:17

 FAIL  src/components/feedback/Card.test.tsx > CardTitle Component > should have title styling
Error: Invalid Chai property: toHaveClass
 ❯ src/components/feedback/Card.test.tsx:155:17

 FAIL  src/components/feedback/Card.test.tsx > CardDescription Component > should render description with children
Error: Invalid Chai property: toBeInTheDocument
 ❯ src/components/feedback/Card.test.tsx:168:48

 FAIL  src/components/feedback/Card.test.tsx > CardDescription Component > should render as paragraph element
Error: Invalid Chai property: toBeInTheDocument
 ❯ src/components/feedback/Card.test.tsx:174:23

 FAIL  src/components/feedback/Card.test.tsx > CardDescription Component > should have description styling
Error: Invalid Chai property: toHaveClass
 ❯ src/components/feedback/Card.test.tsx:180:23

 FAIL  src/components/feedback/Card.test.tsx > CardContent Component > should render content with children
Error: Invalid Chai property: toBeInTheDocument
 ❯ src/components/feedback/Card.test.tsx:193:44

 FAIL  src/components/feedback/Card.test.tsx > CardContent Component > should accept custom className
Error: Invalid Chai property: toHaveClass
 ❯ src/components/feedback/Card.test.tsx:199:19

 FAIL  src/components/feedback/Card.test.tsx > CardFooter Component > should render footer with children
Error: Invalid Chai property: toBeInTheDocument
 ❯ src/components/feedback/Card.test.tsx:212:46

 FAIL  src/components/feedback/Card.test.tsx > CardFooter Component > should have top margin and border
Error: Invalid Chai property: toHaveClass
 ❯ src/components/feedback/Card.test.tsx:218:18

 FAIL  src/components/feedback/Card.test.tsx > CardFooter Component > should accept custom className
Error: Invalid Chai property: toHaveClass
 ❯ src/components/feedback/Card.test.tsx:224:18

 FAIL  src/components/feedback/Card.test.tsx > Card Composition > should render complete card with all subcomponents
Error: Invalid Chai property: toBeInTheDocument
 ❯ src/components/feedback/Card.test.tsx:247:42

 FAIL  src/components/feedback/ConfirmDialog.test.tsx > ConfirmDialog > debería renderizar cuando está abierto
Error: Invalid Chai property: toBeInTheDocument
 ❯ src/components/feedback/ConfirmDialog.test.tsx:24:49

 FAIL  src/components/feedback/ConfirmDialog.test.tsx > ConfirmDialog > NO debería renderizar cuando está cerrado
Error: Invalid Chai property: toBeInTheDocument
 ❯ src/components/feedback/ConfirmDialog.test.tsx:37:53

 FAIL  src/components/feedback/ConfirmDialog.test.tsx > ConfirmDialog > debería mostrar descripción cuando se proporciona
Error: Invalid Chai property: toBeInTheDocument
 ❯ src/components/feedback/ConfirmDialog.test.tsx:51:47

 FAIL  src/components/feedback/ConfirmDialog.test.tsx > ConfirmDialog > debería usar labels personalizados
Error: Invalid Chai property: toBeInTheDocument
 ❯ src/components/feedback/ConfirmDialog.test.tsx:104:40

 FAIL  src/components/feedback/ConfirmDialog.test.tsx > ConfirmDialog > debería aplicar variant danger
Error: Invalid Chai property: toHaveClass
 ❯ src/components/feedback/ConfirmDialog.test.tsx:120:25

 FAIL  src/components/feedback/DataTable.test.tsx > DataTable Component > Rendering > should render table
Error: Invalid Chai property: toBeInTheDocument
 ❯ src/components/feedback/DataTable.test.tsx:30:39

 FAIL  src/components/feedback/DataTable.test.tsx > DataTable Component > Rendering > should render all columns
Error: Invalid Chai property: toBeInTheDocument
 ❯ src/components/feedback/DataTable.test.tsx:35:38

 FAIL  src/components/feedback/DataTable.test.tsx > DataTable Component > Rendering > should render all rows
Error: Invalid Chai property: toBeInTheDocument
 ❯ src/components/feedback/DataTable.test.tsx:42:39

 FAIL  src/components/feedback/DataTable.test.tsx > DataTable Component > Rendering > should render cell values
Error: Invalid Chai property: toBeInTheDocument
 ❯ src/components/feedback/DataTable.test.tsx:49:36

 FAIL  src/components/feedback/DataTable.test.tsx > DataTable Component > Rendering > should render custom cell content
Error: Invalid Chai property: toBeInTheDocument
 ❯ src/components/feedback/DataTable.test.tsx:63:39

 FAIL  src/components/feedback/DataTable.test.tsx > DataTable Component > Loading State > should show spinner when loading
Error: Invalid Chai property: toBeInTheDocument
 ❯ src/components/feedback/DataTable.test.tsx:70:44

 FAIL  src/components/feedback/DataTable.test.tsx > DataTable Component > Loading State > should not show table when loading
Error: Invalid Chai property: toBeInTheDocument
 ❯ src/components/feedback/DataTable.test.tsx:75:43

 FAIL  src/components/feedback/DataTable.test.tsx > DataTable Component > Empty State > should show empty message when no data
Error: Invalid Chai property: toBeInTheDocument
 ❯ src/components/feedback/DataTable.test.tsx:82:51

 FAIL  src/components/feedback/DataTable.test.tsx > DataTable Component > Empty State > should show custom empty message
Error: Invalid Chai property: toBeInTheDocument
 ❯ src/components/feedback/DataTable.test.tsx:89:50

 FAIL  src/components/feedback/DataTable.test.tsx > DataTable Component > Empty State > should not show table when no data
Error: Invalid Chai property: toBeInTheDocument
 ❯ src/components/feedback/DataTable.test.tsx:94:43

 FAIL  src/components/feedback/DataTable.test.tsx > DataTable Component > Sorting > should show sort icons on sortable columns
Error: Invalid Chai property: toBeInTheDocument
 ❯ src/components/feedback/DataTable.test.tsx:102:24

 FAIL  src/components/feedback/DataTable.test.tsx > DataTable Component > Sorting > should not show sort icon on non-sortable columns
Error: Invalid Chai property: toHaveAttribute
 ❯ src/components/feedback/DataTable.test.tsx:108:26

 FAIL  src/components/feedback/DataTable.test.tsx > DataTable Component > Sorting > should sort ascending on first click
Error: Invalid Chai property: toBeInTheDocument
 ❯ src/components/feedback/DataTable.test.tsx:119:48

 FAIL  src/components/feedback/DataTable.test.tsx > DataTable Component > Sorting > should sort descending on second click
Error: Invalid Chai property: toBeInTheDocument
 ❯ src/components/feedback/DataTable.test.tsx:133:50

 FAIL  src/components/feedback/DataTable.test.tsx > DataTable Component > Sorting > should clear sort on third click
Error: Invalid Chai property: toBeInTheDocument
 ❯ src/components/feedback/DataTable.test.tsx:149:48

 FAIL  src/components/feedback/DataTable.test.tsx > DataTable Component > Sorting > should sort numbers correctly
Error: Invalid Chai property: toBeInTheDocument
 ❯ src/components/feedback/DataTable.test.tsx:160:45

 FAIL  src/components/feedback/DataTable.test.tsx > DataTable Component > Selection > should show select all checkbox when selectable
Error: Invalid Chai property: toBeInTheDocument
 ❯ src/components/feedback/DataTable.test.tsx:169:49

 FAIL  src/components/feedback/DataTable.test.tsx > DataTable Component > Selection > should show row checkboxes when selectable
Error: Invalid Chai property: toBeInTheDocument
 ❯ src/components/feedback/DataTable.test.tsx:174:47

 FAIL  src/components/feedback/DataTable.test.tsx > DataTable Component > Selection > should highlight selected rows
Error: Invalid Chai property: toHaveClass
 ❯ src/components/feedback/DataTable.test.tsx:248:17

 FAIL  src/components/feedback/DataTable.test.tsx > DataTable Component > Row Click > should add cursor pointer when onRowClick provided
Error: Invalid Chai property: toHaveClass
 ❯ src/components/feedback/DataTable.test.tsx:298:17

 FAIL  src/components/feedback/DataTable.test.tsx > DataTable Component > Row Click > should not add cursor pointer when no onRowClick
Error: Invalid Chai property: toHaveClass
 ❯ src/components/feedback/DataTable.test.tsx:305:19

 FAIL  src/components/feedback/DataTable.test.tsx > DataTable Component > Column Alignment > should default to left alignment
Error: Invalid Chai property: toHaveClass
 ❯ src/components/feedback/DataTable.test.tsx:313:20

 FAIL  src/components/feedback/DataTable.test.tsx > DataTable Component > Column Alignment > should apply center alignment
Error: Invalid Chai property: toHaveClass
 ❯ src/components/feedback/DataTable.test.tsx:320:20

 FAIL  src/components/feedback/DataTable.test.tsx > DataTable Component > Column Alignment > should apply right alignment
Error: Invalid Chai property: toHaveClass
 ❯ src/components/feedback/DataTable.test.tsx:327:20

 FAIL  src/components/feedback/DataTable.test.tsx > DataTable Component > Column Width > should apply custom column width
Error: Invalid Chai property: toHaveStyle
 ❯ src/components/feedback/DataTable.test.tsx:336:20

 FAIL  src/components/feedback/DataTable.test.tsx > DataTable Component > Styling > should apply custom className
Error: Invalid Chai property: toHaveClass
 ❯ src/components/feedback/DataTable.test.tsx:345:34

 FAIL  src/components/feedback/DataTable.test.tsx > DataTable Component > Styling > should have hover styles on rows
Error: Invalid Chai property: toHaveClass
 ❯ src/components/feedback/DataTable.test.tsx:351:17

 FAIL  src/components/feedback/DataTable.test.tsx > DataTable Component > Styling > should have border and rounded corners
Error: Invalid Chai property: toHaveClass
 ❯ src/components/feedback/DataTable.test.tsx:358:34

 FAIL  src/components/feedback/DataTable.test.tsx > DataTable Component > Accessibility > should have table role
Error: Invalid Chai property: toBeInTheDocument
 ❯ src/components/feedback/DataTable.test.tsx:365:39

 FAIL  src/components/feedback/DataTable.test.tsx > DataTable Component > Accessibility > should have accessible select all label
Error: Invalid Chai property: toBeInTheDocument
 ❯ src/components/feedback/DataTable.test.tsx:370:49

 FAIL  src/components/feedback/DataTable.test.tsx > DataTable Component > Accessibility > should have accessible row select labels
Error: Invalid Chai property: toBeInTheDocument
 ❯ src/components/feedback/DataTable.test.tsx:376:58
 ❯ src/components/feedback/DataTable.test.tsx:375:16

 FAIL  src/components/feedback/DataTable.test.tsx > DataTable Component > Accessibility > should have table structure
Error: Invalid Chai property: toContainElement
 ❯ src/components/feedback/DataTable.test.tsx:382:39

 FAIL  src/components/feedback/DataTable.test.tsx > DataTable Component > Edge Cases > should handle empty columns array
Error: Invalid Chai property: toBeInTheDocument
 ❯ src/components/feedback/DataTable.test.tsx:389:39

 FAIL  src/components/feedback/DataTable.test.tsx > DataTable Component > Edge Cases > should handle missing column values
Error: Invalid Chai property: toBeInTheDocument
 ❯ src/components/feedback/DataTable.test.tsx:399:39

 FAIL  src/components/feedback/DataTable.test.tsx > DataTable Component > Edge Cases > should handle very large datasets
Error: Invalid Chai property: toBeInTheDocument
 ❯ src/components/feedback/DataTable.test.tsx:410:40

 FAIL  src/components/feedback/DataTable.test.tsx > DataTable Component > Edge Cases > should handle long cell content
Error: Invalid Chai property: toBeInTheDocument
 ❯ src/components/feedback/DataTable.test.tsx:424:48

 FAIL  src/components/feedback/DataTable.test.tsx > DataTable Component > Edge Cases > should handle special characters
Error: Invalid Chai property: toBeInTheDocument
 ❯ src/components/feedback/DataTable.test.tsx:437:48

 FAIL  src/components/feedback/Drawer.test.tsx > Drawer > renders when open
Error: Invalid Chai property: toBeInTheDocument
 ❯ src/components/feedback/Drawer.test.tsx:11:38

 FAIL  src/components/feedback/DropdownMenu.test.tsx > DropdownMenu Component > Rendering > should render trigger
Error: Invalid Chai property: toBeInTheDocument
 ❯ src/components/feedback/DropdownMenu.test.tsx:20:43

 FAIL  src/components/feedback/DropdownMenu.test.tsx > DropdownMenu Component > Rendering > should render children in portal when open
Error: Invalid Chai property: toBeInTheDocument
 ❯ src/components/feedback/DropdownMenu.test.tsx:29:38

 FAIL  src/components/feedback/DropdownMenu.test.tsx > DropdownMenu Component > Alignment > should default to end alignment
Error: Invalid Chai property: toBeInTheDocument
 ❯ src/components/feedback/DropdownMenu.test.tsx:40:40

 FAIL  src/components/feedback/DropdownMenu.test.tsx > DropdownMenu Component > Alignment > should accept start alignment
Error: Invalid Chai property: toBeInTheDocument
 ❯ src/components/feedback/DropdownMenu.test.tsx:49:40

 FAIL  src/components/feedback/DropdownMenu.test.tsx > DropdownMenu Component > Alignment > should accept center alignment
Error: Invalid Chai property: toBeInTheDocument
 ❯ src/components/feedback/DropdownMenu.test.tsx:58:40

 FAIL  src/components/feedback/DropdownMenu.test.tsx > DropdownMenu Component > Alignment > should accept end alignment explicitly
Error: Invalid Chai property: toBeInTheDocument
 ❯ src/components/feedback/DropdownMenu.test.tsx:67:40

 FAIL  src/components/feedback/DropdownMenu.test.tsx > DropdownMenu Component > Side Positioning > should default to bottom side
Error: Invalid Chai property: toBeInTheDocument
 ❯ src/components/feedback/DropdownMenu.test.tsx:78:40

 FAIL  src/components/feedback/DropdownMenu.test.tsx > DropdownMenu Component > Side Positioning > should accept top side
Error: Invalid Chai property: toBeInTheDocument
 ❯ src/components/feedback/DropdownMenu.test.tsx:87:40

 FAIL  src/components/feedback/DropdownMenu.test.tsx > DropdownMenu Component > Side Positioning > should accept right side
Error: Invalid Chai property: toBeInTheDocument
 ❯ src/components/feedback/DropdownMenu.test.tsx:96:40

 FAIL  src/components/feedback/DropdownMenu.test.tsx > DropdownMenu Component > Side Positioning > should accept left side
Error: Invalid Chai property: toBeInTheDocument
 ❯ src/components/feedback/DropdownMenu.test.tsx:105:40

 FAIL  src/components/feedback/DropdownMenu.test.tsx > DropdownMenu Component > Side Offset > should default to 4px sideOffset
Error: Invalid Chai property: toBeInTheDocument
 ❯ src/components/feedback/DropdownMenu.test.tsx:116:40

 FAIL  src/components/feedback/DropdownMenu.test.tsx > DropdownMenu Component > Side Offset > should accept custom sideOffset
Error: Invalid Chai property: toBeInTheDocument
 ❯ src/components/feedback/DropdownMenu.test.tsx:125:40

 FAIL  src/components/feedback/DropdownMenu.test.tsx > DropdownMenu Component > DropdownMenuItem > should render dropdown with items
Error: Invalid Chai property: toBeInTheDocument
 ❯ src/components/feedback/DropdownMenu.test.tsx:137:58

 FAIL  src/components/feedback/DropdownMenu.test.tsx > DropdownMenu Component > DropdownMenuItem > should render multiple items
Error: Invalid Chai property: toBeInTheDocument
 ❯ src/components/feedback/DropdownMenu.test.tsx:148:58

 FAIL  src/components/feedback/DropdownMenu.test.tsx > DropdownMenu Component > DropdownMenuItem > should support custom styling
Error: Invalid Chai property: toBeInTheDocument
 ❯ src/components/feedback/DropdownMenu.test.tsx:158:40

 FAIL  src/components/feedback/DropdownMenu.test.tsx > DropdownMenu Component > DropdownMenuItem > should be keyboard navigable via trigger
Error: Invalid Chai property: toBeInTheDocument
 ❯ src/components/feedback/DropdownMenu.test.tsx:168:21

 FAIL  src/components/feedback/DropdownMenu.test.tsx > DropdownMenu Component > DropdownMenuItem > should support disabled items
Error: Invalid Chai property: toBeInTheDocument
 ❯ src/components/feedback/DropdownMenu.test.tsx:178:40

 FAIL  src/components/feedback/DropdownMenu.test.tsx > DropdownMenu Component > DropdownMenuSeparator > should render separator
Error: Invalid Chai property: toBeInTheDocument
 ❯ src/components/feedback/DropdownMenu.test.tsx:185:34

 FAIL  src/components/feedback/DropdownMenu.test.tsx > DropdownMenu Component > DropdownMenuLabel > should render label
Error: Invalid Chai property: toBeInTheDocument
 ❯ src/components/feedback/DropdownMenu.test.tsx:192:47

 FAIL  src/components/feedback/DropdownMenu.test.tsx > DropdownMenu Component > DropdownMenuGroup > should render group structure
Error: Invalid Chai property: toBeInTheDocument
 ❯ src/components/feedback/DropdownMenu.test.tsx:207:58

 FAIL  src/components/feedback/DropdownMenu.test.tsx > DropdownMenu Component > Complete Menu Structure > should render complete menu structure
Error: Invalid Chai property: toBeInTheDocument
 ❯ src/components/feedback/DropdownMenu.test.tsx:227:41

 FAIL  src/components/feedback/DropdownMenu.test.tsx > DropdownMenu Component > Accessibility > should have accessible trigger
Error: Invalid Chai property: toBeInTheDocument
 ❯ src/components/feedback/DropdownMenu.test.tsx:238:48

 FAIL  src/components/feedback/DropdownMenu.test.tsx > DropdownMenu Component > Accessibility > should support keyboard navigation on trigger
Error: Invalid Chai property: toBeInTheDocument
 ❯ src/components/feedback/DropdownMenu.test.tsx:248:21

 FAIL  src/components/feedback/DropdownMenu.test.tsx > DropdownMenu Component > Animation > should have animation classes
Error: Invalid Chai property: toBeInTheDocument
 ❯ src/components/feedback/DropdownMenu.test.tsx:260:40

 FAIL  src/components/feedback/DropdownMenu.test.tsx > DropdownMenu Component > Edge Cases > should handle empty children
Error: Invalid Chai property: toBeInTheDocument
 ❯ src/components/feedback/DropdownMenu.test.tsx:267:44

 FAIL  src/components/feedback/DropdownMenu.test.tsx > DropdownMenu Component > Edge Cases > should handle single item
Error: Invalid Chai property: toBeInTheDocument
 ❯ src/components/feedback/DropdownMenu.test.tsx:276:58

 FAIL  src/components/feedback/DropdownMenu.test.tsx > DropdownMenu Component > Edge Cases > should handle many items
Error: Invalid Chai property: toBeInTheDocument
 ❯ src/components/feedback/DropdownMenu.test.tsx:287:58

 FAIL  src/components/feedback/DropdownMenu.test.tsx > DropdownMenu Component > Custom Trigger > should work with custom trigger element
Error: Invalid Chai property: toBeInTheDocument
 ❯ src/components/feedback/DropdownMenu.test.tsx:298:40

 FAIL  src/components/feedback/DropdownMenu.test.tsx > DropdownMenu Component > Custom Trigger > should work with icon trigger
Error: Invalid Chai property: toBeInTheDocument
 ❯ src/components/feedback/DropdownMenu.test.tsx:307:43

 FAIL  src/components/feedback/EmptyState.test.tsx > EmptyState Component > Rendering > should render title
Error: Invalid Chai property: toBeInTheDocument
 ❯ src/components/feedback/EmptyState.test.tsx:9:47

 FAIL  src/components/feedback/EmptyState.test.tsx > EmptyState Component > Rendering > should render description when provided
Error: Invalid Chai property: toBeInTheDocument
 ❯ src/components/feedback/EmptyState.test.tsx:14:60

 FAIL  src/components/feedback/EmptyState.test.tsx > EmptyState Component > Rendering > should render icon when provided
Error: Invalid Chai property: toBeInTheDocument
 ❯ src/components/feedback/EmptyState.test.tsx:19:47

 FAIL  src/components/feedback/EmptyState.test.tsx > EmptyState Component > Rendering > should render action button when provided
Error: Invalid Chai property: toBeInTheDocument
 ❯ src/components/feedback/EmptyState.test.tsx:24:62

 FAIL  src/components/feedback/EmptyState.test.tsx > EmptyState Component > Layout > should have centered flex layout
Error: Invalid Chai property: toHaveClass
 ❯ src/components/feedback/EmptyState.test.tsx:32:24

 FAIL  src/components/feedback/EmptyState.test.tsx > EmptyState Component > Layout > should have text-center class
Error: Invalid Chai property: toHaveClass
 ❯ src/components/feedback/EmptyState.test.tsx:38:24

 FAIL  src/components/feedback/EmptyState.test.tsx > EmptyState Component > Layout > should have padding
Error: Invalid Chai property: toHaveClass
 ❯ src/components/feedback/EmptyState.test.tsx:44:24

 FAIL  src/components/feedback/EmptyState.test.tsx > EmptyState Component > Styling > should apply custom className
Error: Invalid Chai property: toHaveClass
 ❯ src/components/feedback/EmptyState.test.tsx:52:24

 FAIL  src/components/feedback/EmptyState.test.tsx > EmptyState Component > Styling > should style title as heading
Error: Invalid Chai property: toHaveClass
 ❯ src/components/feedback/EmptyState.test.tsx:59:19

 FAIL  src/components/feedback/EmptyState.test.tsx > EmptyState Component > Styling > should style description with secondary color
Error: Invalid Chai property: toHaveClass
 ❯ src/components/feedback/EmptyState.test.tsx:65:25

 FAIL  src/components/feedback/EmptyState.test.tsx > EmptyState Component > Styling > should style icon container
Error: Invalid Chai property: toBeInTheDocument
 ❯ src/components/feedback/EmptyState.test.tsx:71:27

 FAIL  src/components/feedback/EmptyState.test.tsx > EmptyState Component > Content Structure > should render action after content
Error: Invalid Chai property: toBeInTheDocument
 ❯ src/components/feedback/EmptyState.test.tsx:112:20

 FAIL  src/components/feedback/EmptyState.test.tsx > EmptyState Component > Typography > should have proper heading size
Error: Invalid Chai property: toHaveClass
 ❯ src/components/feedback/EmptyState.test.tsx:120:19

 FAIL  src/components/feedback/EmptyState.test.tsx > EmptyState Component > Typography > should have proper description size
Error: Invalid Chai property: toHaveClass
 ❯ src/components/feedback/EmptyState.test.tsx:126:25

 FAIL  src/components/feedback/EmptyState.test.tsx > EmptyState Component > Typography > should limit description width
Error: Invalid Chai property: toHaveClass
 ❯ src/components/feedback/EmptyState.test.tsx:132:25

 FAIL  src/components/feedback/EmptyState.test.tsx > EmptyState Component > Edge Cases > should render without description
Error: Invalid Chai property: toBeInTheDocument
 ❯ src/components/feedback/EmptyState.test.tsx:139:45

 FAIL  src/components/feedback/EmptyState.test.tsx > EmptyState Component > Edge Cases > should render without icon
Error: Invalid Chai property: toBeInTheDocument
 ❯ src/components/feedback/EmptyState.test.tsx:146:29

 FAIL  src/components/feedback/EmptyState.test.tsx > EmptyState Component > Edge Cases > should render without action
Error: Invalid Chai property: toBeInTheDocument
 ❯ src/components/feedback/EmptyState.test.tsx:151:44

 FAIL  src/components/feedback/EmptyState.test.tsx > EmptyState Component > Edge Cases > should handle all props together
Error: Invalid Chai property: toBeInTheDocument
 ❯ src/components/feedback/EmptyState.test.tsx:165:42

 FAIL  src/components/feedback/EmptyState.test.tsx > EmptyState Component > Spacing > should have margin between title and description
Error: Invalid Chai property: toHaveClass
 ❯ src/components/feedback/EmptyState.test.tsx:176:19

 FAIL  src/components/feedback/EmptyState.test.tsx > EmptyState Component > Spacing > should have margin between description and action
Error: Invalid Chai property: toHaveClass
 ❯ src/components/feedback/EmptyState.test.tsx:182:25

 FAIL  src/components/feedback/EmptyState.test.tsx > EmptyState Component > Spacing > should have margin on action container
Error: Invalid Chai property: toBeInTheDocument
 ❯ src/components/feedback/EmptyState.test.tsx:188:29

 FAIL  src/components/feedback/ErrorState.test.tsx > ErrorState > Basic Rendering > should render with title
Error: Invalid Chai property: toBeInTheDocument
 ❯ src/components/feedback/ErrorState.test.tsx:10:39

 FAIL  src/components/feedback/ErrorState.test.tsx > ErrorState > Basic Rendering > should render with description
Error: Invalid Chai property: toBeInTheDocument
 ❯ src/components/feedback/ErrorState.test.tsx:17:54

 FAIL  src/components/feedback/ErrorState.test.tsx > ErrorState > Basic Rendering > should render with action text
Error: Invalid Chai property: toBeInTheDocument
 ❯ src/components/feedback/ErrorState.test.tsx:23:49

 FAIL  src/components/feedback/ErrorState.test.tsx > ErrorState > Retry Button > should render retry button when onRetry is provided
Error: Invalid Chai property: toBeInTheDocument
 ❯ src/components/feedback/ErrorState.test.tsx:32:65

 FAIL  src/components/feedback/ErrorState.test.tsx > ErrorState > Retry Button > should show retrying state
Error: Invalid Chai property: toBeInTheDocument
 ❯ src/components/feedback/ErrorState.test.tsx:47:67

 FAIL  src/components/feedback/ErrorState.test.tsx > ErrorState > Retry Button > should use custom retry text
Error: Invalid Chai property: toBeInTheDocument
 ❯ src/components/feedback/ErrorState.test.tsx:54:64

 FAIL  src/components/feedback/ErrorState.test.tsx > ErrorState > Secondary Action > should render secondary action button when provided
Error: Invalid Chai property: toBeInTheDocument
 ❯ src/components/feedback/ErrorState.test.tsx:69:62

 FAIL  src/components/feedback/ErrorState.test.tsx > ErrorState > Variants > should apply error variant by default
Error: Invalid Chai property: toBeInTheDocument
 ❯ src/components/feedback/ErrorState.test.tsx:92:57

 FAIL  src/components/feedback/ErrorState.test.tsx > ErrorState > Variants > should apply warning variant
Error: Invalid Chai property: toBeInTheDocument
 ❯ src/components/feedback/ErrorState.test.tsx:98:59

 FAIL  src/components/feedback/ErrorState.test.tsx > ErrorState > Variants > should apply info variant
Error: Invalid Chai property: toBeInTheDocument
 ❯ src/components/feedback/ErrorState.test.tsx:104:56

 FAIL  src/components/feedback/ErrorState.test.tsx > ErrorState > Variants > should apply network variant
Error: Invalid Chai property: toBeInTheDocument
 ❯ src/components/feedback/ErrorState.test.tsx:110:57

 FAIL  src/components/feedback/ErrorState.test.tsx > ErrorState > Sizes > should apply small size
Error: Invalid Chai property: toBeInTheDocument
 ❯ src/components/feedback/ErrorState.test.tsx:118:45

 FAIL  src/components/feedback/ErrorState.test.tsx > ErrorState > Sizes > should apply medium size (default)
Error: Invalid Chai property: toBeInTheDocument
 ❯ src/components/feedback/ErrorState.test.tsx:124:45

 FAIL  src/components/feedback/ErrorState.test.tsx > ErrorState > Sizes > should apply large size
Error: Invalid Chai property: toBeInTheDocument
 ❯ src/components/feedback/ErrorState.test.tsx:130:45

 FAIL  src/components/feedback/ErrorState.test.tsx > ErrorState > Request ID > should not show request ID in production by default
Error: Invalid Chai property: toBeInTheDocument
 ❯ src/components/feedback/ErrorState.test.tsx:141:49

 FAIL  src/components/feedback/ErrorState.test.tsx > ErrorState > Request ID > should show request ID when showRequestId is true
Error: Invalid Chai property: toBeInTheDocument
 ❯ src/components/feedback/ErrorState.test.tsx:149:40

 FAIL  src/components/feedback/ErrorState.test.tsx > ErrorState > Children > should render children content
Error: Invalid Chai property: toBeInTheDocument
 ❯ src/components/feedback/ErrorState.test.tsx:161:68

 FAIL  src/components/feedback/ErrorState.test.tsx > ErrorState > Accessibility > should have role="alert"
Error: Invalid Chai property: toBeInTheDocument
 ❯ src/components/feedback/ErrorState.test.tsx:169:39

 FAIL  src/components/feedback/ErrorState.test.tsx > ErrorState > Accessibility > should have aria-live="polite"
Error: Invalid Chai property: toHaveAttribute
 ❯ src/components/feedback/ErrorState.test.tsx:175:39

 FAIL  src/components/feedback/ErrorState.test.tsx > InlineErrorState > should render message
Error: Invalid Chai property: toBeInTheDocument
 ❯ src/components/feedback/ErrorState.test.tsx:184:52

 FAIL  src/components/feedback/ErrorState.test.tsx > InlineErrorState > should render retry button when onRetry is provided
Error: Invalid Chai property: toBeInTheDocument
 ❯ src/components/feedback/ErrorState.test.tsx:191:38

 FAIL  src/components/feedback/ErrorState.test.tsx > InlineErrorState > should show loading state when retrying
Error: Invalid Chai property: toBeDisabled
 ❯ src/components/feedback/ErrorState.test.tsx:206:38

 FAIL  src/components/feedback/ErrorState.test.tsx > InlineErrorState > should have role="alert"
Error: Invalid Chai property: toBeInTheDocument
 ❯ src/components/feedback/ErrorState.test.tsx:212:37

 FAIL  src/components/feedback/Modal.test.tsx > Modal Component > Rendering > should render modal content when open
Error: Invalid Chai property: toBeInTheDocument
 ❯ src/components/feedback/Modal.test.tsx:14:44

 FAIL  src/components/feedback/Modal.test.tsx > Modal Component > Rendering > should not render modal content when closed
Error: Invalid Chai property: toBeInTheDocument
 ❯ src/components/feedback/Modal.test.tsx:24:48

 FAIL  src/components/feedback/Modal.test.tsx > Modal Component > Rendering > should render with title
Error: Invalid Chai property: toBeInTheDocument
 ❯ src/components/feedback/Modal.test.tsx:33:45

 FAIL  src/components/feedback/Modal.test.tsx > Modal Component > Rendering > should render with description
Error: Invalid Chai property: toBeInTheDocument
 ❯ src/components/feedback/Modal.test.tsx:42:55

 FAIL  src/components/feedback/Modal.test.tsx > Modal Component > Rendering > should render children
Error: Invalid Chai property: toBeInTheDocument
 ❯ src/components/feedback/Modal.test.tsx:51:50

 FAIL  src/components/feedback/Modal.test.tsx > Modal Component > Rendering > should render close button
Error: Invalid Chai property: toBeInTheDocument
 ❯ src/components/feedback/Modal.test.tsx:60:60

 FAIL  src/components/feedback/Modal.test.tsx > Modal Component > Rendering > should render trigger when provided
Error: Invalid Chai property: toBeInTheDocument
 ❯ src/components/feedback/Modal.test.tsx:69:44

 FAIL  src/components/feedback/Modal.test.tsx > Modal Component > Sizes > should apply small size classes
Error: Invalid Chai property: toHaveClass
 ❯ src/components/feedback/Modal.test.tsx:81:20

 FAIL  src/components/feedback/Modal.test.tsx > Modal Component > Sizes > should apply medium size classes (default)
Error: Invalid Chai property: toHaveClass
 ❯ src/components/feedback/Modal.test.tsx:91:20

 FAIL  src/components/feedback/Modal.test.tsx > Modal Component > Sizes > should apply large size classes
Error: Invalid Chai property: toHaveClass
 ❯ src/components/feedback/Modal.test.tsx:101:20

 FAIL  src/components/feedback/Modal.test.tsx > Modal Component > Sizes > should apply full size classes
Error: Invalid Chai property: toHaveClass
 ❯ src/components/feedback/Modal.test.tsx:111:20

 FAIL  src/components/feedback/Modal.test.tsx > Modal Component > Overlay > should render backdrop overlay when open
Error: Invalid Chai property: toBeInTheDocument
 ❯ src/components/feedback/Modal.test.tsx:141:40

 FAIL  src/components/feedback/Modal.test.tsx > Modal Component > Accessibility > should have role="dialog"
Error: Invalid Chai property: toBeInTheDocument
 ❯ src/components/feedback/Modal.test.tsx:152:40

 FAIL  src/components/feedback/Modal.test.tsx > Modal Component > Accessibility > should have close button with accessible label
Error: Invalid Chai property: toBeInTheDocument
 ❯ src/components/feedback/Modal.test.tsx:161:60

 FAIL  src/components/feedback/Modal.test.tsx > Modal Component > Accessibility > should focus close button
Error: Invalid Chai property: toHaveClass
 ❯ src/components/feedback/Modal.test.tsx:171:25

 FAIL  src/components/feedback/Modal.test.tsx > Modal Component > ModalHeader > should render ModalHeader
Error: Invalid Chai property: toBeInTheDocument
 ❯ src/components/feedback/Modal.test.tsx:178:48

 FAIL  src/components/feedback/Modal.test.tsx > Modal Component > ModalHeader > should apply styling classes
Error: Invalid Chai property: toHaveClass
 ❯ src/components/feedback/Modal.test.tsx:184:20

 FAIL  src/components/feedback/Modal.test.tsx > Modal Component > ModalFooter > should render ModalFooter
Error: Invalid Chai property: toBeInTheDocument
 ❯ src/components/feedback/Modal.test.tsx:191:48

 FAIL  src/components/feedback/Modal.test.tsx > Modal Component > ModalFooter > should apply styling classes
Error: Invalid Chai property: toHaveClass
 ❯ src/components/feedback/Modal.test.tsx:197:20

 FAIL  src/components/feedback/Modal.test.tsx > Modal Component > ModalTitle > should render ModalTitle in modal context
Error: Invalid Chai property: toBeInTheDocument
 ❯ src/components/feedback/Modal.test.tsx:208:39

 FAIL  src/components/feedback/Modal.test.tsx > Modal Component > ModalTitle > should apply styling classes
Error: Invalid Chai property: toHaveClass
 ❯ src/components/feedback/Modal.test.tsx:218:19

 FAIL  src/components/feedback/Modal.test.tsx > Modal Component > ModalDescription > should render ModalDescription in modal context
Error: Invalid Chai property: toBeInTheDocument
 ❯ src/components/feedback/Modal.test.tsx:229:45

 FAIL  src/components/feedback/Modal.test.tsx > Modal Component > ModalDescription > should apply styling classes
Error: Invalid Chai property: toHaveClass
 ❯ src/components/feedback/Modal.test.tsx:239:25

 FAIL  src/components/feedback/Modal.test.tsx > Modal Component > ModalContent > should render ModalContent
Error: Invalid Chai property: toBeInTheDocument
 ❯ src/components/feedback/Modal.test.tsx:246:49

 FAIL  src/components/feedback/Modal.test.tsx > Modal Component > ModalContent > should apply flex-1 class
Error: Invalid Chai property: toHaveClass
 ❯ src/components/feedback/Modal.test.tsx:252:21

 FAIL  src/components/feedback/Modal.test.tsx > Modal Component > Edge Cases > should handle no title or description
Error: Invalid Chai property: toBeInTheDocument
 ❯ src/components/feedback/Modal.test.tsx:263:46

 FAIL  src/components/feedback/Modal.test.tsx > Modal Component > Edge Cases > should handle long content
Error: Invalid Chai property: toBeInTheDocument
 ❯ src/components/feedback/Modal.test.tsx:275:28

 FAIL  src/components/feedback/Modal.test.tsx > Modal Component > Edge Cases > should handle controlled state
Error: Invalid Chai property: toBeInTheDocument
 ❯ src/components/feedback/Modal.test.tsx:286:45

 FAIL  src/components/feedback/Modal.test.tsx > Modal Component > Positioning > should center modal on screen
Error: Invalid Chai property: toHaveClass
 ❯ src/components/feedback/Modal.test.tsx:306:20

 FAIL  src/components/feedback/Modal.test.tsx > Modal Component > Animation Classes > should have animation classes
Error: Invalid Chai property: toHaveClass
 ❯ src/components/feedback/Modal.test.tsx:323:20

 FAIL  src/components/feedback/ProgressBar.test.tsx > ProgressBar > Basic Rendering > should render with default props
Error: Invalid Chai property: toBeInTheDocument
 ❯ src/components/feedback/ProgressBar.test.tsx:11:25

 FAIL  src/components/feedback/ProgressBar.test.tsx > ProgressBar > Basic Rendering > should clamp value between 0 and max
Error: Invalid Chai property: toHaveAttribute
 ❯ src/components/feedback/ProgressBar.test.tsx:19:45

 FAIL  src/components/feedback/ProgressBar.test.tsx > ProgressBar > Basic Rendering > should respect custom max value
Error: Invalid Chai property: toHaveAttribute
 ❯ src/components/feedback/ProgressBar.test.tsx:29:25

 FAIL  src/components/feedback/ProgressBar.test.tsx > ProgressBar > Label > should show percentage label when showLabel is true
Error: Invalid Chai property: toBeInTheDocument
 ❯ src/components/feedback/ProgressBar.test.tsx:38:37

 FAIL  src/components/feedback/ProgressBar.test.tsx > ProgressBar > Label > should show custom label when provided
Error: Invalid Chai property: toBeInTheDocument
 ❯ src/components/feedback/ProgressBar.test.tsx:45:46

 FAIL  src/components/feedback/ProgressBar.test.tsx > ProgressBar > Label > should not show label by default
Error: Invalid Chai property: toBeInTheDocument
 ❯ src/components/feedback/ProgressBar.test.tsx:51:41

 FAIL  src/components/feedback/ProgressBar.test.tsx > ProgressBar > Variants > should apply default variant classes
Error: Invalid Chai property: toBeInTheDocument
 ❯ src/components/feedback/ProgressBar.test.tsx:60:18

 FAIL  src/components/feedback/ProgressBar.test.tsx > ProgressBar > Variants > should apply success variant classes
Error: Invalid Chai property: toBeInTheDocument
 ❯ src/components/feedback/ProgressBar.test.tsx:67:18

 FAIL  src/components/feedback/ProgressBar.test.tsx > ProgressBar > Variants > should apply error variant classes
Error: Invalid Chai property: toBeInTheDocument
 ❯ src/components/feedback/ProgressBar.test.tsx:74:18

 FAIL  src/components/feedback/ProgressBar.test.tsx > ProgressBar > Sizes > should apply small size
Error: Invalid Chai property: toBeInTheDocument
 ❯ src/components/feedback/ProgressBar.test.tsx:83:19

 FAIL  src/components/feedback/ProgressBar.test.tsx > ProgressBar > Sizes > should apply medium size (default)
Error: Invalid Chai property: toBeInTheDocument
 ❯ src/components/feedback/ProgressBar.test.tsx:90:19

 FAIL  src/components/feedback/ProgressBar.test.tsx > ProgressBar > Sizes > should apply large size
Error: Invalid Chai property: toBeInTheDocument
 ❯ src/components/feedback/ProgressBar.test.tsx:97:19

 FAIL  src/components/feedback/ProgressBar.test.tsx > ProgressBar > Indeterminate > should not have aria-valuenow when indeterminate
Error: Invalid Chai property: toHaveAttribute
 ❯ src/components/feedback/ProgressBar.test.tsx:106:27

 FAIL  src/components/feedback/ProgressBar.test.tsx > ProgressBar > Indeterminate > should apply indeterminate animation class
Error: Invalid Chai property: toBeInTheDocument
 ❯ src/components/feedback/ProgressBar.test.tsx:113:18

 FAIL  src/components/feedback/ProgressBar.test.tsx > ProgressBar > Animation > should have transition class when animated (default)
Error: Invalid Chai property: toBeInTheDocument
 ❯ src/components/feedback/ProgressBar.test.tsx:122:18

 FAIL  src/components/feedback/ProgressBar.test.tsx > ProgressBar > Animation > should not have transition class when animated=false
Error: Invalid Chai property: toBeInTheDocument
 ❯ src/components/feedback/ProgressBar.test.tsx:129:20

 FAIL  src/components/feedback/ProgressBar.test.tsx > ProgressBar > Striped > should apply striped class when striped is true
Error: Invalid Chai property: toBeInTheDocument
 ❯ src/components/feedback/ProgressBar.test.tsx:138:18

 FAIL  src/components/feedback/ProgressBar.test.tsx > ProgressBar > Custom Props > should accept custom className
Error: Invalid Chai property: toHaveClass
 ❯ src/components/feedback/ProgressBar.test.tsx:146:34

 FAIL  src/components/feedback/ProgressBar.test.tsx > ProgressBarWithStatus > should render progress bar with status message
Error: Invalid Chai property: toBeInTheDocument
 ❯ src/components/feedback/ProgressBar.test.tsx:162:43

 FAIL  src/components/feedback/ProgressBar.test.tsx > ProgressBarWithStatus > should render details when provided
Error: Invalid Chai property: toBeInTheDocument
 ❯ src/components/feedback/ProgressBar.test.tsx:169:44

 FAIL  src/components/feedback/ProgressBar.test.tsx > ProgressBarWithStatus > should render both status and details
Error: Invalid Chai property: toBeInTheDocument
 ❯ src/components/feedback/ProgressBar.test.tsx:175:44

 FAIL  src/components/feedback/ProgressBar.test.tsx > CircularProgress > should render with default props
Error: Invalid Chai property: toBeInTheDocument
 ❯ src/components/feedback/ProgressBar.test.tsx:185:23

 FAIL  src/components/feedback/ProgressBar.test.tsx > CircularProgress > should show label when showLabel is true
Error: Invalid Chai property: toBeInTheDocument
 ❯ src/components/feedback/ProgressBar.test.tsx:192:35

 FAIL  src/components/feedback/ProgressBar.test.tsx > CircularProgress > should not show label when indeterminate
Error: Invalid Chai property: toBeInTheDocument
 ❯ src/components/feedback/ProgressBar.test.tsx:198:39

 FAIL  src/components/feedback/ProgressBar.test.tsx > CircularProgress > should apply spin animation when indeterminate
Error: Invalid Chai property: toHaveClass
 ❯ src/components/feedback/ProgressBar.test.tsx:205:15

 FAIL  src/components/feedback/ProgressBar.test.tsx > CircularProgress > should accept custom size
Error: Invalid Chai property: toHaveAttribute
 ❯ src/components/feedback/ProgressBar.test.tsx:212:15

 FAIL  src/components/feedback/ProgressBar.test.tsx > CircularProgress > should clamp value between 0 and 100
Error: Invalid Chai property: toHaveAttribute
 ❯ src/components/feedback/ProgressBar.test.tsx:218:43

 FAIL  src/components/feedback/Skeleton.test.tsx > Skeleton > Basic Rendering > should render with default props
Error: Invalid Chai property: toBeInTheDocument
 ❯ src/components/feedback/Skeleton.test.tsx:11:22

 FAIL  src/components/feedback/Skeleton.test.tsx > Skeleton > Basic Rendering > should be hidden from accessibility tree
Error: Invalid Chai property: toHaveAttribute
 ❯ src/components/feedback/Skeleton.test.tsx:20:22

 FAIL  src/components/feedback/Skeleton.test.tsx > Skeleton > Variants > should render text variant by default
Error: Invalid Chai property: toHaveClass
 ❯ src/components/feedback/Skeleton.test.tsx:29:22

 FAIL  src/components/feedback/Skeleton.test.tsx > Skeleton > Variants > should render circle variant
Error: Invalid Chai property: toHaveClass
 ❯ src/components/feedback/Skeleton.test.tsx:37:22

 FAIL  src/components/feedback/Skeleton.test.tsx > Skeleton > Variants > should render rectangle variant
Error: Invalid Chai property: toHaveClass
 ❯ src/components/feedback/Skeleton.test.tsx:44:22

 FAIL  src/components/feedback/Skeleton.test.tsx > Skeleton > Multiple Lines > should make last line shorter for natural appearance
Error: Invalid Chai property: toHaveStyle
 ❯ src/components/feedback/Skeleton.test.tsx:83:24

 FAIL  src/components/feedback/Skeleton.test.tsx > Skeleton > Animation > should animate by default
Error: Invalid Chai property: toHaveClass
 ❯ src/components/feedback/Skeleton.test.tsx:94:22

 FAIL  src/components/feedback/Skeleton.test.tsx > Skeleton > Animation > should not animate when animation=none
Error: Invalid Chai property: toHaveClass
 ❯ src/components/feedback/Skeleton.test.tsx:101:24

 FAIL  src/components/feedback/Skeleton.test.tsx > Skeleton > Animation > should support deprecated animate prop for backward compatibility
Error: Invalid Chai property: toHaveClass
 ❯ src/components/feedback/Skeleton.test.tsx:109:24

 FAIL  src/components/feedback/Skeleton.test.tsx > Skeleton > Custom Props > should accept custom className
Error: Invalid Chai property: toHaveClass
 ❯ src/components/feedback/Skeleton.test.tsx:119:22

 FAIL  src/components/feedback/Skeleton.test.tsx > SkeletonGroup > should render children
Error: Invalid Chai property: toBeInTheDocument
 ❯ src/components/feedback/Skeleton.test.tsx:140:40

 FAIL  src/components/feedback/Skeleton.test.tsx > SkeletonGroup > should apply row direction by default
Error: Invalid Chai property: toHaveClass
 ❯ src/components/feedback/Skeleton.test.tsx:151:32

 FAIL  src/components/feedback/Skeleton.test.tsx > SkeletonGroup > should apply column direction when specified
Error: Invalid Chai property: toHaveClass
 ❯ src/components/feedback/Skeleton.test.tsx:161:32

 FAIL  src/components/feedback/Skeleton.test.tsx > SkeletonGroup > should apply gap classes
Error: Invalid Chai property: toHaveClass
 ❯ src/components/feedback/Skeleton.test.tsx:171:32

 FAIL  src/components/feedback/Skeleton.test.tsx > SkeletonCard > should render with avatar when showAvatar=true
Error: Invalid Chai property: toBeInTheDocument
 ❯ src/components/feedback/Skeleton.test.tsx:180:18

 FAIL  src/components/feedback/Skeleton.test.tsx > SkeletonCard > should hide avatar when showAvatar=false
Error: Invalid Chai property: toBeInTheDocument
 ❯ src/components/feedback/Skeleton.test.tsx:187:20

 FAIL  src/components/feedback/Spinner.test.tsx > Spinner Component > Rendering > should render spinner
Error: Invalid Chai property: toBeInTheDocument
 ❯ src/components/feedback/Spinner.test.tsx:10:44

 FAIL  src/components/feedback/Spinner.test.tsx > Spinner Component > Rendering > should have accessible label
Error: Invalid Chai property: toHaveClass
 ❯ src/components/feedback/Spinner.test.tsx:16:19

 FAIL  src/components/feedback/Spinner.test.tsx > Spinner Component > Sizes > should apply small size classes
Error: Invalid Chai property: toHaveClass
 ❯ src/components/feedback/Spinner.test.tsx:24:21

 FAIL  src/components/feedback/Spinner.test.tsx > Spinner Component > Sizes > should apply medium size classes (default)
Error: Invalid Chai property: toHaveClass
 ❯ src/components/feedback/Spinner.test.tsx:30:21

 FAIL  src/components/feedback/Spinner.test.tsx > Spinner Component > Sizes > should apply large size classes
Error: Invalid Chai property: toHaveClass
 ❯ src/components/feedback/Spinner.test.tsx:36:21

 FAIL  src/components/feedback/Spinner.test.tsx > Spinner Component > Styling > should have animation classes
Error: Invalid Chai property: toHaveClass
 ❯ src/components/feedback/Spinner.test.tsx:44:21

 FAIL  src/components/feedback/Spinner.test.tsx > Spinner Component > Styling > should have border styles
Error: Invalid Chai property: toHaveClass
 ❯ src/components/feedback/Spinner.test.tsx:50:21

 FAIL  src/components/feedback/Spinner.test.tsx > Spinner Component > Styling > should accept custom className
Error: Invalid Chai property: toHaveClass
 ❯ src/components/feedback/Spinner.test.tsx:56:21

 FAIL  src/components/feedback/Spinner.test.tsx > Spinner Component > Accessibility > should have sr-only loading text
Error: Invalid Chai property: toHaveClass
 ❯ src/components/feedback/Spinner.test.tsx:64:25

 FAIL  src/components/feedback/Spinner.test.tsx > LoadingOverlay Component > Rendering > should render children
Error: Invalid Chai property: toBeInTheDocument
 ❯ src/components/feedback/Spinner.test.tsx:83:41

 FAIL  src/components/feedback/Spinner.test.tsx > LoadingOverlay Component > Rendering > should show loading overlay when loading is true
Error: Invalid Chai property: toBeInTheDocument
 ❯ src/components/feedback/Spinner.test.tsx:94:41

 FAIL  src/components/feedback/Spinner.test.tsx > LoadingOverlay Component > Rendering > should hide loading overlay when loading is false
Error: Invalid Chai property: toBeInTheDocument
 ❯ src/components/feedback/Spinner.test.tsx:103:48

 FAIL  src/components/feedback/Spinner.test.tsx > LoadingOverlay Component > Rendering > should display custom loading text
Error: Invalid Chai property: toBeInTheDocument
 ❯ src/components/feedback/Spinner.test.tsx:113:48

 FAIL  src/components/feedback/Spinner.test.tsx > LoadingOverlay Component > Rendering > should not display text when not provided and loading
Error: Invalid Chai property: toBeInTheDocument
 ❯ src/components/feedback/Spinner.test.tsx:123:44

 FAIL  src/components/feedback/Spinner.test.tsx > LoadingOverlay Component > Styling > should have relative positioning for overlay
Error: Invalid Chai property: toHaveClass
 ❯ src/components/feedback/Spinner.test.tsx:135:21

 FAIL  src/components/feedback/Spinner.test.tsx > LoadingOverlay Component > Styling > should apply backdrop blur when loading
Error: Invalid Chai property: toHaveClass
 ❯ src/components/feedback/Spinner.test.tsx:145:21

 FAIL  src/components/feedback/Spinner.test.tsx > LoadingOverlay Component > Styling > should accept custom className
Error: Invalid Chai property: toHaveClass
 ❯ src/components/feedback/Spinner.test.tsx:155:21

 FAIL  src/components/feedback/Spinner.test.tsx > LoadingOverlay Component > Accessibility > should maintain content accessibility when loading
Error: Invalid Chai property: toBeInTheDocument
 ❯ src/components/feedback/Spinner.test.tsx:177:40

 FAIL  src/components/feedback/Spinner.test.tsx > LoadingOverlay Component > Loading States > should toggle loading state
Error: Invalid Chai property: toBeInTheDocument
 ❯ src/components/feedback/Spinner.test.tsx:189:48

 FAIL  src/components/feedback/Toast.test.tsx > Toast Component > Rendering > should render title
Error: Invalid Chai property: toBeInTheDocument
 ❯ src/components/feedback/Toast.test.tsx:9:46

 FAIL  src/components/feedback/Toast.test.tsx > Toast Component > Rendering > should render description when provided
Error: Invalid Chai property: toBeInTheDocument
 ❯ src/components/feedback/Toast.test.tsx:14:53

 FAIL  src/components/feedback/Toast.test.tsx > Toast Component > Rendering > should not render content when open is false
Error: Invalid Chai property: toBeInTheDocument
 ❯ src/components/feedback/Toast.test.tsx:20:44

 FAIL  src/components/feedback/Toast.test.tsx > Toast Component > Variants > should render info variant (default)
Error: Invalid Chai property: toBeInTheDocument
 ❯ src/components/feedback/Toast.test.tsx:29:19

 FAIL  src/components/feedback/Toast.test.tsx > Toast Component > Variants > should render success variant
Error: Invalid Chai property: toBeInTheDocument
 ❯ src/components/feedback/Toast.test.tsx:35:19

 FAIL  src/components/feedback/Toast.test.tsx > Toast Component > Variants > should render warning variant
Error: Invalid Chai property: toBeInTheDocument
 ❯ src/components/feedback/Toast.test.tsx:41:19

 FAIL  src/components/feedback/Toast.test.tsx > Toast Component > Variants > should render error variant
Error: Invalid Chai property: toBeInTheDocument
 ❯ src/components/feedback/Toast.test.tsx:47:19

 FAIL  src/components/feedback/Toast.test.tsx > Toast Component > Icons > should show info icon for info variant
Error: Invalid Chai property: toBeInTheDocument
 ❯ src/components/feedback/Toast.test.tsx:54:45

 FAIL  src/components/feedback/Toast.test.tsx > Toast Component > Icons > should show check icon for success variant
Error: Invalid Chai property: toBeInTheDocument
 ❯ src/components/feedback/Toast.test.tsx:59:45

 FAIL  src/components/feedback/Toast.test.tsx > Toast Component > Icons > should show alert icon for warning variant
Error: Invalid Chai property: toBeInTheDocument
 ❯ src/components/feedback/Toast.test.tsx:64:45

 FAIL  src/components/feedback/Toast.test.tsx > Toast Component > Icons > should show x icon for error variant
Error: Invalid Chai property: toBeInTheDocument
 ❯ src/components/feedback/Toast.test.tsx:69:45

 FAIL  src/components/feedback/Toast.test.tsx > Toast Component > Close Button > should render close button
Error: Invalid Chai property: toBeInTheDocument
 ❯ src/components/feedback/Toast.test.tsx:77:25

 FAIL  src/components/feedback/Toast.test.tsx > Toast Component > Duration > should use default duration (5000ms)
Error: Invalid Chai property: toBeInTheDocument
 ❯ src/components/feedback/Toast.test.tsx:97:44

 FAIL  src/components/feedback/Toast.test.tsx > Toast Component > Duration > should accept custom duration
Error: Invalid Chai property: toBeInTheDocument
 ❯ src/components/feedback/Toast.test.tsx:103:49

 FAIL  src/components/feedback/Toast.test.tsx > Toast Component > Styling > should have base styling classes
Error: Invalid Chai property: toBeInTheDocument
 ❯ src/components/feedback/Toast.test.tsx:111:40

 FAIL  src/components/feedback/Toast.test.tsx > Toast Component > Styling > should have swipe gestures enabled
Error: Invalid Chai property: toBeInTheDocument
 ❯ src/components/feedback/Toast.test.tsx:117:43

 FAIL  src/components/feedback/Toast.test.tsx > Toast Component > Accessibility > should have proper semantic structure
Error: Invalid Chai property: toBeInTheDocument
 ❯ src/components/feedback/Toast.test.tsx:125:19

 FAIL  src/components/feedback/Toast.test.tsx > Toast Component > Accessibility > should support keyboard navigation
Error: Invalid Chai property: toHaveClass
 ❯ src/components/feedback/Toast.test.tsx:131:25

 FAIL  src/components/feedback/Toast.test.tsx > Toast Component > Content > should render children
Error: Invalid Chai property: toBeInTheDocument
 ❯ src/components/feedback/Toast.test.tsx:142:50

 FAIL  src/components/feedback/Toast.test.tsx > Toast Component > Content > should handle long titles
Error: Invalid Chai property: toBeInTheDocument
 ❯ src/components/feedback/Toast.test.tsx:149:41
    147|         'This is a very long notification title that might wrap to mul…

 FAIL  src/components/feedback/Toast.test.tsx > Toast Component > Content > should handle long descriptions
Error: Invalid Chai property: toBeInTheDocument
 ❯ src/components/feedback/Toast.test.tsx:156:40
    154|         'This is a detailed description explaining what happened in th…

 FAIL  src/components/feedback/Toast.test.tsx > Toast Component > Layout > should position icon correctly
Error: Invalid Chai property: toBeInTheDocument
 ❯ src/components/feedback/Toast.test.tsx:164:27

 FAIL  src/components/feedback/Toast.test.tsx > Toast Component > Layout > should position close button in top right
Error: Invalid Chai property: toBeInTheDocument
 ❯ src/components/feedback/Toast.test.tsx:170:25

 FAIL  src/components/feedback/Toast.test.tsx > Toast Component > Edge Cases > should handle empty description
Error: Invalid Chai property: toBeInTheDocument
 ❯ src/components/feedback/Toast.test.tsx:177:48

 FAIL  src/components/feedback/Toast.test.tsx > Toast Component > Edge Cases > should handle zero duration
Error: Invalid Chai property: toBeInTheDocument
 ❯ src/components/feedback/Toast.test.tsx:182:47

 FAIL  src/components/feedback/Tooltip.test.tsx > Tooltip Component > Rendering > should render trigger content
Error: Invalid Chai property: toBeInTheDocument
 ❯ src/components/feedback/Tooltip.test.tsx:13:62

 FAIL  src/components/feedback/Tooltip.test.tsx > Tooltip Component > Rendering > should not show tooltip content initially
Error: Invalid Chai property: toBeInTheDocument
 ❯ src/components/feedback/Tooltip.test.tsx:22:50

 FAIL  src/components/feedback/Tooltip.test.tsx > Tooltip Component > Content > should support string content
Error: Invalid Chai property: toBeInTheDocument
 ❯ src/components/feedback/Tooltip.test.tsx:33:40

 FAIL  src/components/feedback/Tooltip.test.tsx > Tooltip Component > Content > should support React node content
Error: Invalid Chai property: toBeInTheDocument
 ❯ src/components/feedback/Tooltip.test.tsx:42:40

 FAIL  src/components/feedback/Tooltip.test.tsx > Tooltip Component > Positioning > should default to top position
Error: Invalid Chai property: toBeInTheDocument
 ❯ src/components/feedback/Tooltip.test.tsx:53:40

 FAIL  src/components/feedback/Tooltip.test.tsx > Tooltip Component > Positioning > should support right position
Error: Invalid Chai property: toBeInTheDocument
 ❯ src/components/feedback/Tooltip.test.tsx:62:40

 FAIL  src/components/feedback/Tooltip.test.tsx > Tooltip Component > Positioning > should support bottom position
Error: Invalid Chai property: toBeInTheDocument
 ❯ src/components/feedback/Tooltip.test.tsx:71:40

 FAIL  src/components/feedback/Tooltip.test.tsx > Tooltip Component > Positioning > should support left position
Error: Invalid Chai property: toBeInTheDocument
 ❯ src/components/feedback/Tooltip.test.tsx:80:40

 FAIL  src/components/feedback/Tooltip.test.tsx > Tooltip Component > Delay > should use default delay duration (200ms)
Error: Invalid Chai property: toBeInTheDocument
 ❯ src/components/feedback/Tooltip.test.tsx:91:40

 FAIL  src/components/feedback/Tooltip.test.tsx > Tooltip Component > Delay > should accept custom delay duration
Error: Invalid Chai property: toBeInTheDocument
 ❯ src/components/feedback/Tooltip.test.tsx:100:40

 FAIL  src/components/feedback/Tooltip.test.tsx > Tooltip Component > Delay > should support instant tooltip (0ms delay)
Error: Invalid Chai property: toBeInTheDocument
 ❯ src/components/feedback/Tooltip.test.tsx:109:40

 FAIL  src/components/feedback/Tooltip.test.tsx > Tooltip Component > Styling > should have tooltip provider
Error: Invalid Chai property: toBeInTheDocument
 ❯ src/components/feedback/Tooltip.test.tsx:120:34

 FAIL  src/components/feedback/Tooltip.test.tsx > Tooltip Component > Children > should work with button elements
Error: Invalid Chai property: toBeInTheDocument
 ❯ src/components/feedback/Tooltip.test.tsx:131:40

 FAIL  src/components/feedback/Tooltip.test.tsx > Tooltip Component > Children > should work with span elements
Error: Invalid Chai property: toBeInTheDocument
 ❯ src/components/feedback/Tooltip.test.tsx:140:44

 FAIL  src/components/feedback/Tooltip.test.tsx > Tooltip Component > Children > should work with div elements
Error: Invalid Chai property: toBeInTheDocument
 ❯ src/components/feedback/Tooltip.test.tsx:149:47

 FAIL  src/components/feedback/Tooltip.test.tsx > Tooltip Component > Children > should work with icon elements
Error: Invalid Chai property: toBeInTheDocument
 ❯ src/components/feedback/Tooltip.test.tsx:158:40

 FAIL  src/components/feedback/Tooltip.test.tsx > Tooltip Component > Edge Cases > should handle empty content
Error: Invalid Chai property: toBeInTheDocument
 ❯ src/components/feedback/Tooltip.test.tsx:169:40

 FAIL  src/components/feedback/Tooltip.test.tsx > Tooltip Component > Edge Cases > should handle long content
Error: Invalid Chai property: toBeInTheDocument
 ❯ src/components/feedback/Tooltip.test.tsx:180:40

 FAIL  src/components/feedback/Tooltip.test.tsx > Tooltip Component > Edge Cases > should handle special characters
Error: Invalid Chai property: toBeInTheDocument
 ❯ src/components/feedback/Tooltip.test.tsx:189:40

 FAIL  src/components/feedback/Tooltip.test.tsx > Tooltip Component > Multiple Tooltips > should render multiple tooltips independently
Error: Invalid Chai property: toBeInTheDocument
 ❯ src/components/feedback/Tooltip.test.tsx:205:62

 FAIL  src/components/feedback/Tooltip.test.tsx > Tooltip Component > Accessibility > should support keyboard navigation on trigger
Error: Invalid Chai property: toHaveFocus
 ❯ src/components/feedback/Tooltip.test.tsx:219:20

 FAIL  src/components/feedback/Tooltip.test.tsx > Tooltip Component > Accessibility > should work with disabled elements
Error: Invalid Chai property: toBeDisabled
 ❯ src/components/feedback/Tooltip.test.tsx:228:40

 FAIL  src/components/nav/Breadcrumbs.test.tsx > Breadcrumbs Component > Rendering > should render breadcrumb navigation
Error: Invalid Chai property: toBeInTheDocument
 ❯ src/components/nav/Breadcrumbs.test.tsx:16:17

 FAIL  src/components/nav/Breadcrumbs.test.tsx > Breadcrumbs Component > Rendering > should render all breadcrumb items
Error: Invalid Chai property: toBeInTheDocument
 ❯ src/components/nav/Breadcrumbs.test.tsx:21:38

 FAIL  src/components/nav/Breadcrumbs.test.tsx > Breadcrumbs Component > Rendering > should render links for items with href
Error: Invalid Chai property: toHaveAttribute
 ❯ src/components/nav/Breadcrumbs.test.tsx:31:22

 FAIL  src/components/nav/Breadcrumbs.test.tsx > Breadcrumbs Component > Rendering > should mark last item as current page
Error: Invalid Chai property: toHaveAttribute
 ❯ src/components/nav/Breadcrumbs.test.tsx:44:22

 FAIL  src/components/nav/Breadcrumbs.test.tsx > Breadcrumbs Component > Separators > should not render separator before first item
Error: Invalid Chai property: toBeInTheDocument
 ❯ src/components/nav/Breadcrumbs.test.tsx:59:25

 FAIL  src/components/nav/Breadcrumbs.test.tsx > Breadcrumbs Component > Custom Link Component > should use custom LinkComponent when provided
Error: Invalid Chai property: toHaveAttribute
 ❯ src/components/nav/Breadcrumbs.test.tsx:79:22

 FAIL  src/components/nav/Breadcrumbs.test.tsx > Breadcrumbs Component > Styling > should apply custom className
Error: Invalid Chai property: toHaveClass
 ❯ src/components/nav/Breadcrumbs.test.tsx:93:17

 FAIL  src/components/nav/Breadcrumbs.test.tsx > Breadcrumbs Component > Styling > should have base breadcrumb classes
Error: Invalid Chai property: toHaveClass
 ❯ src/components/nav/Breadcrumbs.test.tsx:99:17

 FAIL  src/components/nav/Breadcrumbs.test.tsx > Breadcrumbs Component > Styling > should style last item differently
Error: Invalid Chai property: toHaveClass
 ❯ src/components/nav/Breadcrumbs.test.tsx:105:22

 FAIL  src/components/nav/Breadcrumbs.test.tsx > Breadcrumbs Component > Styling > should have hover styles on links
Error: Invalid Chai property: toHaveClass
 ❯ src/components/nav/Breadcrumbs.test.tsx:111:22

 FAIL  src/components/nav/Breadcrumbs.test.tsx > Breadcrumbs Component > Accessibility > should have proper aria-label
Error: Invalid Chai property: toHaveAttribute
 ❯ src/components/nav/Breadcrumbs.test.tsx:119:17

 FAIL  src/components/nav/Breadcrumbs.test.tsx > Breadcrumbs Component > Accessibility > should have ordered list structure
Error: Invalid Chai property: toBeInTheDocument
 ❯ src/components/nav/Breadcrumbs.test.tsx:125:16

 FAIL  src/components/nav/Breadcrumbs.test.tsx > Breadcrumbs Component > Accessibility > should have focus-visible ring on links
Error: Invalid Chai property: toHaveClass
 ❯ src/components/nav/Breadcrumbs.test.tsx:132:22

 FAIL  src/components/nav/Breadcrumbs.test.tsx > Breadcrumbs Component > Edge Cases > should handle single item
Error: Invalid Chai property: toBeInTheDocument
 ❯ src/components/nav/Breadcrumbs.test.tsx:139:38

 FAIL  src/components/nav/Button.test.tsx > Button Component > Rendering > should render with children
Error: Invalid Chai property: toBeInTheDocument
 ❯ src/components/nav/Button.test.tsx:10:63

 FAIL  src/components/nav/Button.test.tsx > Button Component > Rendering > should render with default variant (primary)
Error: Invalid Chai property: toHaveClass
 ❯ src/components/nav/Button.test.tsx:16:20

 FAIL  src/components/nav/Button.test.tsx > Button Component > Rendering > should render with default size (md)
Error: Invalid Chai property: toHaveClass
 ❯ src/components/nav/Button.test.tsx:22:20

 FAIL  src/components/nav/Button.test.tsx > Button Component > Variants > should apply primary variant classes
Error: Invalid Chai property: toHaveClass
 ❯ src/components/nav/Button.test.tsx:30:20

 FAIL  src/components/nav/Button.test.tsx > Button Component > Variants > should apply secondary variant classes
Error: Invalid Chai property: toHaveClass
 ❯ src/components/nav/Button.test.tsx:36:20

 FAIL  src/components/nav/Button.test.tsx > Button Component > Variants > should apply outline variant classes
Error: Invalid Chai property: toHaveClass
 ❯ src/components/nav/Button.test.tsx:42:20

 FAIL  src/components/nav/Button.test.tsx > Button Component > Variants > should apply ghost variant classes
Error: Invalid Chai property: toHaveClass
 ❯ src/components/nav/Button.test.tsx:48:20

 FAIL  src/components/nav/Button.test.tsx > Button Component > Variants > should apply joy variant classes
Error: Invalid Chai property: toHaveClass
 ❯ src/components/nav/Button.test.tsx:54:20

 FAIL  src/components/nav/Button.test.tsx > Button Component > Sizes > should apply small size classes
Error: Invalid Chai property: toHaveClass
 ❯ src/components/nav/Button.test.tsx:62:20

 FAIL  src/components/nav/Button.test.tsx > Button Component > Sizes > should apply medium size classes
Error: Invalid Chai property: toHaveClass
 ❯ src/components/nav/Button.test.tsx:68:20

 FAIL  src/components/nav/Button.test.tsx > Button Component > Sizes > should apply large size classes
Error: Invalid Chai property: toHaveClass
 ❯ src/components/nav/Button.test.tsx:74:20

 FAIL  src/components/nav/Button.test.tsx > Button Component > HTML Attributes > should accept and apply disabled attribute
Error: Invalid Chai property: toBeDisabled
 ❯ src/components/nav/Button.test.tsx:107:40

 FAIL  src/components/nav/Button.test.tsx > Button Component > HTML Attributes > should accept and apply type attribute
Error: Invalid Chai property: toHaveAttribute
 ❯ src/components/nav/Button.test.tsx:112:40

 FAIL  src/components/nav/Button.test.tsx > Button Component > HTML Attributes > should accept and apply custom className
Error: Invalid Chai property: toHaveClass
 ❯ src/components/nav/Button.test.tsx:117:40

 FAIL  src/components/nav/Button.test.tsx > Button Component > HTML Attributes > should accept and apply aria-label
Error: Invalid Chai property: toBeInTheDocument
 ❯ src/components/nav/Button.test.tsx:122:67

 FAIL  src/components/nav/Button.test.tsx > Button Component > Accessibility > should be keyboard accessible
Error: Invalid Chai property: toHaveFocus
 ❯ src/components/nav/Button.test.tsx:135:20

 FAIL  src/components/nav/Button.test.tsx > Button Component > Accessibility > should have focus-visible styles
Error: Invalid Chai property: toHaveClass
 ❯ src/components/nav/Button.test.tsx:144:20

 FAIL  src/components/nav/Header.test.tsx > Header - Profile item > renders Profile as link to /profile
Error: Invalid Chai property: toHaveAttribute
 ❯ src/components/nav/Header.test.tsx:34:23

 FAIL  src/components/nav/Header.test.tsx > Header Component > Rendering > should render header element
Error: Invalid Chai property: toBeInTheDocument
 ❯ src/components/nav/Header.test.tsx:54:40

 FAIL  src/components/nav/Header.test.tsx > Header Component > Rendering > should render logo when provided
Error: Invalid Chai property: toBeInTheDocument
 ❯ src/components/nav/Header.test.tsx:59:40

 FAIL  src/components/nav/Header.test.tsx > Header Component > Rendering > should render navigation items
Error: Invalid Chai property: toBeInTheDocument
 ❯ src/components/nav/Header.test.tsx:64:38

 FAIL  src/components/nav/Header.test.tsx > Header Component > Rendering > should render user section when user provided
Error: Invalid Chai property: toBeInTheDocument
 ❯ src/components/nav/Header.test.tsx:71:65

 FAIL  src/components/nav/Header.test.tsx > Header Component > Rendering > should render user initial when no avatar
Error: Invalid Chai property: toBeInTheDocument
 ❯ src/components/nav/Header.test.tsx:77:35

 FAIL  src/components/nav/Header.test.tsx > Header Component > Rendering > should render user avatar when provided
TestingLibraryElementError: Unable to find an element with the alt text: 
 ❯ Object.getElementError ../../node_modules/.pnpm/@testing-library+dom@10.4.0/node_modules/@testing-library/dom/dist/config.js:37:19
 ❯ ../../node_modules/.pnpm/@testing-library+dom@10.4.0/node_modules/@testing-library/dom/dist/query-helpers.js:76:38
 ❯ ../../node_modules/.pnpm/@testing-library+dom@10.4.0/node_modules/@testing-library/dom/dist/query-helpers.js:52:17
 ❯ ../../node_modules/.pnpm/@testing-library+dom@10.4.0/node_modules/@testing-library/dom/dist/query-helpers.js:95:19
 ❯ src/components/nav/Header.test.tsx:83:29

 FAIL  src/components/nav/Header.test.tsx > Header Component > Rendering > should render mobile menu button when onToggleSidebar provided
Error: Invalid Chai property: toBeInTheDocument
 ❯ src/components/nav/Header.test.tsx:91:50

 FAIL  src/components/nav/Header.test.tsx > Header Component > Rendering > should not render mobile menu button when no onToggleSidebar
Error: Invalid Chai property: toBeInTheDocument
 ❯ src/components/nav/Header.test.tsx:96:48

 FAIL  src/components/nav/Header.test.tsx > Header Component > Navigation Items > should render internal links
Error: Invalid Chai property: toHaveAttribute
 ❯ src/components/nav/Header.test.tsx:104:22

 FAIL  src/components/nav/Header.test.tsx > Header Component > Navigation Items > should render external links with target="_blank"
Error: Invalid Chai property: toHaveAttribute
 ❯ src/components/nav/Header.test.tsx:110:26

 FAIL  src/components/nav/Header.test.tsx > Header Component > Navigation Items > should render badges on nav items
Error: Invalid Chai property: toBeInTheDocument
 ❯ src/components/nav/Header.test.tsx:117:37

 FAIL  src/components/nav/Header.test.tsx > Header Component > Navigation Items > should not render navigation when no items
Error: Invalid Chai property: toBeInTheDocument
 ❯ src/components/nav/Header.test.tsx:128:48

 FAIL  src/components/nav/Header.test.tsx > Header Component > User Menu > should render user menu button
Error: Invalid Chai property: toBeInTheDocument
 ❯ src/components/nav/Header.test.tsx:136:20

 FAIL  src/components/nav/Header.test.tsx > Header Component > User Menu > should have aria-haspopup on user menu button
Error: Invalid Chai property: toHaveAttribute
 ❯ src/components/nav/Header.test.tsx:142:20

 FAIL  src/components/nav/Header.test.tsx > Header Component > User Menu > should have aria-expanded false by default
Error: Invalid Chai property: toHaveAttribute
 ❯ src/components/nav/Header.test.tsx:148:20

 FAIL  src/components/nav/Header.test.tsx > Header Component > User Menu > should render user menu trigger with proper structure
Error: Invalid Chai property: toBeInTheDocument
 ❯ src/components/nav/Header.test.tsx:156:65

 FAIL  src/components/nav/Header.test.tsx > Header Component > User Menu > should accept onLogout callback
Error: Invalid Chai property: toBeInTheDocument
 ❯ src/components/nav/Header.test.tsx:163:55

 FAIL  src/components/nav/Header.test.tsx > Header Component > Sidebar Toggle > should change aria-label based on sidebarOpen state
Error: Invalid Chai property: toBeInTheDocument
 ❯ src/components/nav/Header.test.tsx:182:51

 FAIL  src/components/nav/Header.test.tsx > Header Component > Sidebar Toggle > should be hidden on large screens
Error: Invalid Chai property: toHaveClass
 ❯ src/components/nav/Header.test.tsx:188:20

 FAIL  src/components/nav/Header.test.tsx > Header Component > Layout > should have sticky positioning
Error: Invalid Chai property: toHaveClass
 ❯ src/components/nav/Header.test.tsx:196:20

 FAIL  src/components/nav/Header.test.tsx > Header Component > Layout > should have proper height
Error: Invalid Chai property: toBeInTheDocument
 ❯ src/components/nav/Header.test.tsx:202:27

 FAIL  src/components/nav/Header.test.tsx > Header Component > Layout > should use flexbox for layout
Error: Invalid Chai property: toHaveClass
 ❯ src/components/nav/Header.test.tsx:208:27

 FAIL  src/components/nav/Header.test.tsx > Header Component > Layout > should have responsive padding
Error: Invalid Chai property: toHaveClass
 ❯ src/components/nav/Header.test.tsx:214:20

 FAIL  src/components/nav/Header.test.tsx > Header Component > Styling > should have border and background
Error: Invalid Chai property: toHaveClass
 ❯ src/components/nav/Header.test.tsx:223:20

 FAIL  src/components/nav/Header.test.tsx > Header Component > Styling > should have proper z-index
Error: Invalid Chai property: toHaveClass
 ❯ src/components/nav/Header.test.tsx:229:20

 FAIL  src/components/nav/Header.test.tsx > Header Component > Styling > should apply custom className
Error: Invalid Chai property: toHaveClass
 ❯ src/components/nav/Header.test.tsx:235:20

 FAIL  src/components/nav/Header.test.tsx > Header Component > Accessibility > should have role="banner"
Error: Invalid Chai property: toBeInTheDocument
 ❯ src/components/nav/Header.test.tsx:242:40

 FAIL  src/components/nav/Header.test.tsx > Header Component > Accessibility > should have navigation with role="navigation"
Error: Invalid Chai property: toBeInTheDocument
 ❯ src/components/nav/Header.test.tsx:247:44

 FAIL  src/components/nav/Header.test.tsx > Header Component > Accessibility > should have accessible user menu button
Error: Invalid Chai property: toBeInTheDocument
 ❯ src/components/nav/Header.test.tsx:252:55

 FAIL  src/components/nav/Header.test.tsx > Header Component > Accessibility > should have accessible mobile menu button
Error: Invalid Chai property: toBeInTheDocument
 ❯ src/components/nav/Header.test.tsx:257:50

 FAIL  src/components/nav/Header.test.tsx > Header Component > Accessibility > should have focus styles
Error: Invalid Chai property: toHaveClass
 ❯ src/components/nav/Header.test.tsx:263:18

 FAIL  src/components/nav/Header.test.tsx > Header Component > Responsive Behavior > should hide user name on mobile
Error: Invalid Chai property: toBeInTheDocument
 ❯ src/components/nav/Header.test.tsx:273:24

 FAIL  src/components/nav/Header.test.tsx > Header Component > Responsive Behavior > should show mobile menu button only on small screens
Error: Invalid Chai property: toHaveClass
 ❯ src/components/nav/Header.test.tsx:281:20

 FAIL  src/components/nav/Header.test.tsx > Header Component > Edge Cases > should handle no props
Error: Invalid Chai property: toBeInTheDocument
 ❯ src/components/nav/Header.test.tsx:288:40

 FAIL  src/components/nav/Header.test.tsx > Header Component > Edge Cases > should handle empty navItems array
Error: Invalid Chai property: toBeInTheDocument
 ❯ src/components/nav/Header.test.tsx:293:48

 FAIL  src/components/nav/Header.test.tsx > Header Component > Edge Cases > should handle long user names
Error: Invalid Chai property: toBeInTheDocument
 ❯ src/components/nav/Header.test.tsx:302:7
    301|         screen.getByLabelText(/menú de usuario: very long name that mi…

 FAIL  src/components/nav/Header.test.tsx > Header Component > Edge Cases > should handle many nav items
Error: Invalid Chai property: toBeInTheDocument
 ❯ src/components/nav/Header.test.tsx:312:40

 FAIL  src/components/nav/Header.test.tsx > Header Component > Edge Cases > should handle special characters in user name
Error: Invalid Chai property: toBeInTheDocument
 ❯ src/components/nav/Header.test.tsx:320:69

 FAIL  src/components/nav/Header.test.tsx > Header Component > User Avatar Initial > should extract first character of name for initial
Error: Invalid Chai property: toBeInTheDocument
 ❯ src/components/nav/Header.test.tsx:328:35

 FAIL  src/components/nav/Header.test.tsx > Header Component > User Avatar Initial > should uppercase the initial
Error: Invalid Chai property: toBeInTheDocument
 ❯ src/components/nav/Header.test.tsx:334:35

 FAIL  src/components/nav/Header.test.tsx > Header Component > User Avatar Initial > should style initial with background
Error: Invalid Chai property: toHaveClass
 ❯ src/components/nav/Header.test.tsx:340:21

 FAIL  src/components/nav/Header.test.tsx > Header Component > Navigation Center Alignment > should center navigation on larger screens
Error: Invalid Chai property: toHaveClass
 ❯ src/components/nav/Header.test.tsx:348:17

 FAIL  src/components/nav/Header.test.tsx > Header Component > Navigation Center Alignment > should handle horizontal scrolling for many items
Error: Invalid Chai property: toHaveClass
 ❯ src/components/nav/Header.test.tsx:354:17

 FAIL  src/components/nav/Nav.test.tsx > Nav Component > Rendering > should render navigation element
Error: Invalid Chai property: toBeInTheDocument
 ❯ src/components/nav/Nav.test.tsx:34:44

 FAIL  src/components/nav/Nav.test.tsx > Nav Component > Rendering > should render all nav items
Error: Invalid Chai property: toBeInTheDocument
 ❯ src/components/nav/Nav.test.tsx:39:38

 FAIL  src/components/nav/Nav.test.tsx > Nav Component > Rendering > should render badges when provided
Error: Invalid Chai property: toBeInTheDocument
 ❯ src/components/nav/Nav.test.tsx:53:35

 FAIL  src/components/nav/Nav.test.tsx > Nav Component > Orientation > should render horizontal by default
Error: Invalid Chai property: toHaveClass
 ❯ src/components/nav/Nav.test.tsx:67:17

 FAIL  src/components/nav/Nav.test.tsx > Nav Component > Orientation > should render vertical when specified
Error: Invalid Chai property: toHaveClass
 ❯ src/components/nav/Nav.test.tsx:75:17

 FAIL  src/components/nav/Nav.test.tsx > Nav Component > Orientation > should apply horizontal classes
Error: Invalid Chai property: toHaveClass
 ❯ src/components/nav/Nav.test.tsx:83:17

 FAIL  src/components/nav/Nav.test.tsx > Nav Component > Active State > should highlight active item based on currentPath
Error: Invalid Chai property: toHaveClass
 ❯ src/components/nav/Nav.test.tsx:91:22

 FAIL  src/components/nav/Nav.test.tsx > Nav Component > Active State > should not highlight inactive items
Error: Invalid Chai property: toHaveClass
 ❯ src/components/nav/Nav.test.tsx:97:23

 FAIL  src/components/nav/Nav.test.tsx > Nav Component > Active State > should set aria-current on active item
Error: Invalid Chai property: toHaveAttribute
 ❯ src/components/nav/Nav.test.tsx:104:23

 FAIL  src/components/nav/Nav.test.tsx > Nav Component > Active State > should not set aria-current on inactive items
Error: Invalid Chai property: toHaveAttribute
 ❯ src/components/nav/Nav.test.tsx:110:25

 FAIL  src/components/nav/Nav.test.tsx > Nav Component > Badge Styling > should style badge differently for active item
Error: Invalid Chai property: toHaveClass
 ❯ src/components/nav/Nav.test.tsx:118:19

 FAIL  src/components/nav/Nav.test.tsx > Nav Component > Badge Styling > should style badge normally for inactive item
Error: Invalid Chai property: toHaveClass
 ❯ src/components/nav/Nav.test.tsx:124:19

 FAIL  src/components/nav/Nav.test.tsx > Nav Component > Custom Props > should apply custom className
Error: Invalid Chai property: toHaveClass
 ❯ src/components/nav/Nav.test.tsx:134:17

 FAIL  src/components/nav/Nav.test.tsx > Nav Component > Custom Props > should forward additional props
Error: Invalid Chai property: toHaveAttribute
 ❯ src/components/nav/Nav.test.tsx:142:17

 FAIL  src/components/nav/Nav.test.tsx > Nav Component > Accessibility > should have role="navigation"
Error: Invalid Chai property: toBeInTheDocument
 ❯ src/components/nav/Nav.test.tsx:149:44

 FAIL  src/components/nav/Nav.test.tsx > Nav Component > Accessibility > should have focus styles
Error: Invalid Chai property: toHaveClass
 ❯ src/components/nav/Nav.test.tsx:155:18

 FAIL  src/components/nav/Nav.test.tsx > Nav Component > Edge Cases > should handle empty items array
Error: Invalid Chai property: toBeInTheDocument
 ❯ src/components/nav/Nav.test.tsx:163:17

 FAIL  src/components/nav/Nav.test.tsx > Nav Component > Edge Cases > should handle items without icons
Error: Invalid Chai property: toBeInTheDocument
 ❯ src/components/nav/Nav.test.tsx:173:40

 FAIL  src/components/nav/Nav.test.tsx > Nav Component > Edge Cases > should handle items without badges
Error: Invalid Chai property: toBeInTheDocument
 ❯ src/components/nav/Nav.test.tsx:180:40

 FAIL  src/components/nav/Nav.test.tsx > Nav Component > Edge Cases > should handle no currentPath
Error: Invalid Chai property: toHaveClass
 ❯ src/components/nav/Nav.test.tsx:187:20
 ❯ src/components/nav/Nav.test.tsx:186:13

 FAIL  src/components/nav/Nav.test.tsx > Nav Component > Edge Cases > should handle long labels
Error: Invalid Chai property: toBeInTheDocument
 ❯ src/components/nav/Nav.test.tsx:195:41

 FAIL  src/components/nav/Nav.test.tsx > Nav Component > Icon Size > should render icons with sm size
Error: Invalid Chai property: toBeInTheDocument
 ❯ src/components/nav/Nav.test.tsx:203:44

 FAIL  src/components/nav/Pagination.test.tsx > Pagination Component > Rendering > should render pagination controls
Error: Invalid Chai property: toBeInTheDocument
 ❯ src/components/nav/Pagination.test.tsx:17:17

 FAIL  src/components/nav/Pagination.test.tsx > Pagination Component > Rendering > should render page numbers
Error: Invalid Chai property: toBeInTheDocument
 ❯ src/components/nav/Pagination.test.tsx:22:66

 FAIL  src/components/nav/Pagination.test.tsx > Pagination Component > Rendering > should render Previous and Next buttons
Error: Invalid Chai property: toBeInTheDocument
 ❯ src/components/nav/Pagination.test.tsx:36:63

 FAIL  src/components/nav/Pagination.test.tsx > Pagination Component > Rendering > should render First and Last buttons
Error: Invalid Chai property: toBeInTheDocument
 ❯ src/components/nav/Pagination.test.tsx:42:60

 FAIL  src/components/nav/Pagination.test.tsx > Pagination Component > Current Page State > should highlight current page
Error: Invalid Chai property: toHaveAttribute
 ❯ src/components/nav/Pagination.test.tsx:51:25

 FAIL  src/components/nav/Pagination.test.tsx > Pagination Component > Current Page State > should use primary variant for current page
Error: Invalid Chai property: toHaveClass
 ❯ src/components/nav/Pagination.test.tsx:57:25

 FAIL  src/components/nav/Pagination.test.tsx > Pagination Component > Disabled States > should disable Previous and First on first page
Error: Invalid Chai property: toBeDisabled
 ❯ src/components/nav/Pagination.test.tsx:107:63

 FAIL  src/components/nav/Pagination.test.tsx > Pagination Component > Disabled States > should disable Next and Last on last page
Error: Invalid Chai property: toBeDisabled
 ❯ src/components/nav/Pagination.test.tsx:114:59

 FAIL  src/components/nav/Pagination.test.tsx > Pagination Component > Disabled States > should enable all buttons on middle pages
Error: Invalid Chai property: toBeDisabled
 ❯ src/components/nav/Pagination.test.tsx:121:65

 FAIL  src/components/nav/Pagination.test.tsx > Pagination Component > Ellipsis > should not show ellipsis when all pages fit
Error: Invalid Chai property: toBeInTheDocument
 ❯ src/components/nav/Pagination.test.tsx:144:41

 FAIL  src/components/nav/Pagination.test.tsx > Pagination Component > Options > should hide first/last buttons when showFirstLast is false
Error: Invalid Chai property: toBeInTheDocument
 ❯ src/components/nav/Pagination.test.tsx:159:64

 FAIL  src/components/nav/Pagination.test.tsx > Pagination Component > Options > should hide prev/next buttons when showPrevNext is false
Error: Invalid Chai property: toBeInTheDocument
 ❯ src/components/nav/Pagination.test.tsx:173:67

 FAIL  src/components/nav/Pagination.test.tsx > Pagination Component > Accessibility > should have proper navigation landmark
Error: Invalid Chai property: toHaveAttribute
 ❯ src/components/nav/Pagination.test.tsx:200:44

 FAIL  src/components/nav/Pagination.test.tsx > Pagination Component > Accessibility > should have aria-current on current page
Error: Invalid Chai property: toHaveAttribute
 ❯ src/components/nav/Pagination.test.tsx:206:25

 FAIL  src/components/nav/Pagination.test.tsx > Pagination Component > Accessibility > should have descriptive aria-labels
Error: Invalid Chai property: toBeInTheDocument
 ❯ src/components/nav/Pagination.test.tsx:212:76

 FAIL  src/components/nav/Pagination.test.tsx > Pagination Component > Edge Cases > should handle 2 total pages
Error: Invalid Chai property: toBeInTheDocument
 ❯ src/components/nav/Pagination.test.tsx:220:66

 FAIL  src/components/nav/Pagination.test.tsx > Pagination Component > Edge Cases > should handle large page numbers
Error: Invalid Chai property: toBeInTheDocument
 ❯ src/components/nav/Pagination.test.tsx:226:44

 FAIL  src/components/nav/Pagination.test.tsx > Pagination Component > Edge Cases > should apply custom className
Error: Invalid Chai property: toHaveClass
 ❯ src/components/nav/Pagination.test.tsx:239:17

 FAIL  src/components/nav/Sidebar.test.tsx > Sidebar Component > Rendering > should render sidebar
Error: Invalid Chai property: toBeInTheDocument
 ❯ src/components/nav/Sidebar.test.tsx:70:44

 FAIL  src/components/nav/Sidebar.test.tsx > Sidebar Component > Rendering > should render all sections
Error: Invalid Chai property: toBeInTheDocument
 ❯ src/components/nav/Sidebar.test.tsx:75:38

 FAIL  src/components/nav/Sidebar.test.tsx > Sidebar Component > Rendering > should render all section items
Error: Invalid Chai property: toBeInTheDocument
 ❯ src/components/nav/Sidebar.test.tsx:81:43

 FAIL  src/components/nav/Sidebar.test.tsx > Sidebar Component > Rendering > should render badges when provided
Error: Invalid Chai property: toBeInTheDocument
 ❯ src/components/nav/Sidebar.test.tsx:95:35

 FAIL  src/components/nav/Sidebar.test.tsx > Sidebar Component > Rendering > should render logo when provided
Error: Invalid Chai property: toBeInTheDocument
 ❯ src/components/nav/Sidebar.test.tsx:110:44

 FAIL  src/components/nav/Sidebar.test.tsx > Sidebar Component > Rendering > should render toggle button
Error: Invalid Chai property: toBeInTheDocument
 ❯ src/components/nav/Sidebar.test.tsx:116:26

 FAIL  src/components/nav/Sidebar.test.tsx > Sidebar Component > Collapsed State > should be expanded by default
Error: Invalid Chai property: toHaveClass
 ❯ src/components/nav/Sidebar.test.tsx:125:21

 FAIL  src/components/nav/Sidebar.test.tsx > Sidebar Component > Collapsed State > should be collapsed when defaultCollapsed is true
Error: Invalid Chai property: toHaveClass
 ❯ src/components/nav/Sidebar.test.tsx:134:21

 FAIL  src/components/nav/Sidebar.test.tsx > Sidebar Component > Collapsed State > should toggle collapsed state on button click
Error: Invalid Chai property: toHaveClass
 ❯ src/components/nav/Sidebar.test.tsx:143:21

 FAIL  src/components/nav/Sidebar.test.tsx > Sidebar Component > Collapsed State > should hide section titles when collapsed
Error: Invalid Chai property: toBeInTheDocument
 ❯ src/components/nav/Sidebar.test.tsx:155:42

 FAIL  src/components/nav/Sidebar.test.tsx > Sidebar Component > Collapsed State > should hide logo when collapsed
Error: Invalid Chai property: toBeInTheDocument
 ❯ src/components/nav/Sidebar.test.tsx:176:44

 FAIL  src/components/nav/Sidebar.test.tsx > Sidebar Component > Collapsed State > should change toggle button label when collapsed
Error: Invalid Chai property: toBeInTheDocument
 ❯ src/components/nav/Sidebar.test.tsx:182:26

 FAIL  src/components/nav/Sidebar.test.tsx > Sidebar Component > Controlled State > should use controlled collapsed prop
Error: Invalid Chai property: toHaveClass
 ❯ src/components/nav/Sidebar.test.tsx:193:21

 FAIL  src/components/nav/Sidebar.test.tsx > Sidebar Component > Active State > should highlight active item
Error: Invalid Chai property: toHaveClass
 ❯ src/components/nav/Sidebar.test.tsx:220:27

 FAIL  src/components/nav/Sidebar.test.tsx > Sidebar Component > Active State > should not highlight inactive items
Error: Invalid Chai property: toHaveClass
 ❯ src/components/nav/Sidebar.test.tsx:226:27

 FAIL  src/components/nav/Sidebar.test.tsx > Sidebar Component > Active State > should set aria-current on active item
Error: Invalid Chai property: toHaveAttribute
 ❯ src/components/nav/Sidebar.test.tsx:232:27

 FAIL  src/components/nav/Sidebar.test.tsx > Sidebar Component > Badge Styling > should style badge differently for active item
Error: Invalid Chai property: toHaveClass
 ❯ src/components/nav/Sidebar.test.tsx:241:19

 FAIL  src/components/nav/Sidebar.test.tsx > Sidebar Component > Badge Styling > should style badge normally for inactive item
Error: Invalid Chai property: toHaveClass
 ❯ src/components/nav/Sidebar.test.tsx:247:19

 FAIL  src/components/nav/Sidebar.test.tsx > Sidebar Component > Accessibility > should have role="navigation"
Error: Invalid Chai property: toBeInTheDocument
 ❯ src/components/nav/Sidebar.test.tsx:254:44

 FAIL  src/components/nav/Sidebar.test.tsx > Sidebar Component > Accessibility > should have accessible toggle button
Error: Invalid Chai property: toBeInTheDocument
 ❯ src/components/nav/Sidebar.test.tsx:260:20

 FAIL  src/components/nav/Sidebar.test.tsx > Sidebar Component > Accessibility > should show title on collapsed items
Error: Invalid Chai property: toBeInTheDocument
 ❯ src/components/nav/Sidebar.test.tsx:273:27

 FAIL  src/components/nav/Sidebar.test.tsx > Sidebar Component > LocalStorage Persistence > should load collapsed state from localStorage
Error: Invalid Chai property: toHaveClass
 ❯ src/components/nav/Sidebar.test.tsx:299:23
 ❯ runWithExpensiveErrorDiagnosticsDisabled ../../node_modules/.pnpm/@testing-library+dom@10.4.0/node_modules/@testing-library/dom/dist/config.js:47:12
 ❯ checkCallback ../../node_modules/.pnpm/@testing-library+dom@10.4.0/node_modules/@testing-library/dom/dist/wait-for.js:124:77
 ❯ Timeout.checkRealTimersCallback ../../node_modules/.pnpm/@testing-library+dom@10.4.0/node_modules/@testing-library/dom/dist/wait-for.js:118:16

 FAIL  src/components/nav/Sidebar.test.tsx > Sidebar Component > Edge Cases > should handle empty sections
Error: Invalid Chai property: toBeInTheDocument
 ❯ src/components/nav/Sidebar.test.tsx:328:17

 FAIL  src/components/nav/Sidebar.test.tsx > Sidebar Component > Edge Cases > should handle sections without titles
Error: Invalid Chai property: toBeInTheDocument
 ❯ src/components/nav/Sidebar.test.tsx:338:40

 FAIL  src/components/nav/Sidebar.test.tsx > Sidebar Component > Edge Cases > should handle items without icons
Error: Invalid Chai property: toBeInTheDocument
 ❯ src/components/nav/Sidebar.test.tsx:343:45

 FAIL  src/components/nav/Sidebar.test.tsx > Sidebar Component > Edge Cases > should handle items without badges
Error: Invalid Chai property: toBeInTheDocument
 ❯ src/components/nav/Sidebar.test.tsx:348:43

 FAIL  src/components/nav/Sidebar.test.tsx > Sidebar Component > Edge Cases > should handle long labels
Error: Invalid Chai property: toBeInTheDocument
 ❯ src/components/nav/Sidebar.test.tsx:363:59

 FAIL  src/components/nav/Sidebar.test.tsx > Sidebar Component > Custom Props > should apply custom className
Error: Invalid Chai property: toHaveClass
 ❯ src/components/nav/Sidebar.test.tsx:373:21

 FAIL  src/components/nav/Sidebar.test.tsx > Sidebar Component > Transitions > should have transition classes
Error: Invalid Chai property: toHaveClass
 ❯ src/components/nav/Sidebar.test.tsx:381:21

 FAIL  src/components/nav/Tabs.test.tsx > Tabs Component > Rendering (Items Pattern) > should render tabs with items
Error: Invalid Chai property: toBeInTheDocument
 ❯ src/components/nav/Tabs.test.tsx:16:39

 FAIL  src/components/nav/Tabs.test.tsx > Tabs Component > Rendering (Items Pattern) > should render default tab content
Error: Invalid Chai property: toBeInTheDocument
 ❯ src/components/nav/Tabs.test.tsx:23:43

 FAIL  src/components/nav/Tabs.test.tsx > Tabs Component > Variants > should render line variant (default)
Error: Invalid Chai property: toHaveClass
 ❯ src/components/nav/Tabs.test.tsx:37:22

 FAIL  src/components/nav/Tabs.test.tsx > Tabs Component > Variants > should render pill variant
Error: Invalid Chai property: toHaveClass
 ❯ src/components/nav/Tabs.test.tsx:43:22

 FAIL  src/components/nav/Tabs.test.tsx > Tabs Component > Variants > should render enclosed variant
Error: Invalid Chai property: toHaveClass
 ❯ src/components/nav/Tabs.test.tsx:51:22

 FAIL  src/components/nav/Tabs.test.tsx > Tabs Component > Tab Interactions > should switch between tabs when clicked
Error: Invalid Chai property: toBeInTheDocument
 ❯ src/components/nav/Tabs.test.tsx:60:43

 FAIL  src/components/nav/Tabs.test.tsx > Tabs Component > Tab Interactions > should not activate disabled tabs
Error: Invalid Chai property: toHaveAttribute
 ❯ src/components/nav/Tabs.test.tsx:76:25

 FAIL  src/components/nav/Tabs.test.tsx > Tabs Component > Styling > should apply custom className
Error: Invalid Chai property: toHaveClass
 ❯ src/components/nav/Tabs.test.tsx:91:34

 FAIL  src/components/nav/Tabs.test.tsx > Tabs Component > Styling > should have full width by default
Error: Invalid Chai property: toHaveClass
 ❯ src/components/nav/Tabs.test.tsx:96:34

 FAIL  src/components/nav/Tabs.test.tsx > Tabs Component > Styling > should apply active state styling
Error: Invalid Chai property: toHaveAttribute
 ❯ src/components/nav/Tabs.test.tsx:102:23

 FAIL  src/components/nav/Tabs.test.tsx > Tabs Component > Styling > should apply disabled styling
Error: Invalid Chai property: toHaveClass
 ❯ src/components/nav/Tabs.test.tsx:108:25

 FAIL  src/components/nav/Tabs.test.tsx > Tabs Component > Composable Components > should render with composable pattern
Error: Invalid Chai property: toBeInTheDocument
 ❯ src/components/nav/Tabs.test.tsx:125:39

 FAIL  src/components/nav/Tabs.test.tsx > Tabs Component > Accessibility > should have proper ARIA attributes
Error: Invalid Chai property: toHaveAttribute
 ❯ src/components/nav/Tabs.test.tsx:136:19
 ❯ src/components/nav/Tabs.test.tsx:135:12

 FAIL  src/components/nav/Tabs.test.tsx > Tabs Component > Accessibility > should have focus-visible ring
Error: Invalid Chai property: toHaveClass
 ❯ src/components/nav/Tabs.test.tsx:143:17

 FAIL  src/components/nav/Tabs.test.tsx > Tabs Component > Accessibility > should be keyboard navigable
Error: Invalid Chai property: toHaveFocus
 ❯ src/components/nav/Tabs.test.tsx:152:18

 FAIL  src/components/nav/Tabs.test.tsx > Tabs Component > Edge Cases > should handle single tab
Error: Invalid Chai property: toBeInTheDocument
 ❯ src/components/nav/Tabs.test.tsx:163:42

 FAIL  src/components/nav/Tabs.test.tsx > Tabs Component > Edge Cases > should handle children pattern without items
Error: Invalid Chai property: toBeInTheDocument
 ❯ src/components/nav/Tabs.test.tsx:180:48

 FAIL  src/components/forms/Checkbox.test.tsx > Checkbox Component > Rendering > should render checkbox
Error: Invalid Chai property: toBeInTheDocument
 ❯ src/components/forms/Checkbox.test.tsx:12:42

 FAIL  src/components/forms/Checkbox.test.tsx > Checkbox Component > Rendering > should render with label
Error: Invalid Chai property: toBeInTheDocument
 ❯ src/components/forms/Checkbox.test.tsx:17:42

 FAIL  src/components/forms/Checkbox.test.tsx > Checkbox Component > Rendering > should render with helper text
Error: Invalid Chai property: toBeInTheDocument
 ❯ src/components/forms/Checkbox.test.tsx:23:52

 FAIL  src/components/forms/Checkbox.test.tsx > Checkbox Component > Rendering > should render with error message
Error: Invalid Chai property: toBeInTheDocument
 ❯ src/components/forms/Checkbox.test.tsx:28:60

 FAIL  src/components/forms/Checkbox.test.tsx > Checkbox Component > Rendering > should hide helper text when error is shown
Error: Invalid Chai property: toBeInTheDocument
 ❯ src/components/forms/Checkbox.test.tsx:34:44

 FAIL  src/components/forms/Checkbox.test.tsx > Checkbox Component > States > should be unchecked by default
Error: Invalid Chai property: toBeChecked
 ❯ src/components/forms/Checkbox.test.tsx:42:44

 FAIL  src/components/forms/Checkbox.test.tsx > Checkbox Component > States > should be checked when defaultChecked is true
Error: Invalid Chai property: toBeChecked
 ❯ src/components/forms/Checkbox.test.tsx:47:42

 FAIL  src/components/forms/Checkbox.test.tsx > Checkbox Component > States > should be disabled when disabled prop is true
Error: Invalid Chai property: toBeDisabled
 ❯ src/components/forms/Checkbox.test.tsx:52:42

 FAIL  src/components/forms/Checkbox.test.tsx > Checkbox Component > States > should show indeterminate state
Error: Invalid Chai property: toBeInTheDocument
 ❯ src/components/forms/Checkbox.test.tsx:58:42

 FAIL  src/components/forms/Checkbox.test.tsx > Checkbox Component > Interactions > should toggle when clicked
Error: Invalid Chai property: toBeChecked
 ❯ src/components/forms/Checkbox.test.tsx:68:24

 FAIL  src/components/forms/Checkbox.test.tsx > Checkbox Component > Interactions > should toggle when label is clicked
Error: Invalid Chai property: toBeChecked
 ❯ src/components/forms/Checkbox.test.tsx:92:24

 FAIL  src/components/forms/Checkbox.test.tsx > Checkbox Component > Accessibility > should have proper ARIA attributes when error is present
Error: Invalid Chai property: toHaveAttribute
 ❯ src/components/forms/Checkbox.test.tsx:114:22

 FAIL  src/components/forms/Checkbox.test.tsx > Checkbox Component > Accessibility > should link helper text with aria-describedby
Error: Invalid Chai property: toHaveAttribute
 ❯ src/components/forms/Checkbox.test.tsx:122:22

 FAIL  src/components/forms/Checkbox.test.tsx > Checkbox Component > Accessibility > should be keyboard accessible
Error: Invalid Chai property: toHaveFocus
 ❯ src/components/forms/Checkbox.test.tsx:131:22

 FAIL  src/components/forms/Checkbox.test.tsx > Checkbox Component > Accessibility > should have focus styles
Error: Invalid Chai property: toHaveClass
 ❯ src/components/forms/Checkbox.test.tsx:141:22

 FAIL  src/components/forms/Checkbox.test.tsx > Checkbox Component > Custom Props > should accept custom id
Error: Invalid Chai property: toHaveAttribute
 ❯ src/components/forms/Checkbox.test.tsx:148:42

 FAIL  src/components/forms/Checkbox.test.tsx > Checkbox Component > Custom Props > should accept custom className
Error: Invalid Chai property: toHaveClass
 ❯ src/components/forms/Checkbox.test.tsx:153:42

 FAIL  src/components/forms/Input.test.tsx > Input Component > Rendering > should render input field
Error: Invalid Chai property: toBeInTheDocument
 ❯ src/components/forms/Input.test.tsx:10:41

 FAIL  src/components/forms/Input.test.tsx > Input Component > Rendering > should render with label
Error: Invalid Chai property: toBeInTheDocument
 ❯ src/components/forms/Input.test.tsx:15:42

 FAIL  src/components/forms/Input.test.tsx > Input Component > Rendering > should render with placeholder
Error: Invalid Chai property: toBeInTheDocument
 ❯ src/components/forms/Input.test.tsx:21:60

 FAIL  src/components/forms/Input.test.tsx > Input Component > Rendering > should render with error message
Error: Invalid Chai property: toBeInTheDocument
 ❯ src/components/forms/Input.test.tsx:26:56

 FAIL  src/components/forms/Input.test.tsx > Input Component > Input Types > should support text type
Error: Invalid Chai property: toHaveAttribute
 ❯ src/components/forms/Input.test.tsx:33:41

 FAIL  src/components/forms/Input.test.tsx > Input Component > Input Types > should support email type
Error: Invalid Chai property: toHaveAttribute
 ❯ src/components/forms/Input.test.tsx:39:19

 FAIL  src/components/forms/Input.test.tsx > Input Component > Input Types > should support password type
Error: Invalid Chai property: toHaveAttribute
 ❯ src/components/forms/Input.test.tsx:45:19

 FAIL  src/components/forms/Input.test.tsx > Input Component > Input Types > should support number type
Error: Invalid Chai property: toHaveAttribute
 ❯ src/components/forms/Input.test.tsx:51:19

 FAIL  src/components/forms/Input.test.tsx > Input Component > States > should accept default value
Error: Invalid Chai property: toHaveValue
 ❯ src/components/forms/Input.test.tsx:58:41

 FAIL  src/components/forms/Input.test.tsx > Input Component > States > should be disabled when disabled prop is true
Error: Invalid Chai property: toBeDisabled
 ❯ src/components/forms/Input.test.tsx:63:41

 FAIL  src/components/forms/Input.test.tsx > Input Component > States > should be required when required prop is true
Error: Invalid Chai property: toBeRequired
 ❯ src/components/forms/Input.test.tsx:68:41

 FAIL  src/components/forms/Input.test.tsx > Input Component > States > should be readonly when readOnly prop is true
Error: Invalid Chai property: toHaveAttribute
 ❯ src/components/forms/Input.test.tsx:73:41

 FAIL  src/components/forms/Input.test.tsx > Input Component > States > should apply error styles when error prop is present
Error: Invalid Chai property: toHaveClass
 ❯ src/components/forms/Input.test.tsx:78:41

 FAIL  src/components/forms/Input.test.tsx > Input Component > Interactions > should accept user input
Error: Invalid Chai property: toHaveValue
 ❯ src/components/forms/Input.test.tsx:90:19

 FAIL  src/components/forms/Input.test.tsx > Input Component > Interactions > should not accept input when disabled
Error: Invalid Chai property: toHaveValue
 ❯ src/components/forms/Input.test.tsx:137:19

 FAIL  src/components/forms/Input.test.tsx > Input Component > Accessibility > should be keyboard accessible
Error: Invalid Chai property: toHaveFocus
 ❯ src/components/forms/Input.test.tsx:149:19

 FAIL  src/components/forms/Input.test.tsx > Input Component > Accessibility > should have focus styles
Error: Invalid Chai property: toHaveClass
 ❯ src/components/forms/Input.test.tsx:156:19

 FAIL  src/components/forms/Input.test.tsx > Input Component > Accessibility > should associate label with input
Error: Invalid Chai property: toBeInTheDocument
 ❯ src/components/forms/Input.test.tsx:165:41

 FAIL  src/components/forms/Input.test.tsx > Input Component > Custom Props > should accept custom className
Error: Invalid Chai property: toHaveClass
 ❯ src/components/forms/Input.test.tsx:172:41

 FAIL  src/components/forms/Input.test.tsx > Input Component > Custom Props > should accept maxLength attribute
Error: Invalid Chai property: toHaveAttribute
 ❯ src/components/forms/Input.test.tsx:177:41

 FAIL  src/components/forms/Input.test.tsx > Input Component > Custom Props > should accept pattern attribute
Error: Invalid Chai property: toHaveAttribute
 ❯ src/components/forms/Input.test.tsx:182:41

 FAIL  src/components/forms/Input.test.tsx > Input Component > Custom Props > should accept name attribute
Error: Invalid Chai property: toHaveAttribute
 ❯ src/components/forms/Input.test.tsx:187:41

 FAIL  src/components/forms/Input.test.tsx > Input Component > Error Handling > should display error message
Error: Invalid Chai property: toBeInTheDocument
 ❯ src/components/forms/Input.test.tsx:194:47

 FAIL  src/components/forms/Input.test.tsx > Input Component > Error Handling > should prioritize error over helper text
Error: Invalid Chai property: toBeInTheDocument
 ❯ src/components/forms/Input.test.tsx:200:39

 FAIL  src/components/forms/Label.test.tsx > Label Component > Rendering > should render label with children
Error: Invalid Chai property: toBeInTheDocument
 ❯ src/components/forms/Label.test.tsx:9:42

 FAIL  src/components/forms/Label.test.tsx > Label Component > Rendering > should render as label element
Error: Invalid Chai property: toBeInTheDocument
 ❯ src/components/forms/Label.test.tsx:15:19

 FAIL  src/components/forms/Label.test.tsx > Label Component > Styling > should have base styling classes
Error: Invalid Chai property: toHaveClass
 ❯ src/components/forms/Label.test.tsx:23:19

 FAIL  src/components/forms/Label.test.tsx > Label Component > Styling > should accept custom className
Error: Invalid Chai property: toHaveClass
 ❯ src/components/forms/Label.test.tsx:29:19

 FAIL  src/components/forms/Label.test.tsx > Label Component > Styling > should combine base and custom classes
Error: Invalid Chai property: toHaveClass
 ❯ src/components/forms/Label.test.tsx:35:19

 FAIL  src/components/forms/Label.test.tsx > Label Component > HTML Attributes > should accept htmlFor attribute
Error: Invalid Chai property: toHaveAttribute
 ❯ src/components/forms/Label.test.tsx:43:19

 FAIL  src/components/forms/Label.test.tsx > Label Component > HTML Attributes > should accept id attribute
Error: Invalid Chai property: toHaveAttribute
 ❯ src/components/forms/Label.test.tsx:49:19

 FAIL  src/components/forms/Label.test.tsx > Label Component > HTML Attributes > should accept data attributes
Error: Invalid Chai property: toHaveAttribute
 ❯ src/components/forms/Label.test.tsx:63:19

 FAIL  src/components/forms/Label.test.tsx > Label Component > Children > should render text children
Error: Invalid Chai property: toBeInTheDocument
 ❯ src/components/forms/Label.test.tsx:70:45

 FAIL  src/components/forms/Label.test.tsx > Label Component > Children > should render JSX children
Error: Invalid Chai property: toBeInTheDocument
 ❯ src/components/forms/Label.test.tsx:80:39

 FAIL  src/components/forms/Label.test.tsx > Label Component > Children > should render multiple children
Error: Invalid Chai property: toBeInTheDocument
 ❯ src/components/forms/Label.test.tsx:90:42

 FAIL  src/components/forms/Label.test.tsx > Label Component > Accessibility > should associate label with input via htmlFor
Error: Invalid Chai property: toHaveAttribute
 ❯ src/components/forms/Label.test.tsx:105:19

 FAIL  src/components/forms/Select.test.tsx > Select Component > Rendering > should render select with placeholder
Error: Invalid Chai property: toBeInTheDocument
 ❯ src/components/forms/Select.test.tsx:16:47

 FAIL  src/components/forms/Select.test.tsx > Select Component > Rendering > should render with label
Error: Invalid Chai property: toBeInTheDocument
 ❯ src/components/forms/Select.test.tsx:21:48

 FAIL  src/components/forms/Select.test.tsx > Select Component > Rendering > should render with helper text
Error: Invalid Chai property: toBeInTheDocument
 ❯ src/components/forms/Select.test.tsx:26:47

 FAIL  src/components/forms/Select.test.tsx > Select Component > Rendering > should render with error message
Error: Invalid Chai property: toBeInTheDocument
 ❯ src/components/forms/Select.test.tsx:31:56

 FAIL  src/components/forms/Select.test.tsx > Select Component > Rendering > should hide helper text when error is shown
Error: Invalid Chai property: toBeInTheDocument
 ❯ src/components/forms/Select.test.tsx:37:44

 FAIL  src/components/forms/Select.test.tsx > Select Component > Rendering > should show required asterisk when required
Error: Invalid Chai property: toBeInTheDocument
 ❯ src/components/forms/Select.test.tsx:43:47

 FAIL  src/components/forms/Select.test.tsx > Select Component > States > should be enabled by default
Error: Invalid Chai property: toHaveAttribute
 ❯ src/components/forms/Select.test.tsx:51:23

 FAIL  src/components/forms/Select.test.tsx > Select Component > States > should be disabled when disabled prop is true
Error: Invalid Chai property: toBeDisabled
 ❯ src/components/forms/Select.test.tsx:57:21

 FAIL  src/components/forms/Select.test.tsx > Select Component > States > should display default value
Error: Invalid Chai property: toBeInTheDocument
 ❯ src/components/forms/Select.test.tsx:62:42

 FAIL  src/components/forms/Select.test.tsx > Select Component > States > should display controlled value
Error: Invalid Chai property: toBeInTheDocument
 ❯ src/components/forms/Select.test.tsx:67:42

 FAIL  src/components/forms/Select.test.tsx > Select Component > Interactions > should have combobox trigger that can be clicked
Error: Invalid Chai property: toBeEnabled. Did you mean "toBeCalled"?
 ❯ src/components/forms/Select.test.tsx:75:21

 FAIL  src/components/forms/Select.test.tsx > Select Component > Accessibility > should have proper ARIA attributes when error is present
Error: Invalid Chai property: toHaveAttribute
 ❯ src/components/forms/Select.test.tsx:91:21

 FAIL  src/components/forms/Select.test.tsx > Select Component > Accessibility > should link helper text with aria-describedby
Error: Invalid Chai property: toHaveAttribute
 ❯ src/components/forms/Select.test.tsx:99:21

 FAIL  src/components/forms/Select.test.tsx > Select Component > Accessibility > should have role combobox
Error: Invalid Chai property: toBeInTheDocument
 ❯ src/components/forms/Select.test.tsx:104:42

 FAIL  src/components/forms/Select.test.tsx > Select Component > Accessibility > should be keyboard accessible
Error: Invalid Chai property: toHaveFocus
 ❯ src/components/forms/Select.test.tsx:112:21

 FAIL  src/components/forms/Select.test.tsx > Select Component > Custom Props > should accept custom id
Error: Invalid Chai property: toHaveAttribute
 ❯ src/components/forms/Select.test.tsx:119:42

 FAIL  src/components/forms/Select.test.tsx > Select Component > Custom Props > should accept custom className
Error: Invalid Chai property: toHaveClass
 ❯ src/components/forms/Select.test.tsx:124:42

 FAIL  src/components/forms/Select.test.tsx > Select Component > Custom Props > should render empty items array
Error: Invalid Chai property: toBeInTheDocument
 ❯ src/components/forms/Select.test.tsx:136:42

 FAIL  src/components/forms/Select.test.tsx > Select Component > Styling > should apply error border styling when error prop is present
Error: Invalid Chai property: toHaveClass
 ❯ src/components/forms/Select.test.tsx:144:21

 FAIL  src/components/forms/Select.test.tsx > Select Component > Styling > should apply disabled styling when disabled
Error: Invalid Chai property: toHaveClass
 ❯ src/components/forms/Select.test.tsx:150:21

 FAIL  src/components/forms/Switch.test.tsx > Switch Component > Rendering > should render switch
Error: Invalid Chai property: toBeInTheDocument
 ❯ src/components/forms/Switch.test.tsx:11:40

 FAIL  src/components/forms/Switch.test.tsx > Switch Component > Rendering > should render with label
Error: Invalid Chai property: toBeInTheDocument
 ❯ src/components/forms/Switch.test.tsx:16:54

 FAIL  src/components/forms/Switch.test.tsx > Switch Component > Rendering > should render with helper text
Error: Invalid Chai property: toBeInTheDocument
 ❯ src/components/forms/Switch.test.tsx:22:50

 FAIL  src/components/forms/Switch.test.tsx > Switch Component > Rendering > should render with error message
Error: Invalid Chai property: toBeInTheDocument
 ❯ src/components/forms/Switch.test.tsx:27:48

 FAIL  src/components/forms/Switch.test.tsx > Switch Component > Rendering > should hide helper text when error is shown
Error: Invalid Chai property: toBeInTheDocument
 ❯ src/components/forms/Switch.test.tsx:33:44

 FAIL  src/components/forms/Switch.test.tsx > Switch Component > States > should be unchecked by default
Error: Invalid Chai property: toHaveAttribute
 ❯ src/components/forms/Switch.test.tsx:41:40

 FAIL  src/components/forms/Switch.test.tsx > Switch Component > States > should be checked when defaultChecked is true
Error: Invalid Chai property: toHaveAttribute
 ❯ src/components/forms/Switch.test.tsx:46:40

 FAIL  src/components/forms/Switch.test.tsx > Switch Component > States > should be disabled when disabled prop is true
Error: Invalid Chai property: toBeDisabled
 ❯ src/components/forms/Switch.test.tsx:51:40

 FAIL  src/components/forms/Switch.test.tsx > Switch Component > Styling > should have base styling classes
Error: Invalid Chai property: toHaveClass
 ❯ src/components/forms/Switch.test.tsx:60:22

 FAIL  src/components/forms/Switch.test.tsx > Switch Component > Styling > should apply checked state styles
Error: Invalid Chai property: toHaveAttribute
 ❯ src/components/forms/Switch.test.tsx:67:22

 FAIL  src/components/forms/Switch.test.tsx > Switch Component > Styling > should apply unchecked state styles
Error: Invalid Chai property: toHaveAttribute
 ❯ src/components/forms/Switch.test.tsx:74:22

 FAIL  src/components/forms/Switch.test.tsx > Switch Component > Styling > should apply error styles when error prop is present
Error: Invalid Chai property: toHaveClass
 ❯ src/components/forms/Switch.test.tsx:79:40

 FAIL  src/components/forms/Switch.test.tsx > Switch Component > Interactions > should toggle when clicked
Error: Invalid Chai property: toHaveAttribute
 ❯ src/components/forms/Switch.test.tsx:89:22

 FAIL  src/components/forms/Switch.test.tsx > Switch Component > Interactions > should toggle when label is clicked
Error: Invalid Chai property: toHaveAttribute
 ❯ src/components/forms/Switch.test.tsx:113:22

 FAIL  src/components/forms/Switch.test.tsx > Switch Component > Accessibility > should have proper ARIA attributes when error is present
Error: Invalid Chai property: toHaveAttribute
 ❯ src/components/forms/Switch.test.tsx:135:22

 FAIL  src/components/forms/Switch.test.tsx > Switch Component > Accessibility > should link helper text with aria-describedby
Error: Invalid Chai property: toHaveAttribute
 ❯ src/components/forms/Switch.test.tsx:143:22

 FAIL  src/components/forms/Switch.test.tsx > Switch Component > Accessibility > should be keyboard accessible
Error: Invalid Chai property: toHaveFocus
 ❯ src/components/forms/Switch.test.tsx:152:22

 FAIL  src/components/forms/Switch.test.tsx > Switch Component > Accessibility > should have focus styles
Error: Invalid Chai property: toHaveClass
 ❯ src/components/forms/Switch.test.tsx:162:22

 FAIL  src/components/forms/Switch.test.tsx > Switch Component > Accessibility > should have proper role
Error: Invalid Chai property: toBeInTheDocument
 ❯ src/components/forms/Switch.test.tsx:167:40

 FAIL  src/components/forms/Switch.test.tsx > Switch Component > Custom Props > should accept custom id
Error: Invalid Chai property: toHaveAttribute
 ❯ src/components/forms/Switch.test.tsx:174:40

 FAIL  src/components/forms/Switch.test.tsx > Switch Component > Custom Props > should accept custom className
Error: Invalid Chai property: toHaveClass
 ❯ src/components/forms/Switch.test.tsx:179:40
================================================================

[FAILED] @maatwork/api
----------------------------------------------------------------
 ❯ src/utils/validation/common-schemas.test.ts (52 tests | 3 failed) 21ms
{"level":50,"time":1766969558218,"pid":883,"hostname":"MacBook-Air-de-Gio.local","name":"pipeline-stages-utils","err":{"type":"Error","message":"DB error","stack":"Error: DB error\n    at /Users/prueba/Desktop/CactusDashboard/apps/api/src/utils/pipeline-stages.test.ts:260:46\n    at file:///Users/prueba/Desktop/CactusDashboard/node_modules/.pnpm/@vitest+runner@4.0.15/node_modules/@vitest/runner/dist/index.js:145:11\n    at file:///Users/prueba/Desktop/CactusDashboard/node_modules/.pnpm/@vitest+runner@4.0.15/node_modules/@vitest/runner/dist/index.js:915:26\n    at file:///Users/prueba/Desktop/CactusDashboard/node_modules/.pnpm/@vitest+runner@4.0.15/node_modules/@vitest/runner/dist/index.js:1240:20\n    at new Promise (<anonymous>)\n    at runWithTimeout (file:///Users/prueba/Desktop/CactusDashboard/node_modules/.pnpm/@vitest+runner@4.0.15/node_modules/@vitest/runner/dist/index.js:1206:10)\n    at file:///Users/prueba/Desktop/CactusDashboard/node_modules/.pnpm/@vitest+runner@4.0.15/node_modules/@vitest/runner/dist/index.js:1650:37\n    at Traces.$ (file:///Users/prueba/Desktop/CactusDashboard/node_modules/.pnpm/vitest@4.0.15_@opentelemetry+api@1.9.0_@types+node@20.19.26_@vitest+ui@4.0.15_jiti@2.6.1_jsdo_yal3z4zu4pylqr65u2kksgtjpq/node_modules/vitest/dist/chunks/traces.U4xDYhzZ.js:115:27)\n    at trace (file:///Users/prueba/Desktop/CactusDashboard/node_modules/.pnpm/vitest@4.0.15_@opentelemetry+api@1.9.0_@types+node@20.19.26_@vitest+ui@4.0.15_jiti@2.6.1_jsdo_yal3z4zu4pylqr65u2kksgtjpq/node_modules/vitest/dist/chunks/test.BT8LKgU9.js:239:21)\n    at runTest (file:///Users/prueba/Desktop/CactusDashboard/node_modules/.pnpm/@vitest+runner@4.0.15/node_modules/@vitest/runner/dist/index.js:1650:12)"},"stageName":"Prospecto","msg":"Error ensuring pipeline stage"}
{"level":50,"time":1766969558220,"pid":883,"hostname":"MacBook-Air-de-Gio.local","name":"pipeline-stages-utils","err":{"type":"Error","message":"DB error","stack":"Error: DB error\n    at /Users/prueba/Desktop/CactusDashboard/apps/api/src/utils/pipeline-stages.test.ts:260:46\n    at file:///Users/prueba/Desktop/CactusDashboard/node_modules/.pnpm/@vitest+runner@4.0.15/node_modules/@vitest/runner/dist/index.js:145:11\n    at file:///Users/prueba/Desktop/CactusDashboard/node_modules/.pnpm/@vitest+runner@4.0.15/node_modules/@vitest/runner/dist/index.js:915:26\n    at file:///Users/prueba/Desktop/CactusDashboard/node_modules/.pnpm/@vitest+runner@4.0.15/node_modules/@vitest/runner/dist/index.js:1240:20\n    at new Promise (<anonymous>)\n    at runWithTimeout (file:///Users/prueba/Desktop/CactusDashboard/node_modules/.pnpm/@vitest+runner@4.0.15/node_modules/@vitest/runner/dist/index.js:1206:10)\n    at file:///Users/prueba/Desktop/CactusDashboard/node_modules/.pnpm/@vitest+runner@4.0.15/node_modules/@vitest/runner/dist/index.js:1650:37\n    at Traces.$ (file:///Users/prueba/Desktop/CactusDashboard/node_modules/.pnpm/vitest@4.0.15_@opentelemetry+api@1.9.0_@types+node@20.19.26_@vitest+ui@4.0.15_jiti@2.6.1_jsdo_yal3z4zu4pylqr65u2kksgtjpq/node_modules/vitest/dist/chunks/traces.U4xDYhzZ.js:115:27)\n    at trace (file:///Users/prueba/Desktop/CactusDashboard/node_modules/.pnpm/vitest@4.0.15_@opentelemetry+api@1.9.0_@types+node@20.19.26_@vitest+ui@4.0.15_jiti@2.6.1_jsdo_yal3z4zu4pylqr65u2kksgtjpq/node_modules/vitest/dist/chunks/test.BT8LKgU9.js:239:21)\n    at runTest (file:///Users/prueba/Desktop/CactusDashboard/node_modules/.pnpm/@vitest+runner@4.0.15/node_modules/@vitest/runner/dist/index.js:1650:12)"},"stageName":"Contactado","msg":"Error ensuring pipeline stage"}
{"level":50,"time":1766969558220,"pid":883,"hostname":"MacBook-Air-de-Gio.local","name":"pipeline-stages-utils","err":{"type":"Error","message":"DB error","stack":"Error: DB error\n    at /Users/prueba/Desktop/CactusDashboard/apps/api/src/utils/pipeline-stages.test.ts:260:46\n    at file:///Users/prueba/Desktop/CactusDashboard/node_modules/.pnpm/@vitest+runner@4.0.15/node_modules/@vitest/runner/dist/index.js:145:11\n    at file:///Users/prueba/Desktop/CactusDashboard/node_modules/.pnpm/@vitest+runner@4.0.15/node_modules/@vitest/runner/dist/index.js:915:26\n    at file:///Users/prueba/Desktop/CactusDashboard/node_modules/.pnpm/@vitest+runner@4.0.15/node_modules/@vitest/runner/dist/index.js:1240:20\n    at new Promise (<anonymous>)\n    at runWithTimeout (file:///Users/prueba/Desktop/CactusDashboard/node_modules/.pnpm/@vitest+runner@4.0.15/node_modules/@vitest/runner/dist/index.js:1206:10)\n    at file:///Users/prueba/Desktop/CactusDashboard/node_modules/.pnpm/@vitest+runner@4.0.15/node_modules/@vitest/runner/dist/index.js:1650:37\n    at Traces.$ (file:///Users/prueba/Desktop/CactusDashboard/node_modules/.pnpm/vitest@4.0.15_ ✓ src/utils/pipeline-stages.test.ts (12 tests) 11ms
@opentelemetry+api@1.9.0_@types+node@20.19.26_@vitest+ui@4.0.15_jiti@2.6.1_jsdo_yal3z4zu4pylqr65u2kksgtjpq/node_modules/vitest/dist/chunks/traces.U4xDYhzZ.js:115:27)\n    at trace (file:///Users/prueba/Desktop/CactusDashboard/node_modules/.pnpm/vitest@4.0.15_@opentelemetry+api@1.9.0_@types+node@20.19.26_@vitest+ui@4.0.15_jiti@2.6.1_jsdo_yal3z4zu4pylqr65u2kksgtjpq/node_modules/vitest/dist/chunks/test.BT8LKgU9.js:239:21)\n    at runTest (file:///Users/prueba/Desktop/CactusDashboard/node_modules/.pnpm/@vitest+runner@4.0.15/node_modules/@vitest/runner/dist/index.js:1650:12)"},"stageName":"Primera reunion","msg":"Error ensuring pipeline stage"}
{"level":50,"time":1766969558220,"pid":883,"hostname":"MacBook-Air-de-Gio.local","name":"pipeline-stages-utils","err":{"type":"Error","message":"DB error","stack":"Error: DB error\n    at /Users/prueba/Desktop/CactusDashboard/apps/api/src/utils/pipeline-stages.test.ts:260:46\n    at file:///Users/prueba/Desktop/CactusDashboard/node_modules/.pnpm/@vitest+runner@4.0.15/node_modules/@vitest/runner/dist/index.js:145:11\n    at file:///Users/prueba/Desktop/CactusDashboard/node_modules/.pnpm/@vitest+runner@4.0.15/node_modules/@vitest/runner/dist/index.js:915:26\n    at file:///Users/prueba/Desktop/CactusDashboard/node_modules/.pnpm/@vitest+runner@4.0.15/node_modules/@vitest/runner/dist/index.js:1240:20\n    at new Promise (<anonymous>)\n    at runWithTimeout (file:///Users/prueba/Desktop/CactusDashboard/node_modules/.pnpm/@vitest+runner@4.0.15/node_modules/@vitest/runner/dist/index.js:1206:10)\n    at file:///Users/prueba/Desktop/CactusDashboard/node_modules/.pnpm/@vitest+runner@4.0.15/node_modules/@vitest/runner/dist/index.js:1650:37\n    at Traces.$ (file:///Users/prueba/Desktop/CactusDashboard/node_modules/.pnpm/vitest@4.0.15_@opentelemetry+api@1.9.0_@types+node@20.19.26_@vitest+ui@4.0.15_jiti@2.6.1_jsdo_yal3z4zu4pylqr65u2kksgtjpq/node_modules/vitest/dist/chunks/traces.U4xDYhzZ.js:115:27)\n    at trace (file:///Users/prueba/Desktop/CactusDashboard/node_modules/.pnpm/vitest@4.0.15_@opentelemetry+api@1.9.0_@types+node@20.19.26_@vitest+ui@4.0.15_jiti@2.6.1_jsdo_yal3z4zu4pylqr65u2kksgtjpq/node_modules/vitest/dist/chunks/test.BT8LKgU9.js:239:21)\n    at runTest (file:///Users/prueba/Desktop/CactusDashboard/node_modules/.pnpm/@vitest+runner@4.0.15/node_modules/@vitest/runner/dist/index.js:1650:12)"},"stageName":"Segunda reunion","msg":"Error ensuring pipeline stage"}
{"level":50,"time":1766969558220,"pid":883,"hostname":"MacBook-Air-de-Gio.local","name":"pipeline-stages-utils","err":{"type":"Error","message":"DB error","stack":"Error: DB error\n    at /Users/prueba/Desktop/CactusDashboard/apps/api/src/utils/pipeline-stages.test.ts:260:46\n    at file:///Users/prueba/Desktop/CactusDashboard/node_modules/.pnpm/@vitest+runner@4.0.15/node_modules/@vitest/runner/dist/index.js:145:11\n    at file:///Users/prueba/Desktop/CactusDashboard/node_modules/.pnpm/@vitest+runner@4.0.15/node_modules/@vitest/runner/dist/index.js:915:26\n    at file:///Users/prueba/Desktop/CactusDashboard/node_modules/.pnpm/@vitest+runner@4.0.15/node_modules/@vitest/runner/dist/index.js:1240:20\n    at new Promise (<anonymous>)\n    at runWithTimeout (file:///Users/prueba/Desktop/CactusDashboard/node_modules/.pnpm/@vitest+runner@4.0.15/node_modules/@vitest/runner/dist/index.js:1206:10)\n    at file:///Users/prueba/Desktop/CactusDashboard/node_modules/.pnpm/@vitest+runner@4.0.15/node_modules/@vitest/runner/dist/index.js:1650:37\n    at Traces.$ (file:///Users/prueba/Desktop/CactusDashboard/node_modules/.pnpm/vitest@4.0.15_@opentelemetry+api@1.9.0_@types+node@20.19.26_@vitest+ui@4.0.15_jiti@2.6.1_jsdo_yal3z4zu4pylqr65u2kksgtjpq/node_modules/vitest/dist/chunks/traces.U4xDYhzZ.js:115:27)\n    at trace (file:///Users/prueba/Desktop/CactusDashboard/node_modules/.pnpm/vitest@4.0.15_@opentelemetry+api@1.9.0_@types+node@20.19.26_@vitest+ui@4.0.15_jiti@2.6.1_jsdo_yal3z4zu4pylqr65u2kksgtjpq/node_modules/vitest/dist/chunks/test.BT8LKgU9.js:239:21)\n    at runTest (file:///Users/prueba/Desktop/CactusDashboard/node_modules/.pnpm/@vitest+runner@4.0.15/node_modules/@vitest/runner/dist/index.js:1650:12)"},"stageName":"Cliente","msg":"Error ensuring pipeline stage"}
{"level":50,"time":1766969558220,"pid":883,"hostname":"MacBook-Air-de-Gio.local","name":"pipeline-stages-utils","err":{"type":"Error","message":"DB error","stack":"Error: DB error\n    at /Users/prueba/Desktop/CactusDashboard/apps/api/src/utils/pipeline-stages.test.ts:260:46\n    at file:///Users/prueba/Desktop/CactusDashboard/node_modules/.pnpm/@vitest+runner@4.0.15/node_modules/@vitest/runner/dist/index.js:145:11\n    at file:///Users/prueba/Desktop/CactusDashboard/node_modules/.pnpm/@vitest+runner@4.0.15/node_modules/@vitest/runner/dist/index.js:915:26\n    at file:///Users/prueba/Desktop/CactusDashboard/node_modules/.pnpm/@vitest+runner@4.0.15/node_modules/@vitest/runner/dist/index.js:1240:20\n    at new Promise (<anonymous>)\n    at runWithTimeout (file:///Users/prueba/Desktop/CactusDashboard/node_modules/.pnpm/@vitest+runner@4.0.15/node_modules/@vitest/runner/dist/index.js:1206:10)\n    at file:///Users/prueba/Desktop/CactusDashboard/node_modules/.pnpm/@vitest+runner@4.0.15/node_modules/@vitest/runner/dist/index.js:1650:37\n    at Traces.$ (file:///Users/prueba/Desktop/CactusDashboard/node_modules/.pnpm/vitest@4.0.15_@opentelemetry+api@1.9.0_@types+node@20.19.26_@vitest+ui@4.0.15_jiti@2.6.1_jsdo_yal3z4zu4pylqr65u2kksgtjpq/node_modules/vitest/dist/chunks/traces.U4xDYhzZ.js:115:27)\n    at trace (file:///Users/prueba/Desktop/CactusDashboard/node_modules/.pnpm/vitest@4.0.15_@opentelemetry+api@1.9.0_@types+node@20.19.26_@vitest+ui@4.0.15_jiti@2.6.1_jsdo_yal3z4zu4pylqr65u2kksgtjpq/node_modules/vitest/dist/chunks/test.BT8LKgU9.js:239:21)\n    at runTest (file:///Users/prueba/Desktop/CactusDashboard/node_modules/.pnpm/@vitest+runner@4.0.15/node_modules/@vitest/runner/dist/index.js:1650:12)"},"stageName":"Cuenta vacia","msg":"Error ensuring pipeline stage"}
{"level":50,"time":1766969558220,"pid":883,"hostname":"MacBook-Air-de-Gio.local","name":"pipeline-stages-utils","err":{"type":"Error","message":"DB error","stack":"Error: DB error\n    at /Users/prueba/Desktop/CactusDashboard/apps/api/src/utils/pipeline-stages.test.ts:260:46\n    at file:///Users/prueba/Desktop/CactusDashboard/node_modules/.pnpm/@vitest+runner@4.0.15/node_modules/@vitest/runner/dist/index.js:145:11\n    at file:///Users/prueba/Desktop/CactusDashboard/node_modules/.pnpm/@vitest+runner@4.0.15/node_modules/@vitest/runner/dist/index.js:915:26\n    at file:///Users/prueba/Desktop/CactusDashboard/node_modules/.pnpm/@vitest+runner@4.0.15/node_modules/@vitest/runner/dist/index.js:1240:20\n    at new Promise (<anonymous>)\n    at runWithTimeout (file:///Users/prueba/Desktop/CactusDashboard/node_modules/.pnpm/@vitest+runner@4.0.15/node_modules/@vitest/runner/dist/index.js:1206:10)\n    at file:///Users/prueba/Desktop/CactusDashboard/node_modules/.pnpm/@vitest+runner@4.0.15/node_modules/@vitest/runner/dist/index.js:1650:37\n    at Traces.$ (file:///Users/prueba/Desktop/CactusDashboard/node_modules/.pnpm/vitest@4.0.15_@opentelemetry+api@1.9.0_@types+node@20.19.26_@vitest+ui@4.0.15_jiti@2.6.1_jsdo_yal3z4zu4pylqr65u2kksgtjpq/node_modules/vitest/dist/chunks/traces.U4xDYhzZ.js:115:27)\n    at trace (file:///Users/prueba/Desktop/CactusDashboard/node_modules/.pnpm/vitest@4.0.15_@opentelemetry+api@1.9.0_@types+node@20.19.26_@vitest+ui@4.0.15_jiti@2.6.1_jsdo_yal3z4zu4pylqr65u2kksgtjpq/node_modules/vitest/dist/chunks/test.BT8LKgU9.js:239:21)\n    at runTest (file:///Users/prueba/Desktop/CactusDashboard/node_modules/.pnpm/@vitest+runner@4.0.15/node_modules/@vitest/runner/dist/index.js:1650:12)"},"stageName":"Caido","msg":"Error ensuring pipeline stage"}
   Start at  21:52:34
/Users/prueba/Desktop/CactusDashboard/apps/api:
 ERR_PNPM_RECURSIVE_RUN_FIRST_FAIL  @maatwork/api@1.0.0 test:unit: `vitest run`
Exit status 1

 FAIL  src/utils/validation/common-schemas.test.ts > paginationQuerySchema > debería validar límite máximo de 100
AssertionError: expected [Function] to throw an error
 ❯ src/utils/validation/common-schemas.test.ts:138:78

 FAIL  src/utils/validation/common-schemas.test.ts > paginationSchemaWithLimit > debería crear schema con límite custom
AssertionError: expected true to be false // Object.is equality
- Expected
+ Received
 ❯ src/utils/validation/common-schemas.test.ts:430:29

 FAIL  src/utils/validation/common-schemas.test.ts > paginationSchemaWithLimit > debería usar límite por defecto si no se especifica
AssertionError: expected true to be false // Object.is equality
- Expected
+ Received
 ❯ src/utils/validation/common-schemas.test.ts:445:29
================================================================

[FAILED] @maatwork/web
----------------------------------------------------------------
 ❯ app/components/home/__tests__/PersonalCalendarWidget.test.tsx (7 tests | 7 failed) 33ms
     × should have refresh button that calls mutate 3ms
 ❯ app/components/CareerProgressBar.test.tsx (13 tests | 3 failed) 226ms
       ✓ should cap progress bar at 100% visually 3ms
 ❯ app/components/home/MetricsSection.test.tsx (7 tests | 1 failed) 339ms
 ❯ lib/api-hooks.test.tsx (25 tests | 1 failed) 39ms
       ✓ rejects files that are too large  1393ms
   Start at  21:52:45
/Users/prueba/Desktop/CactusDashboard/apps/web:
 ERR_PNPM_RECURSIVE_RUN_FIRST_FAIL  @maatwork/web@1.0.0 test:unit: `vitest run`
Exit status 1
When testing, code that causes React state updates should be wrapped into act(...):
  /* fire events that update state */
This ensures that you're testing the behavior the user would see in the browser. Learn more at https://react.dev/link/wrap-tests-with-act
When testing, code that causes React state updates should be wrapped into act(...):
  /* fire events that update state */
This ensures that you're testing the behavior the user would see in the browser. Learn more at https://react.dev/link/wrap-tests-with-act
When testing, code that causes React state updates should be wrapped into act(...):
  /* fire events that update state */
This ensures that you're testing the behavior the user would see in the browser. Learn more at https://react.dev/link/wrap-tests-with-act
When testing, code that causes React state updates should be wrapped into act(...):
  /* fire events that update state */
This ensures that you're testing the behavior the user would see in the browser. Learn more at https://react.dev/link/wrap-tests-with-act
When testing, code that causes React state updates should be wrapped into act(...):
  /* fire events that update state */
This ensures that you're testing the behavior the user would see in the browser. Learn more at https://react.dev/link/wrap-tests-with-act
When testing, code that causes React state updates should be wrapped into act(...):
  /* fire events that update state */
This ensures that you're testing the behavior the user would see in the browser. Learn more at https://react.dev/link/wrap-tests-with-act
When testing, code that causes React state updates should be wrapped into act(...):
  /* fire events that update state */
This ensures that you're testing the behavior the user would see in the browser. Learn more at https://react.dev/link/wrap-tests-with-act
When testing, code that causes React state updates should be wrapped into act(...):
  /* fire events that update state */
This ensures that you're testing the behavior the user would see in the browser. Learn more at https://react.dev/link/wrap-tests-with-act
When testing, code that causes React state updates should be wrapped into act(...):
  /* fire events that update state */
This ensures that you're testing the behavior the user would see in the browser. Learn more at https://react.dev/link/wrap-tests-with-act
When testing, code that causes React state updates should be wrapped into act(...):
  /* fire events that update state */
This ensures that you're testing the behavior the user would see in the browser. Learn more at https://react.dev/link/wrap-tests-with-act
❌ Error al cargar Debug Console: Error: Simulated import failure
    at /Users/prueba/Desktop/CactusDashboard/apps/web/app/components/DebugConsole.test.tsx:144:13
    at Mock (file:///Users/prueba/Desktop/CactusDashboard/node_modules/.pnpm/@vitest+spy@4.0.15/node_modules/@vitest/spy/dist/index.js:285:34)
    at initializeDebug (/Users/prueba/Desktop/CactusDashboard/apps/web/app/components/DebugConsole.tsx:36:9)
❌ Error al cargar Debug Console: Error: Simulated import failure
    at /Users/prueba/Desktop/CactusDashboard/apps/web/app/components/DebugConsole.test.tsx:166:13
    at Mock (file:///Users/prueba/Desktop/CactusDashboard/node_modules/.pnpm/@vitest+spy@4.0.15/node_modules/@vitest/spy/dist/index.js:285:34)
    at initializeDebug (/Users/prueba/Desktop/CactusDashboard/apps/web/app/components/DebugConsole.tsx:36:9)
    stack: 'Error: AbortError\n' +
      '    at Timeout._onTimeout (/Users/prueba/Desktop/CactusDashboard/apps/web/lib/api-client.test.ts:248:66)\n' +
      '    at listOnTimeout (node:internal/timers:594:17)\n' +
      '    at processTimers (node:internal/timers:529:7)'
  stack: 'Error: AbortError\n' +
    '    at Timeout._onTimeout (/Users/prueba/Desktop/CactusDashboard/apps/web/lib/api-client.test.ts:248:66)\n' +
    '    at listOnTimeout (node:internal/timers:594:17)\n' +
    '    at processTimers (node:internal/timers:529:7)'
    stack: 'Error: Request timeout after 5000ms\n' +
      '    at fetchWithLogging (/Users/prueba/Desktop/CactusDashboard/apps/web/lib/fetch-client.ts:93:28)\n' +
      '    at ApiClient.requestWithRetry (/Users/prueba/Desktop/CactusDashboard/apps/web/lib/api/client.ts:73:26)\n' +
      '    at /Users/prueba/Desktop/CactusDashboard/apps/web/lib/api-client.test.ts:393:7\n' +
      '    at file:///Users/prueba/Desktop/CactusDashboard/node_modules/.pnpm/@vitest+runner@4.0.15/node_modules/@vitest/runner/dist/index.js:915:20'
  stack: 'Error: Request timeout after 5000ms\n' +
    '    at fetchWithLogging (/Users/prueba/Desktop/CactusDashboard/apps/web/lib/fetch-client.ts:93:28)\n' +
    '    at ApiClient.requestWithRetry (/Users/prueba/Desktop/CactusDashboard/apps/web/lib/api/client.ts:73:26)\n' +
    '    at /Users/prueba/Desktop/CactusDashboard/apps/web/lib/api-client.test.ts:393:7\n' +
    '    at file:///Users/prueba/Desktop/CactusDashboard/node_modules/.pnpm/@vitest+runner@4.0.15/node_modules/@vitest/runner/dist/index.js:915:20'
When testing, code that causes React state updates should be wrapped into act(...):
  /* fire events that update state */
This ensures that you're testing the behavior the user would see in the browser. Learn more at https://react.dev/link/wrap-tests-with-act
When testing, code that causes React state updates should be wrapped into act(...):
  /* fire events that update state */
This ensures that you're testing the behavior the user would see in the browser. Learn more at https://react.dev/link/wrap-tests-with-act
When testing, code that causes React state updates should be wrapped into act(...):
  /* fire events that update state */
This ensures that you're testing the behavior the user would see in the browser. Learn more at https://react.dev/link/wrap-tests-with-act
When testing, code that causes React state updates should be wrapped into act(...):
  /* fire events that update state */
This ensures that you're testing the behavior the user would see in the browser. Learn more at https://react.dev/link/wrap-tests-with-act
When testing, code that causes React state updates should be wrapped into act(...):
  /* fire events that update state */
This ensures that you're testing the behavior the user would see in the browser. Learn more at https://react.dev/link/wrap-tests-with-act
When testing, code that causes React state updates should be wrapped into act(...):
  /* fire events that update state */
This ensures that you're testing the behavior the user would see in the browser. Learn more at https://react.dev/link/wrap-tests-with-act
When testing, code that causes React state updates should be wrapped into act(...):
  /* fire events that update state */
This ensures that you're testing the behavior the user would see in the browser. Learn more at https://react.dev/link/wrap-tests-with-act
When testing, code that causes React state updates should be wrapped into act(...):
  /* fire events that update state */
This ensures that you're testing the behavior the user would see in the browser. Learn more at https://react.dev/link/wrap-tests-with-act
When testing, code that causes React state updates should be wrapped into act(...):
  /* fire events that update state */
This ensures that you're testing the behavior the user would see in the browser. Learn more at https://react.dev/link/wrap-tests-with-act
When testing, code that causes React state updates should be wrapped into act(...):
  /* fire events that update state */
This ensures that you're testing the behavior the user would see in the browser. Learn more at https://react.dev/link/wrap-tests-with-act
    stack: 'Error: Request timeout after 5000ms\n' +
      '    at fetchWithLogging (/Users/prueba/Desktop/CactusDashboard/apps/web/lib/fetch-client.ts:93:28)\n' +
      '    at ApiClient.requestWithRetry (/Users/prueba/Desktop/CactusDashboard/apps/web/lib/api/client.ts:73:26)\n' +
      '    at /Users/prueba/Desktop/CactusDashboard/apps/web/lib/api-client.test.ts:393:7\n' +
      '    at file:///Users/prueba/Desktop/CactusDashboard/node_modules/.pnpm/@vitest+runner@4.0.15/node_modules/@vitest/runner/dist/index.js:915:20'
  stack: 'Error: Request timeout after 5000ms\n' +
    '    at fetchWithLogging (/Users/prueba/Desktop/CactusDashboard/apps/web/lib/fetch-client.ts:93:28)\n' +
    '    at ApiClient.requestWithRetry (/Users/prueba/Desktop/CactusDashboard/apps/web/lib/api/client.ts:73:26)\n' +
    '    at /Users/prueba/Desktop/CactusDashboard/apps/web/lib/api-client.test.ts:393:7\n' +
    '    at file:///Users/prueba/Desktop/CactusDashboard/node_modules/.pnpm/@vitest+runner@4.0.15/node_modules/@vitest/runner/dist/index.js:915:20'
    stack: 'Error: Request timeout after 50ms\n' +
      '    at fetchWithLogging (/Users/prueba/Desktop/CactusDashboard/apps/web/lib/fetch-client.ts:93:28)\n' +
      '    at ApiClient.requestWithRetry (/Users/prueba/Desktop/CactusDashboard/apps/web/lib/api/client.ts:73:26)\n' +
      '    at /Users/prueba/Desktop/CactusDashboard/apps/web/lib/api-client.test.ts:407:7\n' +
      '    at file:///Users/prueba/Desktop/CactusDashboard/node_modules/.pnpm/@vitest+runner@4.0.15/node_modules/@vitest/runner/dist/index.js:915:20'
  stack: 'Error: Request timeout after 50ms\n' +
    '    at fetchWithLogging (/Users/prueba/Desktop/CactusDashboard/apps/web/lib/fetch-client.ts:93:28)\n' +
    '    at ApiClient.requestWithRetry (/Users/prueba/Desktop/CactusDashboard/apps/web/lib/api/client.ts:73:26)\n' +
    '    at /Users/prueba/Desktop/CactusDashboard/apps/web/lib/api-client.test.ts:407:7\n' +
    '    at file:///Users/prueba/Desktop/CactusDashboard/node_modules/.pnpm/@vitest+runner@4.0.15/node_modules/@vitest/runner/dist/index.js:915:20'
stderr | app/admin/aum/components/FileUploader.test.tsx > FileUploader > File Validation > rejects files that are too large
  fullError: { userMessage: 'Upload failed', message: 'Server error' }
    stack: 'Error: Request timeout after 50ms\n' +
      '    at fetchWithLogging (/Users/prueba/Desktop/CactusDashboard/apps/web/lib/fetch-client.ts:93:28)\n' +
      '    at ApiClient.requestWithRetry (/Users/prueba/Desktop/CactusDashboard/apps/web/lib/api/client.ts:73:26)\n' +
      '    at /Users/prueba/Desktop/CactusDashboard/apps/web/lib/api-client.test.ts:407:7\n' +
      '    at file:///Users/prueba/Desktop/CactusDashboard/node_modules/.pnpm/@vitest+runner@4.0.15/node_modules/@vitest/runner/dist/index.js:915:20'
  stack: 'Error: Request timeout after 50ms\n' +
    '    at fetchWithLogging (/Users/prueba/Desktop/CactusDashboard/apps/web/lib/fetch-client.ts:93:28)\n' +
    '    at ApiClient.requestWithRetry (/Users/prueba/Desktop/CactusDashboard/apps/web/lib/api/client.ts:73:26)\n' +
    '    at /Users/prueba/Desktop/CactusDashboard/apps/web/lib/api-client.test.ts:407:7\n' +
    '    at file:///Users/prueba/Desktop/CactusDashboard/node_modules/.pnpm/@vitest+runner@4.0.15/node_modules/@vitest/runner/dist/index.js:915:20'
When testing, code that causes React state updates should be wrapped into act(...):
  /* fire events that update state */
This ensures that you're testing the behavior the user would see in the browser. Learn more at https://react.dev/link/wrap-tests-with-act
When testing, code that causes React state updates should be wrapped into act(...):
  /* fire events that update state */
This ensures that you're testing the behavior the user would see in the browser. Learn more at https://react.dev/link/wrap-tests-with-act
    stack: 'Error: Request timeout after 50ms\n' +
      '    at fetchWithLogging (/Users/prueba/Desktop/CactusDashboard/apps/web/lib/fetch-client.ts:93:28)\n' +
      '    at ApiClient.requestWithRetry (/Users/prueba/Desktop/CactusDashboard/apps/web/lib/api/client.ts:73:26)\n' +
      '    at /Users/prueba/Desktop/CactusDashboard/apps/web/lib/api-client.test.ts:422:9\n' +
      '    at file:///Users/prueba/Desktop/CactusDashboard/node_modules/.pnpm/@vitest+runner@4.0.15/node_modules/@vitest/runner/dist/index.js:915:20'
  stack: 'Error: Request timeout after 50ms\n' +
    '    at fetchWithLogging (/Users/prueba/Desktop/CactusDashboard/apps/web/lib/fetch-client.ts:93:28)\n' +
    '    at ApiClient.requestWithRetry (/Users/prueba/Desktop/CactusDashboard/apps/web/lib/api/client.ts:73:26)\n' +
    '    at /Users/prueba/Desktop/CactusDashboard/apps/web/lib/api-client.test.ts:422:9\n' +
    '    at file:///Users/prueba/Desktop/CactusDashboard/node_modules/.pnpm/@vitest+runner@4.0.15/node_modules/@vitest/runner/dist/index.js:915:20'
When testing, code that causes React state updates should be wrapped into act(...):
  /* fire events that update state */
This ensures that you're testing the behavior the user would see in the browser. Learn more at https://react.dev/link/wrap-tests-with-act
When testing, code that causes React state updates should be wrapped into act(...):
  /* fire events that update state */
This ensures that you're testing the behavior the user would see in the browser. Learn more at https://react.dev/link/wrap-tests-with-act
When testing, code that causes React state updates should be wrapped into act(...):
  /* fire events that update state */
This ensures that you're testing the behavior the user would see in the browser. Learn more at https://react.dev/link/wrap-tests-with-act
When testing, code that causes React state updates should be wrapped into act(...):
  /* fire events that update state */
This ensures that you're testing the behavior the user would see in the browser. Learn more at https://react.dev/link/wrap-tests-with-act
    stack: 'Error: Request timeout after 50ms\n' +
      '    at fetchWithLogging (/Users/prueba/Desktop/CactusDashboard/apps/web/lib/fetch-client.ts:93:28)\n' +
      '    at ApiClient.requestWithRetry (/Users/prueba/Desktop/CactusDashboard/apps/web/lib/api/client.ts:73:26)\n' +
      '    at /Users/prueba/Desktop/CactusDashboard/apps/web/lib/api-client.test.ts:422:9\n' +
      '    at file:///Users/prueba/Desktop/CactusDashboard/node_modules/.pnpm/@vitest+runner@4.0.15/node_modules/@vitest/runner/dist/index.js:915:20'
  stack: 'Error: Request timeout after 50ms\n' +
    '    at fetchWithLogging (/Users/prueba/Desktop/CactusDashboard/apps/web/lib/fetch-client.ts:93:28)\n' +
    '    at ApiClient.requestWithRetry (/Users/prueba/Desktop/CactusDashboard/apps/web/lib/api/client.ts:73:26)\n' +
    '    at /Users/prueba/Desktop/CactusDashboard/apps/web/lib/api-client.test.ts:422:9\n' +
    '    at file:///Users/prueba/Desktop/CactusDashboard/node_modules/.pnpm/@vitest+runner@4.0.15/node_modules/@vitest/runner/dist/index.js:915:20'

 FAIL  lib/api-hooks.test.tsx > api-hooks > useContacts > debería construir URL con assignedAdvisorId cuando se proporciona
AssertionError: expected "vi.fn()" to be called with arguments: [ …(3) ]
Received: 
 ❯ lib/api-hooks.test.tsx:121:22

 FAIL  app/components/CareerProgressBar.test.tsx > CareerProgressBar > Rendering > should render with next level when no current level
TestingLibraryElementError: Unable to find an element with the text: Asesor Senior. This could be because the text is broken up by multiple elements. In this case, you can provide a function for your text matcher to make your matcher more flexible.
 ❯ Object.getElementError ../../node_modules/.pnpm/@testing-library+dom@10.4.0/node_modules/@testing-library/dom/dist/config.js:37:19
 ❯ ../../node_modules/.pnpm/@testing-library+dom@10.4.0/node_modules/@testing-library/dom/dist/query-helpers.js:76:38
 ❯ ../../node_modules/.pnpm/@testing-library+dom@10.4.0/node_modules/@testing-library/dom/dist/query-helpers.js:52:17
 ❯ ../../node_modules/.pnpm/@testing-library+dom@10.4.0/node_modules/@testing-library/dom/dist/query-helpers.js:95:19
 ❯ app/components/CareerProgressBar.test.tsx:80:21

 FAIL  app/components/CareerProgressBar.test.tsx > CareerProgressBar > Display Logic > should not render when no level and zero production
AssertionError: expected <button …(3)>…(4)</button> to be null
- Expected: 
+ Received: 
 ❯ app/components/CareerProgressBar.test.tsx:191:36

 FAIL  app/components/CareerProgressBar.test.tsx > CareerProgressBar > Display Logic > should render when no current level but has production
TestingLibraryElementError: Unable to find an element with the text: Asesor Senior. This could be because the text is broken up by multiple elements. In this case, you can provide a function for your text matcher to make your matcher more flexible.
 ❯ Object.getElementError ../../node_modules/.pnpm/@testing-library+dom@10.4.0/node_modules/@testing-library/dom/dist/config.js:37:19
 ❯ ../../node_modules/.pnpm/@testing-library+dom@10.4.0/node_modules/@testing-library/dom/dist/query-helpers.js:76:38
 ❯ ../../node_modules/.pnpm/@testing-library+dom@10.4.0/node_modules/@testing-library/dom/dist/query-helpers.js:52:17
 ❯ ../../node_modules/.pnpm/@testing-library+dom@10.4.0/node_modules/@testing-library/dom/dist/query-helpers.js:95:19
 ❯ app/components/CareerProgressBar.test.tsx:213:21

 FAIL  app/components/home/MetricsSection.test.tsx > MetricsSection > debería retornar null cuando no hay datos
AssertionError: expected <div><div><div>…(1)</div></div></div> to be null
- Expected: 
+ Received: 
 ❯ app/components/home/MetricsSection.test.tsx:135:34

 FAIL  app/components/home/__tests__/PersonalCalendarWidget.test.tsx > PersonalCalendarWidget > should show connection prompt when user is not connected
 FAIL  app/components/home/__tests__/PersonalCalendarWidget.test.tsx > PersonalCalendarWidget > should show loading skeleton when fetching events
 FAIL  app/components/home/__tests__/PersonalCalendarWidget.test.tsx > PersonalCalendarWidget > should show auth error with reconnect button
 FAIL  app/components/home/__tests__/PersonalCalendarWidget.test.tsx > PersonalCalendarWidget > should show generic error with retry button
 FAIL  app/components/home/__tests__/PersonalCalendarWidget.test.tsx > PersonalCalendarWidget > should show empty state when no events
 FAIL  app/components/home/__tests__/PersonalCalendarWidget.test.tsx > PersonalCalendarWidget > should display events when available
 FAIL  app/components/home/__tests__/PersonalCalendarWidget.test.tsx > PersonalCalendarWidget > should have refresh button that calls mutate
TypeError: Cannot destructure property 'teams' of '(0 , __vite_ssr_import_3__.useUserTeams)(...)' as it is undefined.
 ❯ PersonalCalendarWidget app/components/home/PersonalCalendarWidget.tsx:80:11
 ❯ Object.react_stack_bottom_frame ../../node_modules/.pnpm/react-dom@19.2.1_react@19.2.1/node_modules/react-dom/cjs/react-dom-client.development.js:25904:20
 ❯ renderWithHooks ../../node_modules/.pnpm/react-dom@19.2.1_react@19.2.1/node_modules/react-dom/cjs/react-dom-client.development.js:7662:22
 ❯ updateFunctionComponent ../../node_modules/.pnpm/react-dom@19.2.1_react@19.2.1/node_modules/react-dom/cjs/react-dom-client.development.js:10166:19
 ❯ beginWork ../../node_modules/.pnpm/react-dom@19.2.1_react@19.2.1/node_modules/react-dom/cjs/react-dom-client.development.js:11778:18
 ❯ runWithFiberInDEV ../../node_modules/.pnpm/react-dom@19.2.1_react@19.2.1/node_modules/react-dom/cjs/react-dom-client.development.js:874:13
 ❯ performUnitOfWork ../../node_modules/.pnpm/react-dom@19.2.1_react@19.2.1/node_modules/react-dom/cjs/react-dom-client.development.js:17641:22
 ❯ workLoopSync ../../node_modules/.pnpm/react-dom@19.2.1_react@19.2.1/node_modules/react-dom/cjs/react-dom-client.development.js:17469:41
 ❯ renderRootSync ../../node_modules/.pnpm/react-dom@19.2.1_react@19.2.1/node_modules/react-dom/cjs/react-dom-client.development.js:17450:11
 ❯ performWorkOnRoot ../../node_modules/.pnpm/react-dom@19.2.1_react@19.2.1/node_modules/react-dom/cjs/react-dom-client.development.js:16583:35
================================================================

[PASSED] @maatwork/analytics-service
----------------------------------------------------------------
All tests passed in this package.

================================================================

