
> cactus@0.1.0 build C:\Users\gioli\Desktop\Proyectos\dahsboardd
> turbo run build

turbo 2.6.0

• Packages in scope: @cactus/analytics-service, @cactus/api, @cactus/db, @cactus/types, @cactus/ui, @cactus/web
• Running build in 6 packages
• Remote caching disabled
@cactus/types:build: cache hit, replaying logs 93bcef46da1940ba
@cactus/types:build: 
@cactus/types:build: > @cactus/types@0.1.0 build C:\Users\gioli\Desktop\Proyectos\dahsboardd\packages\types
@cactus/types:build: > tsc -p tsconfig.json
@cactus/types:build: 
@cactus/db:build: cache hit, replaying logs 32d4ecaaa3497275
@cactus/db:build: 
@cactus/db:build: > @cactus/db@0.1.0 build C:\Users\gioli\Desktop\Proyectos\dahsboardd\packages\db
@cactus/db:build: > tsc -p tsconfig.json
@cactus/db:build: 
@cactus/ui:build: cache hit, replaying logs 00c627ca54748b1e
@cactus/ui:build: 
@cactus/ui:build: > @cactus/ui@0.1.0 build C:\Users\gioli\Desktop\Proyectos\dahsboardd\packages\ui
@cactus/ui:build: > tsc && pnpm run build:styles && pnpm run build:link-styles && pnpm run build:add-use-client
@cactus/ui:build: 
@cactus/ui:build: 
@cactus/ui:build: > @cactus/ui@0.1.0 build:styles C:\Users\gioli\Desktop\Proyectos\dahsboardd\packages\ui
@cactus/ui:build: > node scripts/copy-styles.js
@cactus/ui:build: 
@cactus/ui:build: Copied: animations.css
@cactus/ui:build: Copied: index.css
@cactus/ui:build: ✓ Styles copied successfully
@cactus/ui:build: 
@cactus/ui:build: > @cactus/ui@0.1.0 build:link-styles C:\Users\gioli\Desktop\Proyectos\dahsboardd\packages\ui
@cactus/ui:build: > node -e "try { require('fs').unlinkSync('dist/styles.css'); } catch(e) {} require('fs').copyFileSync('dist/styles/index.css', 'dist/styles.css'); console.log('Created dist/styles.css');"
@cactus/ui:build: 
@cactus/ui:build: Created dist/styles.css
@cactus/ui:build: 
@cactus/ui:build: > @cactus/ui@0.1.0 build:add-use-client C:\Users\gioli\Desktop\Proyectos\dahsboardd\packages\ui
@cactus/ui:build: > node scripts/add-use-client.js
@cactus/ui:build: 
@cactus/ui:build: ✓ No files needed processing
@cactus/web:build: cache miss, executing f529d9d4dc9f85d4
@cactus/api:build: cache hit, replaying logs 38959f1d47640289
@cactus/api:build: 
@cactus/api:build: > @cactus/api@1.0.0 build C:\Users\gioli\Desktop\Proyectos\dahsboardd\apps\api
@cactus/api:build: > node scripts/build.mjs
@cactus/api:build: 
@cactus/api:build: 
@cactus/api:build:   dist\index.js      6.6mb
@cactus/api:build:   dist\index.js.map  9.4mb
@cactus/api:build: 
@cactus/api:build: Done in 4280ms
@cactus/api:build: 
@cactus/api:build: 📦 Build completed successfully!
@cactus/api:build: ⏱️  Duration: 4688ms
@cactus/api:build: 
@cactus/api:build: 📊 Bundle analysis:
@cactus/api:build: 
@cactus/api:build:   dist/index.js                                                                                            6.6mb  100.0%
@cactus/api:build:    ├ ../../node_modules/xlsx/xlsx.js                                                                       1.0mb   16.0%
@cactus/api:build:    ├ ../../node_modules/xlsx/dist/cpexcel.js                                                             847.7kb   12.6%
@cactus/api:build:    ├ ../../node_modules/compressible/node_modules/mime-db/db.json                                        227.6kb    3.4%
@cactus/api:build:    ├ ../../node_modules/mime-types/node_modules/mime-db/db.json                                          207.5kb    3.1%
@cactus/api:build:    ├ ../../node_modules/zod/v3/types.js                                                                  103.7kb    1.5%
@cactus/api:build:    ├ ../../node_modules/iconv-lite/encodings/tables/cp936.json                                            88.6kb    1.3%
@cactus/api:build:    ├ ../../node_modules/iconv-lite/encodings/tables/cp950.json                                            81.8kb    1.2%
@cactus/api:build:    ├ ../../node_modules/iconv-lite/encodings/tables/eucjp.json                                            79.3kb    1.2%
@cactus/api:build:    ├ ../../node_modules/iconv-lite/encodings/tables/cp949.json                                            71.0kb    1.1%
@cactus/api:build:    ├ ../../node_modules/iconv-lite/encodings/sbcs-data-generated.js                                       60.5kb    0.9%
@cactus/api:build:    ├ ../../node_modules/@redis/client/dist/lib/commands/index.js                                          52.0kb    0.8%
@cactus/api:build:    ├ ../../node_modules/iconv-lite/encodings/tables/shiftjis.json                                         45.8kb    0.7%
@cactus/api:build:    ├ ../../node_modules/drizzle-orm/pg-core/dialect.js                                                    44.3kb    0.7%
@cactus/api:build:    ├ ../../node_modules/@redis/client/dist/lib/sentinel/index.js                                          42.3kb    0.6%
@cactus/api:build:    ├ ../../node_modules/@ioredis/commands/built/commands.json                                             41.5kb    0.6%
@cactus/api:build:    ├ ../../node_modules/iconv-lite/encodings/tables/big5-added.json                                       35.8kb    0.5%
@cactus/api:build:    ├ ../../node_modules/@redis/client/dist/lib/client/index.js                                            34.1kb    0.5%
@cactus/api:build:    ├ ../../node_modules/mime/types.json                                                                   32.8kb    0.5%
@cactus/api:build:    ├ ../../node_modules/ioredis/built/cluster/index.js                                                    30.4kb    0.5%
@cactus/api:build:    ├ ../../node_modules/csv-parse/lib/api/index.js                                                        30.4kb    0.5%
@cactus/api:build:    ├ ../../node_modules/@redis/client/dist/lib/RESP/decoder.js                                            30.2kb    0.4%
@cactus/api:build:    ├ ../../node_modules/drizzle-orm/pg-core/query-builders/select.js                                      25.8kb    0.4%
@cactus/api:build:    ├ ../../node_modules/concat-stream/node_modules/readable-stream/lib/_stream_readable.js                24.8kb    0.4%
@cactus/api:build:    ├ ../../node_modules/helmet/index.mjs                                                                  23.2kb    0.3%
@cactus/api:build:    ├ ../../node_modules/busboy/lib/utils.js                                                               23.1kb    0.3%
@cactus/api:build:    ├ ../../node_modules/ioredis/built/Redis.js                                                            22.4kb    0.3%
@cactus/api:build:    ├ ../../node_modules/busboy/lib/types/multipart.js                                                     22.4kb    0.3%
@cactus/api:build:    ├ ../../node_modules/safe-stable-stringify/index.js                                                    22.1kb    0.3%
@cactus/api:build:    ├ ../../node_modules/typedarray/index.js                                                               21.5kb    0.3%
@cactus/api:build:    ├ ../../node_modules/ipaddr.js/lib/ipaddr.js                                                           21.4kb    0.3%
@cactus/api:build:    ├ ../../node_modules/send/index.js                                                                     20.8kb    0.3%
@cactus/api:build:    ├ ../../node_modules/csv-parse/lib/api/normalize_options.js                                            20.6kb    0.3%
@cactus/api:build:    ├ ../../node_modules/@redis/client/dist/lib/client/cache.js                                            20.2kb    0.3%
@cactus/api:build:    ├ ../../node_modules/object-inspect/index.js                                                           19.8kb    0.3%
@cactus/api:build:    ├ ../../node_modules/express/lib/response.js                                                           18.9kb    0.3%
@cactus/api:build:    ├ ../../node_modules/pg/lib/client.js                                                                  18.7kb    0.3%
@cactus/api:build:    ├ ../../node_modules/@redis/client/dist/lib/commands/generic-transformers.js                           18.0kb    0.3%
@cactus/api:build:    ├ ../../node_modules/sonic-boom/index.js                                                               17.2kb    0.3%
@cactus/api:build:    ├ src/routes/teams/handlers/metrics.ts                                                                 16.3kb    0.2%
@cactus/api:build:    ├ ../../node_modules/node-cache/lib/node_cache.js                                                      16.2kb    0.2%
@cactus/api:build:    ├ ../../node_modules/concat-stream/node_modules/readable-stream/lib/_stream_writable.js                16.0kb    0.2%
@cactus/api:build:    ├ src/routes/tags/handlers/contact-tags.ts                                                             15.6kb    0.2%
@cactus/api:build:    ├ ../../node_modules/@redis/client/dist/lib/cluster/cluster-slots.js                                   15.5kb    0.2%
@cactus/api:build:    ├ ../../node_modules/get-intrinsic/index.js                                                            15.0kb    0.2%
@cactus/api:build:    ├ ../../node_modules/iconv-lite/encodings/dbcs-codec.js                                                14.8kb    0.2%
@cactus/api:build:    ├ src/routes/aum/upload/handlers/upload.ts                                                             14.4kb    0.2%
@cactus/api:build:    ├ ../../node_modules/@redis/client/dist/lib/client/commands-queue.js                                   14.4kb    0.2%
@cactus/api:build:    ├ ../../node_modules/pg-pool/index.js                                                                  14.0kb    0.2%
@cactus/api:build:    ├ ../../node_modules/thread-stream/index.js                                                            14.0kb    0.2%
@cactus/api:build:    ├ src/routes/analytics/dashboard.ts                                                                    13.9kb    0.2%
@cactus/api:build:    ├ ../../node_modules/@redis/client/dist/lib/cluster/index.js                                           13.8kb    0.2%
@cactus/api:build:    ├ ../../node_modules/redis-parser/lib/parser.js                                                        13.6kb    0.2%
@cactus/api:build:    ├ ../../node_modules/drizzle-orm/sql/sql.js                                                            13.2kb    0.2%
@cactus/api:build:    ├ src/routes/contacts/list.ts                                                                          13.0kb    0.2%
@cactus/api:build:    ├ ../../node_modules/busboy/lib/types/urlencoded.js                                                    13.0kb    0.2%
@cactus/api:build:    ├ src/routes/contacts/webhook.ts                                                                       12.6kb    0.2%
@cactus/api:build:    ├ src/index.ts                                                                                         12.4kb    0.2%
@cactus/api:build:    ├ ../../node_modules/express/lib/router/index.js                                                       12.3kb    0.2%
@cactus/api:build:    ├ src/db-init.ts                                                                                       12.0kb    0.2%
@cactus/api:build:    ├ ../../packages/db/src/schema/contacts.ts                                                             11.8kb    0.2%
@cactus/api:build:    ├ ../../node_modules/@redis/client/dist/lib/client/pool.js                                             11.7kb    0.2%
@cactus/api:build:    ├ ../../node_modules/ioredis/built/redis/event_handler.js                                              11.6kb    0.2%
@cactus/api:build:    ├ ../../node_modules/@redis/client/dist/lib/client/pub-sub.js                                          11.6kb    0.2%
@cactus/api:build:    ├ ../../node_modules/pg-protocol/dist/parser.js                                                        11.6kb    0.2%
@cactus/api:build:    ├ ../../node_modules/pino/lib/tools.js                                                                 11.6kb    0.2%
@cactus/api:build:    ├ ../../node_modules/denque/index.js                                                                   11.5kb    0.2%
@cactus/api:build:    ├ src/routes/contacts/update.ts                                                                        11.4kb    0.2%
@cactus/api:build:    ├ ../../node_modules/qs/lib/stringify.js                                                               11.2kb    0.2%
@cactus/api:build:    ├ src/utils/cache.ts                                                                                   11.0kb    0.2%
@cactus/api:build:    ├ ../../node_modules/depd/index.js                                                                     10.8kb    0.2%
@cactus/api:build:    ├ ../../node_modules/dotenv/lib/main.js                                                                10.8kb    0.2%
@cactus/api:build:    ├ ../../node_modules/prom-client/lib/histogram.js                                                      10.7kb    0.2%
@cactus/api:build:    ├ ../../node_modules/ioredis/built/Pipeline.js                                                         10.6kb    0.2%
@cactus/api:build:    ├ ../../node_modules/ioredis/built/connectors/SentinelConnector/index.js                               10.5kb    0.2%
@cactus/api:build:    ├ ../../node_modules/@redis/client/dist/lib/client/enterprise-maintenance-manager.js                   10.4kb    0.2%
@cactus/api:build:    ├ ../../node_modules/pino-http/logger.js                                                               10.3kb    0.2%
@cactus/api:build:    ├ src/routes/instruments/handlers/crud.ts                                                              10.3kb    0.2%
@cactus/api:build:    ├ ../../node_modules/qs/lib/parse.js                                                                   10.3kb    0.2%
@cactus/api:build:    ├ ../../node_modules/streamsearch/lib/sbmh.js                                                          10.1kb    0.2%
@cactus/api:build:    ├ ../../node_modules/ioredis/built/Command.js                                                          10.0kb    0.1%
@cactus/api:build:    ├ src/routes/contacts/get.ts                                                                            9.9kb    0.1%
@cactus/api:build:    ├ ../../node_modules/express/lib/application.js                                                         9.8kb    0.1%
@cactus/api:build:    ├ src/utils/aum-columns/column-mapper.ts                                                                9.8kb    0.1%
@cactus/api:build:    ├ ../../node_modules/@redis/client/dist/lib/client/socket.js                                            9.8kb    0.1%
@cactus/api:build:    ├ ../../packages/db/src/schema/aum.ts                                                                   9.8kb    0.1%
@cactus/api:build:    ├ src/routes/teams/handlers/membership-requests.ts                                                      9.6kb    0.1%
@cactus/api:build:    ├ ../../node_modules/@redis/search/dist/lib/commands/CREATE.js                                          9.5kb    0.1%
@cactus/api:build:    ├ ../../packages/db/src/schema/notes-tasks.ts                                                           9.4kb    0.1%
@cactus/api:build:    ├ src/routes/contacts/create.ts                                                                         9.2kb    0.1%
@cactus/api:build:    ├ src/routes/notifications.ts                                                                           9.2kb    0.1%
@cactus/api:build:    ├ ../../node_modules/drizzle-orm/relations.js                                                           9.2kb    0.1%
@cactus/api:build:    ├ ../../node_modules/drizzle-orm/pg-core/db.js                                                          9.1kb    0.1%
@cactus/api:build:    ├ src/routes/teams/handlers/invitations.ts                                                              9.0kb    0.1%
@cactus/api:build:    ├ src/jobs/scheduler.ts                                                                                 9.0kb    0.1%
@cactus/api:build:    ├ ../../node_modules/@redis/time-series/dist/lib/commands/helpers.js                                    9.0kb    0.1%
@cactus/api:build:    ├ src/services/aumParser.ts                                                                             9.0kb    0.1%
@cactus/api:build:    ├ src/routes/attachments.ts                                                                             8.7kb    0.1%
@cactus/api:build:    ├ ../../node_modules/tdigest/tdigest.js                                                                 8.6kb    0.1%
@cactus/api:build:    ├ ../../node_modules/ioredis/built/constants/TLSProfiles.js                                             8.5kb    0.1%
@cactus/api:build:    ├ src/routes/analytics/comparison.ts                                                                    8.5kb    0.1%
@cactus/api:build:    ├ ../../node_modules/iconv-lite/encodings/dbcs-data.js                                                  8.2kb    0.1%
@cactus/api:build:    ├ ../../node_modules/node-cron/dist/esm/tasks/background-scheduled-task/background-scheduled-task.js    8.2kb    0.1%
@cactus/api:build:    ├ ../../node_modules/fast-redact/lib/modifiers.js                                                       8.2kb    0.1%
@cactus/api:build:    ├ ../../packages/db/src/schema/broker.ts                                                                8.2kb    0.1%
@cactus/api:build:    ├ src/utils/db-logger.ts                                                                                8.1kb    0.1%
@cactus/api:build:    ├ ../../node_modules/ioredis/built/utils/index.js                                                       8.0kb    0.1%
@cactus/api:build:    ├ src/routes/pipeline/metrics.ts                                                                        8.0kb    0.1%
@cactus/api:build:    ├ src/routes/aum/rows/handlers/list.ts                                                                  8.0kb    0.1%
@cactus/api:build:    ├ ../../node_modules/pg/lib/crypto/sasl.js                                                              7.8kb    0.1%
@cactus/api:build:    ├ ../../node_modules/string_decoder/lib/string_decoder.js                                               7.8kb    0.1%
@cactus/api:build:    ├ ../../node_modules/pg/lib/native/client.js                                                            7.8kb    0.1%
@cactus/api:build:    ├ src/routes/portfolio/handlers/assignments.ts                                                          7.6kb    0.1%
@cactus/api:build:    ├ ../../node_modules/drizzle-orm/pg-core/view.js                                                        7.6kb    0.1%
@cactus/api:build:    ├ ../../node_modules/@redis/search/dist/lib/commands/AGGREGATE.js                                       7.5kb    0.1%
@cactus/api:build:    ├ ../../node_modules/node-cron/dist/esm/scheduler/runner.js                                             7.5kb    0.1%
@cactus/api:build:    ├ ../../node_modules/iconv-lite/encodings/utf7.js                                                       7.4kb    0.1%
@cactus/api:build:    ├ src/utils/aum-validation.ts                                                                           7.4kb    0.1%
@cactus/api:build:    ├ ../../node_modules/ioredis/built/DataHandler.js                                                       7.4kb    0.1%
@cactus/api:build:    ├ ../../node_modules/cors/lib/index.js                                                                  7.4kb    0.1%
@cactus/api:build:    ├ src/routes/broker-accounts.ts                                                                         7.4kb    0.1%
@cactus/api:build:    ├ ../../node_modules/lodash.defaults/index.js                                                           7.4kb    0.1%
@cactus/api:build:    ├ ../../node_modules/prom-client/lib/registry.js                                                        7.3kb    0.1%
@cactus/api:build:    ├ src/jobs/maintenance.ts                                                                               7.3kb    0.1%
@cactus/api:build:    ├ ../../node_modules/pg-protocol/dist/serializer.js                                                     7.2kb    0.1%
@cactus/api:build:    ├ ../../node_modules/clone/clone.js                                                                     7.1kb    0.1%
@cactus/api:build:    ├ ../../node_modules/iconv-lite/lib/extend-node.js                                                      7.0kb    0.1%
@cactus/api:build:    ├ ../../node_modules/pg-types/lib/binaryParsers.js                                                      7.0kb    0.1%
@cactus/api:build:    ├ src/routes/pipeline/move.ts                                                                           6.9kb    0.1%
@cactus/api:build:    ├ ../../node_modules/pino/lib/proto.js                                                                  6.9kb    0.1%
@cactus/api:build:    ├ ../../node_modules/qs/lib/utils.js                                                                    6.9kb    0.1%
@cactus/api:build:    ├ ../../node_modules/pino/pino.js                                                                       6.9kb    0.1%
@cactus/api:build:    ├ src/utils/file-upload.ts                                                                              6.8kb    0.1%
@cactus/api:build:    ├ ../../node_modules/drizzle-orm/pg-core/columns/common.js                                              6.8kb    0.1%
@cactus/api:build:    ├ ../../node_modules/ioredis/built/cluster/ClusterSubscriber.js                                         6.8kb    0.1%
@cactus/api:build:    ├ ../../node_modules/pino/lib/levels.js                                                                 6.8kb    0.1%
@cactus/api:build:    ├ src/routes/instruments/handlers/search.ts                                                             6.7kb    0.1%
@cactus/api:build:    ├ ../../node_modules/compression/index.js                                                               6.7kb    0.1%
@cactus/api:build:    ├ ../../node_modules/@opentelemetry/api/build/esm/metrics/NoopMeter.js                                  6.6kb    0.1%
@cactus/api:build:    ├ ../../node_modules/pg-types/lib/textParsers.js                                                        6.6kb    0.1%
@cactus/api:build:    ├ ../../node_modules/ioredis/built/cluster/ClusterSubscriberGroup.js                                    6.5kb    0.1%
@cactus/api:build:    ├ ../../packages/db/src/schema/benchmarks.ts                                                            6.5kb    0.1%
@cactus/api:build:    ├ ../../node_modules/content-disposition/index.js                                                       6.4kb    0.1%
@cactus/api:build:    ├ src/routes/metrics/contacts/calculators/transition-times.ts                                           6.4kb    0.1%
@cactus/api:build:    ├ src/auth/authorization.ts                                                                             6.4kb    0.1%
@cactus/api:build:    ├ ../../node_modules/raw-body/index.js                                                                  6.4kb    0.1%
@cactus/api:build:    ├ ../../node_modules/http-errors/index.js                                                               6.3kb    0.1%
@cactus/api:build:    ├ src/jobs/refresh-materialized-views.ts                                                                6.3kb    0.1%
@cactus/api:build:    ├ ../../node_modules/prom-client/lib/summary.js                                                         6.3kb    0.1%
@cactus/api:build:    ├ ../../node_modules/prom-client/lib/cluster.js                                                         6.3kb    0.1%
@cactus/api:build:    ├ ../../node_modules/pg-protocol/dist/messages.js                                                       6.3kb    0.1%
@cactus/api:build:    ├ ../../node_modules/express/lib/request.js                                                             6.3kb    0.1%
@cactus/api:build:    ├ src/jobs/monitor-query-performance.ts                                                                 6.2kb    0.1%
@cactus/api:build:    ├ ../../node_modules/debug/src/common.js                                                                6.2kb    0.1%
@cactus/api:build:    ├ ../../node_modules/pg/lib/query.js                                                                    6.2kb    0.1%
@cactus/api:build:    ├ ../../node_modules/iconv-lite/encodings/sbcs-data.js                                                  6.1kb    0.1%
@cactus/api:build:    ├ ../../node_modules/@redis/client/dist/lib/authx/token-manager.js                                      6.1kb    0.1%
@cactus/api:build:    ├ ../../node_modules/body-parser/lib/types/urlencoded.js                                                6.1kb    0.1%
@cactus/api:build:    ├ ../../packages/db/src/schema/reports.ts                                                               6.0kb    0.1%
@cactus/api:build:    ├ ../../node_modules/@ioredis/commands/built/index.js                                                   6.0kb    0.1%
@cactus/api:build:    ├ ../../node_modules/multer/lib/make-middleware.js                                                      6.0kb    0.1%
@cactus/api:build:    ├ src/routes/auth/handlers/login.ts                                                                     5.9kb    0.1%
@cactus/api:build:    ├ ../../packages/db/src/schema/notifications.ts                                                         5.9kb    0.1%
@cactus/api:build:    ├ ../../node_modules/drizzle-orm/pg-core/query-builders/insert.js                                       5.9kb    0.1%
@cactus/api:build:    ├ ../../node_modules/@redis/search/dist/lib/commands/SEARCH.js                                          5.8kb    0.1%
@cactus/api:build:    ├ ../../node_modules/pg-connection-string/index.js                                                      5.8kb    0.1%
@cactus/api:build:    ├ ../../node_modules/pg/lib/utils.js                                                                    5.8kb    0.1%
@cactus/api:build:    ├ src/routes/aum/admin/files.ts                                                                         5.8kb    0.1%
@cactus/api:build:    ├ ../../node_modules/@redis/time-series/dist/lib/commands/index.js                                      5.8kb    0.1%
@cactus/api:build:    ├ src/routes/aum/commit.ts                                                                              5.7kb    0.1%
@cactus/api:build:    ├ src/routes/career-plan.ts                                                                             5.7kb    0.1%
@cactus/api:build:    ├ ../../node_modules/pg/lib/connection.js                                                               5.7kb    0.1%
@cactus/api:build:    ├ ../../node_modules/drizzle-orm/node-postgres/session.js                                               5.6kb    0.1%
@cactus/api:build:    ├ src/routes/aum/rows/handlers/advisor-summary.ts                                                       5.6kb    0.1%
@cactus/api:build:    ├ ../../node_modules/@redis/client/dist/lib/client/linked-list.js                                       5.6kb    0.1%
@cactus/api:build:    ├ ../../node_modules/cookie-parser/node_modules/cookie/index.js                                         5.5kb    0.1%
@cactus/api:build:    ├ src/routes/analytics/performance.ts                                                                   5.5kb    0.1%
@cactus/api:build:    ├ ../../node_modules/pg/lib/connection-parameters.js                                                    5.4kb    0.1%
@cactus/api:build:    ├ src/routes/metrics/contacts/index.ts                                                                  5.4kb    0.1%
@cactus/api:build:    ├ ../../node_modules/cookie/index.js                                                                    5.4kb    0.1%
@cactus/api:build:    ├ ../../node_modules/node-cron/dist/esm/tasks/inline-scheduled-task.js                                  5.4kb    0.1%
@cactus/api:build:    ├ ../../node_modules/@redis/search/dist/lib/commands/index.js                                           5.4kb    0.1%
@cactus/api:build:    ├ src/routes/teams/handlers/detail.ts                                                                   5.4kb    0.1%
@cactus/api:build:    ├ ../../node_modules/proxy-addr/index.js                                                                5.4kb    0.1%
@cactus/api:build:    ├ ../../node_modules/pgpass/lib/helper.js                                                               5.4kb    0.1%
@cactus/api:build:    ├ ../../node_modules/prom-client/lib/gauge.js                                                           5.4kb    0.1%
@cactus/api:build:    ├ src/routes/logs.ts                                                                                    5.4kb    0.1%
@cactus/api:build:    ├ ../../node_modules/@redis/client/dist/lib/errors.js                                                   5.4kb    0.1%
@cactus/api:build:    ├ ../../node_modules/accepts/node_modules/negotiator/lib/mediaType.js                                   5.4kb    0.1%
@cactus/api:build:    ├ ../../node_modules/compression/node_modules/negotiator/lib/mediaType.js                               5.3kb    0.1%
@cactus/api:build:    ├ ../../node_modules/cluster-key-slot/lib/index.js                                                      5.3kb    0.1%
@cactus/api:build:    ├ ../../node_modules/finalhandler/index.js                                                              5.3kb    0.1%
@cactus/api:build:    ├ ../../packages/db/src/schema/users.ts                                                                 5.1kb    0.1%
@cactus/api:build:    ├ src/utils/aum-columns/column-validator.ts                                                             5.1kb    0.1%
@cactus/api:build:    ├ src/utils/query-analysis.ts                                                                           5.1kb    0.1%
@cactus/api:build:    ├ ../../node_modules/ioredis/built/cluster/ConnectionPool.js                                            5.1kb    0.1%
@cactus/api:build:    ├ ../../packages/db/src/schema/portfolios.ts                                                            5.0kb    0.1%
@cactus/api:build:    ├ ../../node_modules/iconv-lite/encodings/internal.js                                                   5.0kb    0.1%
@cactus/api:build:    ├ src/routes/tasks/handlers/crud.ts                                                                     5.0kb    0.1%
@cactus/api:build:    ├ ../../node_modules/drizzle-orm/sql/expressions/conditions.js                                          5.0kb    0.1%
@cactus/api:build:    ├ ../../node_modules/@redis/client/dist/lib/cluster/multi-command.js                                    5.0kb    0.1%
@cactus/api:build:    ├ src/routes/portfolio/handlers/templates.ts                                                            5.0kb    0.1%
@cactus/api:build:    ├ src/routes/bloomberg.ts                                                                               4.9kb    0.1%
@cactus/api:build:    ├ ../../node_modules/bintrees/lib/treebase.js                                                           4.9kb    0.1%
@cactus/api:build:    ├ src/routes/metrics/contacts/calculators/market-type-conversion.ts                                     4.9kb    0.1%
@cactus/api:build:    ├ ../../node_modules/pino/lib/multistream.js                                                            4.9kb    0.1%
@cactus/api:build:    ├ ../../node_modules/pg/lib/native/query.js                                                             4.8kb    0.1%
@cactus/api:build:    ├ ../../node_modules/@redis/client/dist/lib/sentinel/pub-sub-proxy.js                                   4.8kb    0.1%
@cactus/api:build:    ├ ../../node_modules/zod/v3/locales/en.js                                                               4.8kb    0.1%
@cactus/api:build:    ├ ../../node_modules/debug/src/browser.js                                                               4.8kb    0.1%
@cactus/api:build:    ├ ../../node_modules/ioredis/built/autoPipelining.js                                                    4.8kb    0.1%
@cactus/api:build:    ├ src/routes/benchmarks/handlers/components.ts                                                          4.7kb    0.1%
@cactus/api:build:    ├ ../../node_modules/concat-stream/index.js                                                             4.7kb    0.1%
@cactus/api:build:    ├ ../../node_modules/prom-client/lib/counter.js                                                         4.7kb    0.1%
@cactus/api:build:    ├ ../../node_modules/prom-client/lib/metrics/eventLoopLag.js                                            4.7kb    0.1%
@cactus/api:build:    ├ src/services/aum/monthly-snapshots.ts                                                                 4.7kb    0.1%
@cactus/api:build:    ├ ../../node_modules/bintrees/lib/rbtree.js                                                             4.7kb    0.1%
@cactus/api:build:    ├ src/routes/settings-advisors.ts                                                                       4.6kb    0.1%
@cactus/api:build:    ├ ../../node_modules/@redis/client/dist/lib/sentinel/multi-commands.js                                  4.5kb    0.1%
@cactus/api:build:    ├ ../../node_modules/@redis/client/dist/lib/client/multi-command.js                                     4.5kb    0.1%
@cactus/api:build:    ├ ../../node_modules/body-parser/lib/types/json.js                                                      4.5kb    0.1%
@cactus/api:build:    ├ ../../node_modules/debug/src/node.js                                                                  4.4kb    0.1%
@cactus/api:build:    ├ ../../node_modules/@redis/client/dist/lib/client/legacy-mode.js                                       4.4kb    0.1%
@cactus/api:build:    ├ src/routes/tags/handlers/segments.ts                                                                  4.4kb    0.1%
@cactus/api:build:    ├ ../../node_modules/ioredis/built/utils/Commander.js                                                   4.4kb    0.1%
@cactus/api:build:    ├ ../../node_modules/finalhandler/node_modules/debug/src/node.js                                        4.4kb    0.1%
@cactus/api:build:    ├ ../../node_modules/compression/node_modules/debug/src/node.js                                         4.4kb    0.1%
@cactus/api:build:    ├ ../../node_modules/body-parser/node_modules/debug/src/node.js                                         4.4kb    0.1%
@cactus/api:build:    ├ ../../node_modules/express/node_modules/debug/src/node.js                                             4.4kb    0.1%
@cactus/api:build:    ├ ../../node_modules/send/node_modules/debug/src/node.js                                                4.4kb    0.1%
@cactus/api:build:    ├ ../../packages/db/src/index.ts                                                                        4.3kb    0.1%
@cactus/api:build:    ├ ../../node_modules/express/lib/utils.js                                                               4.3kb    0.1%
@cactus/api:build:    ├ ../../node_modules/pg/lib/crypto/cert-signatures.js                                                   4.3kb    0.1%
@cactus/api:build:    ├ ../../node_modules/media-typer/index.js                                                               4.2kb    0.1%
@cactus/api:build:    ├ ../../node_modules/node-cron/dist/esm/time/matcher-walker.js                                          4.2kb    0.1%
@cactus/api:build:    ├ src/routes/aum/admin/mapping.ts                                                                       4.2kb    0.1%
@cactus/api:build:    ├ src/services/aum/update-row.ts                                                                        4.2kb    0.1%
@cactus/api:build:    ├ ../../node_modules/iconv-lite/encodings/utf16.js                                                      4.2kb    0.1%
@cactus/api:build:    ├ src/utils/query-analyzer.ts                                                                           4.2kb    0.1%
@cactus/api:build:    ├ ../../node_modules/serve-static/index.js                                                              4.1kb    0.1%
@cactus/api:build:    ├ ../../node_modules/drizzle-orm/utils.js                                                               4.1kb    0.1%
@cactus/api:build:    ├ ../../node_modules/iconv-lite/lib/index.js                                                            4.1kb    0.1%
@cactus/api:build:    ├ ../../node_modules/drizzle-orm/index.js                                                               4.1kb    0.1%
@cactus/api:build:    ├ ../../node_modules/ioredis/built/cluster/util.js                                                      4.0kb    0.1%
@cactus/api:build:    ├ src/utils/http-client.ts                                                                              4.0kb    0.1%
@cactus/api:build:    ├ src/routes/capacitaciones/handlers/import.ts                                                          4.0kb    0.1%
@cactus/api:build:    ├ ../../node_modules/body-parser/lib/read.js                                                            3.9kb    0.1%
@cactus/api:build:    ├ ../../node_modules/@redis/json/dist/lib/commands/index.js                                             3.9kb    0.1%
@cactus/api:build:    ├ ../../node_modules/compression/node_modules/negotiator/lib/encoding.js                                3.9kb    0.1%
@cactus/api:build:    ├ ../../node_modules/jose/dist/node/esm/lib/jwt_claims_set.js                                           3.9kb    0.1%
@cactus/api:build:    ├ ../../node_modules/@redis/client/dist/lib/commander.js                                                3.9kb    0.1%
@cactus/api:build:    ├ src/routes/instruments/handlers/validate.ts                                                           3.9kb    0.1%
@cactus/api:build:    ├ ../../node_modules/prom-client/lib/pushgateway.js                                                     3.9kb    0.1%
@cactus/api:build:    ├ src/utils/batch-validation.ts                                                                         3.9kb    0.1%
@cactus/api:build:    ├ ../../node_modules/pino/lib/transport.js                                                              3.9kb    0.1%
@cactus/api:build:    ├ src/routes/tasks/handlers/list.ts                                                                     3.8kb    0.1%
@cactus/api:build:    ├ ../../node_modules/@redis/search/dist/lib/commands/INFO.js                                            3.8kb    0.1%
@cactus/api:build:    ├ src/utils/pipeline-stages.ts                                                                          3.8kb    0.1%
@cactus/api:build:    ├ src/utils/circuit-breaker.ts                                                                          3.8kb    0.1%
@cactus/api:build:    ├ ../../node_modules/@redis/client/dist/index.js                                                        3.8kb    0.1%
@cactus/api:build:    ├ src/routes/teams/handlers/members.ts                                                                  3.8kb    0.1%
@cactus/api:build:    ├ ../../node_modules/content-type/index.js                                                              3.8kb    0.1%
@cactus/api:build:    ├ ../../node_modules/@opentelemetry/api/build/esm/api/diag.js                                           3.7kb    0.1%
@cactus/api:build:    ├ ../../node_modules/@redis/client/dist/lib/sentinel/utils.js                                           3.7kb    0.1%
@cactus/api:build:    ├ src/routes/tags/handlers/crud.ts                                                                      3.7kb    0.1%
@cactus/api:build:    ├ ../../node_modules/fast-redact/lib/redactor.js                                                        3.7kb    0.1%
@cactus/api:build:    ├ ../../node_modules/drizzle-orm/alias.js                                                               3.7kb    0.1%
@cactus/api:build:    ├ ../../node_modules/express/lib/router/route.js                                                        3.6kb    0.1%
@cactus/api:build:    ├ src/utils/rate-limiter.ts                                                                             3.6kb    0.1%
@cactus/api:build:    ├ ../../node_modules/on-finished/index.js                                                               3.6kb    0.1%
@cactus/api:build:    ├ src/utils/career-plan.ts                                                                              3.6kb    0.1%
@cactus/api:build:    ├ src/routes/metrics/contacts/helpers.ts                                                                3.6kb    0.1%
@cactus/api:build:    ├ ../../node_modules/concat-stream/node_modules/readable-stream/lib/_stream_transform.js                3.6kb    0.1%
@cactus/api:build:    ├ ../../node_modules/drizzle-orm/pg-core/indexes.js                                                     3.6kb    0.1%
@cactus/api:build:    ├ src/utils/error-response.ts                                                                           3.6kb    0.1%
@cactus/api:build:    ├ ../../node_modules/jose/dist/node/esm/jws/flattened/verify.js                                         3.6kb    0.1%
@cactus/api:build:    ├ ../../node_modules/jose/dist/node/esm/runtime/node_key.js                                             3.6kb    0.1%
@cactus/api:build:    ├ src/utils/metrics.ts                                                                                  3.5kb    0.1%
@cactus/api:build:    ├ ../../node_modules/finalhandler/node_modules/debug/src/debug.js                                       3.5kb    0.1%
@cactus/api:build:    ├ ../../node_modules/compression/node_modules/debug/src/debug.js                                        3.5kb    0.1%
@cactus/api:build:    ├ ../../node_modules/body-parser/node_modules/debug/src/debug.js                                        3.5kb    0.1%
@cactus/api:build:    ├ ../../node_modules/express/node_modules/debug/src/debug.js                                            3.5kb    0.1%
@cactus/api:build:    ├ ../../node_modules/send/node_modules/debug/src/debug.js                                               3.5kb    0.1%
@cactus/api:build:    ├ ../../node_modules/path-to-regexp/index.js                                                            3.5kb    0.1%
@cactus/api:build:    ├ ../../node_modules/drizzle-orm/pg-core/query-builders/query.js                                        3.5kb    0.1%
@cactus/api:build:    ├ src/services/aumMatcher.ts                                                                            3.5kb    0.1%
@cactus/api:build:    ├ ../../node_modules/on-headers/index.js                                                                3.5kb    0.1%
@cactus/api:build:    ├ ../../node_modules/zod/v3/helpers/util.js                                                             3.5kb    0.1%
@cactus/api:build:    ├ ../../node_modules/iconv-lite/lib/streams.js                                                          3.5kb    0.1%
@cactus/api:build:    ├ ../../node_modules/postgres-interval/index.js                                                         3.4kb    0.1%
@cactus/api:build:    ├ src/services/aumConflictResolution.ts                                                                 3.4kb    0.1%
@cactus/api:build:    ├ ../../node_modules/compression/node_modules/negotiator/lib/language.js                                3.4kb    0.1%
@cactus/api:build:    ├ src/utils/common-schemas.ts                                                                           3.4kb    0.0%
@cactus/api:build:    ├ ../../node_modules/accepts/node_modules/negotiator/lib/language.js                                    3.4kb    0.0%
@cactus/api:build:    ├ ../../node_modules/ioredis/built/transaction.js                                                       3.4kb    0.0%
@cactus/api:build:    ├ ../../node_modules/drizzle-orm/column-builder.js                                                      3.3kb    0.0%
@cactus/api:build:    ├ ../../node_modules/prom-client/lib/util.js                                                            3.3kb    0.0%
@cactus/api:build:    ├ src/routes/notes/handlers/list.ts                                                                     3.3kb    0.0%
@cactus/api:build:    ├ ../../node_modules/accepts/node_modules/negotiator/lib/encoding.js                                    3.3kb    0.0%
@cactus/api:build:    ├ ../../node_modules/quick-format-unescaped/index.js                                                    3.3kb    0.0%
@cactus/api:build:    ├ ../../node_modules/zod/v3/helpers/parseUtil.js                                                        3.3kb    0.0%
@cactus/api:build:    ├ ../../node_modules/finalhandler/node_modules/debug/src/browser.js                                     3.3kb    0.0%
@cactus/api:build:    ├ ../../node_modules/type-is/index.js                                                                   3.3kb    0.0%
@cactus/api:build:    ├ ../../node_modules/compression/node_modules/debug/src/browser.js                                      3.3kb    0.0%
@cactus/api:build:    ├ ../../node_modules/body-parser/node_modules/debug/src/browser.js                                      3.3kb    0.0%
@cactus/api:build:    ├ ../../node_modules/express/node_modules/debug/src/browser.js                                          3.3kb    0.0%
@cactus/api:build:    ├ ../../node_modules/send/node_modules/debug/src/browser.js                                             3.3kb    0.0%
@cactus/api:build:    ├ ../../node_modules/jose/dist/node/esm/lib/check_key_type.js                                           3.2kb    0.0%
@cactus/api:build:    ├ ../../node_modules/supports-color/index.js                                                            3.2kb    0.0%
@cactus/api:build:    ├ src/routes/pipeline/stages.ts                                                                         3.2kb    0.0%
@cactus/api:build:    ├ ../../node_modules/zod/v3/external.js                                                                 3.2kb    0.0%
@cactus/api:build:    ├ ../../node_modules/zod/v3/ZodError.js                                                                 3.2kb    0.0%
@cactus/api:build:    ├ ../../node_modules/destroy/index.js                                                                   3.2kb    0.0%
@cactus/api:build:    ├ ../../node_modules/drizzle-orm/pg-core/query-builders/update.js                                       3.2kb    0.0%
@cactus/api:build:    ├ src/routes/users/handlers/crud.ts                                                                     3.1kb    0.0%
@cactus/api:build:    ├ src/routes/contacts/schemas.ts                                                                        3.1kb    0.0%
@cactus/api:build:    ├ ../../node_modules/multer/index.js                                                                    3.1kb    0.0%
@cactus/api:build:    ├ ../../node_modules/@redis/time-series/dist/lib/commands/MRANGE_GROUPBY.js                             3.1kb    0.0%
@cactus/api:build:    ├ src/utils/aum-columns/column-pattern-matcher.ts                                                       3.1kb    0.0%
@cactus/api:build:    ├ ../../node_modules/prom-client/lib/metrics/processCpuTotal.js                                         3.1kb    0.0%
@cactus/api:build:    ├ ../../node_modules/node-cron/dist/esm/time/localized-time.js                                          3.1kb    0.0%
@cactus/api:build:    ├ src/routes/benchmarks/handlers/crud.ts                                                                3.1kb    0.0%
@cactus/api:build:    ├ ../../node_modules/@opentelemetry/api/build/esm/baggage/internal/baggage-impl.js                      3.1kb    0.0%
@cactus/api:build:    ├ ../../node_modules/jose/dist/node/esm/lib/crypto_key.js                                               3.1kb    0.0%
@cactus/api:build:    ├ ../../packages/db/src/schema.ts                                                                       3.1kb    0.0%
@cactus/api:build:    ├ ../../node_modules/mime-types/index.js                                                                3.1kb    0.0%
@cactus/api:build:    ├ src/routes/tags/schemas.ts                                                                            3.1kb    0.0%
@cactus/api:build:    ├ src/routes/aum/upload/validation.ts                                                                   3.0kb    0.0%
@cactus/api:build:    ├ ../../node_modules/split2/index.js                                                                    3.0kb    0.0%
@cactus/api:build:    ├ ../../node_modules/node-cron/dist/esm/pattern/validation/pattern-validation.js                        3.0kb    0.0%
@cactus/api:build:    ├ ../../node_modules/compression/node_modules/negotiator/lib/charset.js                                 3.0kb    0.0%
@cactus/api:build:    ├ ../../node_modules/accepts/node_modules/negotiator/lib/charset.js                                     3.0kb    0.0%
@cactus/api:build:    ├ src/routes/metrics/goals.ts                                                                           3.0kb    0.0%
@cactus/api:build:    ├ ../../node_modules/redis/dist/index.js                                                                2.9kb    0.0%
@cactus/api:build:    ├ ../../node_modules/ms/index.js                                                                        2.9kb    0.0%
@cactus/api:build:    ├ ../../node_modules/@redis/client/dist/lib/commands/GEORADIUS_WITH.js                                  2.9kb    0.0%
@cactus/api:build:    ├ ../../node_modules/pino/lib/redaction.js                                                              2.9kb    0.0%
@cactus/api:build:    ├ ../../node_modules/redis-errors/lib/old.js                                                            2.9kb    0.0%
@cactus/api:build:    ├ ../../node_modules/postgres-array/index.js                                                            2.9kb    0.0%
@cactus/api:build:    ├ ../../node_modules/@redis/client/dist/lib/commands/HSETEX.js                                          2.9kb    0.0%
@cactus/api:build:    ├ ../../node_modules/cookie-parser/index.js                                                             2.9kb    0.0%
@cactus/api:build:    ├ ../../node_modules/node-cron/dist/esm/node-cron.js                                                    2.9kb    0.0%
@cactus/api:build:    ├ ../../node_modules/drizzle-orm/pg-core/columns/timestamp.js                                           2.9kb    0.0%
@cactus/api:build:    ├ ../../node_modules/pg/lib/result.js                                                                   2.9kb    0.0%
@cactus/api:build:    ├ ../../node_modules/accepts/index.js                                                                   2.9kb    0.0%
@cactus/api:build:    ├ ../../node_modules/@opentelemetry/api/build/esm/diag/ComponentLogger.js                               2.8kb    0.0%
@cactus/api:build:    ├ ../../node_modules/concat-stream/node_modules/readable-stream/lib/internal/streams/BufferList.js      2.8kb    0.0%
@cactus/api:build:    ├ ../../node_modules/postgres-date/index.js                                                             2.8kb    0.0%
@cactus/api:build:    ├ src/routes/contacts/batch.ts                                                                          2.8kb    0.0%
@cactus/api:build:    ├ src/utils/pg-stat-statements.ts                                                                       2.8kb    0.0%
@cactus/api:build:    ├ src/routes/pipeline/board.ts                                                                          2.8kb    0.0%
@cactus/api:build:    ├ ../../node_modules/@opentelemetry/api/build/esm/trace/internal/tracestate-impl.js                     2.8kb    0.0%
@cactus/api:build:    ├ src/routes/aum/rows/handlers/monthly-history.ts                                                       2.8kb    0.0%
@cactus/api:build:    ├ ../../node_modules/express/lib/router/layer.js                                                        2.8kb    0.0%
@cactus/api:build:    ├ src/routes/teams/handlers/list.ts                                                                     2.8kb    0.0%
@cactus/api:build:    ├ src/routes/portfolio/index.ts                                                                         2.8kb    0.0%
@cactus/api:build:    ├ src/routes/admin-metrics.ts                                                                           2.7kb    0.0%
@cactus/api:build:    ├ ../../node_modules/@redis/time-series/dist/lib/commands/RANGE.js                                      2.7kb    0.0%
@cactus/api:build:    ├ ../../node_modules/compression/node_modules/negotiator/index.js                                       2.7kb    0.0%
@cactus/api:build:    ├ ../../node_modules/iconv-lite/encodings/tables/gb18030-ranges.json                                    2.7kb    0.0%
@cactus/api:build:    ├ src/config/timeouts.ts                                                                                2.7kb    0.0%
@cactus/api:build:    ├ src/routes/notes/handlers/crud.ts                                                                     2.7kb    0.0%
@cactus/api:build:    ├ ../../node_modules/bytes/index.js                                                                     2.7kb    0.0%
@cactus/api:build:    ├ ../../node_modules/accepts/node_modules/negotiator/index.js                                           2.7kb    0.0%
@cactus/api:build:    ├ src/utils/db-transactions.ts                                                                          2.7kb    0.0%
@cactus/api:build:    ├ ../../node_modules/on-exit-leak-free/index.js                                                         2.7kb    0.0%
@cactus/api:build:    ├ ../../node_modules/send/node_modules/debug/node_modules/ms/index.js                                   2.7kb    0.0%
@cactus/api:build:    ├ ../../node_modules/side-channel-list/index.js                                                         2.7kb    0.0%
@cactus/api:build:    ├ ../../node_modules/finalhandler/node_modules/ms/index.js                                              2.6kb    0.0%
@cactus/api:build:    ├ ../../node_modules/compression/node_modules/ms/index.js                                               2.6kb    0.0%
@cactus/api:build:    ├ ../../node_modules/body-parser/node_modules/ms/index.js                                               2.6kb    0.0%
@cactus/api:build:    ├ ../../node_modules/express/node_modules/ms/index.js                                                   2.6kb    0.0%
@cactus/api:build:    ├ ../../node_modules/drizzle-orm/pg-core/query-builders/delete.js                                       2.6kb    0.0%
@cactus/api:build:    ├ src/auth/middlewares.ts                                                                               2.6kb    0.0%
@cactus/api:build:    ├ ../../node_modules/ioredis/built/index.js                                                             2.6kb    0.0%
@cactus/api:build:    ├ src/routes/teams/handlers/crud.ts                                                                     2.6kb    0.0%
@cactus/api:build:    ├ ../../node_modules/concat-stream/node_modules/readable-stream/lib/_stream_duplex.js                   2.6kb    0.0%
@cactus/api:build:    ├ ../../node_modules/express/lib/view.js                                                                2.6kb    0.0%
@cactus/api:build:    ├ ../../node_modules/jose/dist/node/esm/jws/flattened/sign.js                                           2.6kb    0.0%
@cactus/api:build:    ├ src/services/aum/strategies/find-by-holder-name.ts                                                    2.6kb    0.0%
@cactus/api:build:    ├ ../../node_modules/@opentelemetry/api/build/esm/api/context.js                                        2.6kb    0.0%
@cactus/api:build:    ├ ../../node_modules/drizzle-orm/pg-core/query-builders/query-builder.js                                2.6kb    0.0%
@cactus/api:build:    ├ ../../node_modules/pg/lib/defaults.js                                                                 2.6kb    0.0%
@cactus/api:build:    ├ src/routes/aum/admin/purge.ts                                                                         2.6kb    0.0%
@cactus/api:build:    ├ ../../node_modules/core-util-is/lib/util.js                                                           2.5kb    0.0%
@cactus/api:build:    ├ ../../node_modules/pg-protocol/dist/buffer-writer.js                                                  2.5kb    0.0%
@cactus/api:build:    ├ src/routes/tasks/handlers/batch.ts                                                                    2.5kb    0.0%
@cactus/api:build:    ├ ../../node_modules/@redis/time-series/dist/lib/commands/MRANGE_SELECTED_LABELS_GROUPBY.js             2.5kb    0.0%
@cactus/api:build:    ├ ../../node_modules/side-channel-weakmap/index.js                                                      2.5kb    0.0%
@cactus/api:build:    ├ ../../node_modules/@redis/client/dist/lib/commands/GEORADIUSBYMEMBER_STORE.js                         2.5kb    0.0%
@cactus/api:build:    ├ src/routes/automations/handlers/crud.ts                                                               2.5kb    0.0%
@cactus/api:build:    ├ ../../node_modules/ioredis/built/Script.js                                                            2.5kb    0.0%
@cactus/api:build:    ├ ../../node_modules/range-parser/index.js                                                              2.5kb    0.0%
@cactus/api:build:    ├ ../../node_modules/@redis/search/dist/lib/commands/PROFILE_AGGREGATE.js                               2.5kb    0.0%
@cactus/api:build:    ├ ../../node_modules/drizzle-orm/selection-proxy.js                                                     2.5kb    0.0%
@cactus/api:build:    ├ ../../node_modules/ioredis/built/utils/debug.js                                                       2.5kb    0.0%
@cactus/api:build:    ├ ../../node_modules/@redis/time-series/dist/lib/commands/MRANGE_WITHLABELS_GROUPBY.js                  2.5kb    0.0%
@cactus/api:build:    ├ ../../node_modules/@redis/client/dist/lib/commands/GEORADIUS_STORE.js                                 2.4kb    0.0%
@cactus/api:build:    ├ ../../node_modules/@redis/search/dist/lib/commands/PROFILE_SEARCH.js                                  2.4kb    0.0%
@cactus/api:build:    ├ src/routes/tasks/schemas.ts                                                                           2.4kb    0.0%
@cactus/api:build:    ├ src/routes/teams/index.ts                                                                             2.4kb    0.0%
@cactus/api:build:    ├ src/routes/health.ts                                                                                  2.4kb    0.0%
@cactus/api:build:    ├ ../../node_modules/drizzle-orm/pg-core/session.js                                                     2.4kb    0.0%
@cactus/api:build:    ├ src/routes/capacitaciones/handlers/crud.ts                                                            2.4kb    0.0%
@cactus/api:build:    ├ src/middleware/cache.ts                                                                               2.4kb    0.0%
@cactus/api:build:    ├ ../../node_modules/function-bind/implementation.js                                                    2.4kb    0.0%
@cactus/api:build:    ├ src/utils/route-handler.ts                                                                            2.4kb    0.0%
@cactus/api:build:    ├ src/routes/benchmarks/handlers/get.ts                                                                 2.4kb    0.0%
@cactus/api:build:    ├ ../../node_modules/@redis/time-series/dist/lib/commands/MRANGE_WITHLABELS.js                          2.3kb    0.0%
@cactus/api:build:    ├ ../../node_modules/mkdirp/index.js                                                                    2.3kb    0.0%
@cactus/api:build:    ├ src/utils/webhook-client.ts                                                                           2.3kb    0.0%
@cactus/api:build:    ├ ../../node_modules/@redis/bloom/dist/lib/commands/bloom/index.js                                      2.3kb    0.0%
@cactus/api:build:    ├ ../../node_modules/prom-client/lib/metrics/osMemoryHeapLinux.js                                       2.3kb    0.0%
@cactus/api:build:    ├ ../../node_modules/@redis/time-series/dist/lib/commands/MREVRANGE_SELECTED_LABELS_GROUPBY.js          2.3kb    0.0%
@cactus/api:build:    ├ ../../node_modules/jose/dist/node/esm/jwt/produce.js                                                  2.3kb    0.0%
@cactus/api:build:    ├ ../../node_modules/pg/lib/stream.js                                                                   2.3kb    0.0%
@cactus/api:build:    ├ ../../node_modules/pino-std-serializers/lib/req.js                                                    2.3kb    0.0%
@cactus/api:build:    ├ ../../node_modules/pino/lib/symbols.js                                                                2.3kb    0.0%
@cactus/api:build:    ├ ../../node_modules/safer-buffer/safer.js                                                              2.3kb    0.0%
@cactus/api:build:    ├ ../../node_modules/@redis/client/dist/lib/commands/GEORADIUSBYMEMBER_RO_WITH.js                       2.3kb    0.0%
@cactus/api:build:    ├ ../../node_modules/concat-stream/node_modules/readable-stream/lib/internal/streams/destroy.js         2.3kb    0.0%
@cactus/api:build:    ├ ../../node_modules/csv-parse/lib/api/init_state.js                                                    2.3kb    0.0%
@cactus/api:build:    ├ ../../node_modules/@redis/client/dist/lib/commands/GEOSEARCH_WITH.js                                  2.3kb    0.0%
@cactus/api:build:    ├ ../../node_modules/body-parser/index.js                                                               2.3kb    0.0%
@cactus/api:build:    ├ ../../node_modules/@opentelemetry/api/build/esm/internal/semver.js                                    2.3kb    0.0%
@cactus/api:build:    ├ ../../node_modules/drizzle-orm/table.js                                                               2.3kb    0.0%
@cactus/api:build:    ├ ../../node_modules/multer/lib/file-appender.js                                                        2.2kb    0.0%
@cactus/api:build:    ├ ../../node_modules/@redis/search/dist/lib/commands/SUGGET_WITHSCORES_WITHPAYLOADS.js                  2.2kb    0.0%
@cactus/api:build:    ├ src/routes/aum/upload/handlers/export.ts                                                              2.2kb    0.0%
@cactus/api:build:    ├ ../../node_modules/pg/lib/crypto/utils-webcrypto.js                                                   2.2kb    0.0%
@cactus/api:build:    ├ ../../node_modules/fresh/index.js                                                                     2.2kb    0.0%
@cactus/api:build:    ├ ../../node_modules/drizzle-orm/pg-core/utils/array.js                                                 2.2kb    0.0%
@cactus/api:build:    ├ ../../node_modules/@redis/client/dist/lib/commands/GEORADIUSBYMEMBER_RO.js                            2.2kb    0.0%
@cactus/api:build:    ├ ../../node_modules/@redis/time-series/dist/lib/commands/MREVRANGE_WITHLABELS_GROUPBY.js               2.2kb    0.0%
@cactus/api:build:    ├ ../../node_modules/vary/index.js                                                                      2.2kb    0.0%
@cactus/api:build:    ├ ../../node_modules/@redis/time-series/dist/lib/commands/MRANGE_SELECTED_LABELS.js                     2.2kb    0.0%
@cactus/api:build:    ├ ../../node_modules/@redis/time-series/dist/lib/commands/MREVRANGE_SELECTED_LABELS.js                  2.2kb    0.0%
@cactus/api:build:    ├ ../../node_modules/@redis/client/dist/lib/commands/XCLAIM.js                                          2.2kb    0.0%
@cactus/api:build:    ├ ../../node_modules/@redis/client/dist/lib/commands/XINFO_STREAM.js                                    2.2kb    0.0%
@cactus/api:build:    ├ ../../node_modules/parseurl/index.js                                                                  2.2kb    0.0%
@cactus/api:build:    ├ ../../node_modules/statuses/index.js                                                                  2.2kb    0.0%
@cactus/api:build:    ├ src/utils/aum-file-detection.ts                                                                       2.2kb    0.0%
@cactus/api:build:    ├ ../../node_modules/@redis/client/dist/lib/client/parser.js                                            2.2kb    0.0%
@cactus/api:build:    ├ ../../node_modules/@redis/client/dist/lib/commands/XREVRANGE.js                                       2.2kb    0.0%
@cactus/api:build:    ├ ../../node_modules/append-field/lib/set-value.js                                                      2.2kb    0.0%
@cactus/api:build:    ├ ../../node_modules/express/lib/express.js                                                             2.2kb    0.0%
@cactus/api:build:    ├ ../../node_modules/jose/dist/node/esm/util/errors.js                                                  2.2kb    0.0%
@cactus/api:build:    ├ ../../node_modules/iconv-lite/encodings/sbcs-codec.js                                                 2.2kb    0.0%
@cactus/api:build:    ├ ../../node_modules/object-assign/index.js                                                             2.2kb    0.0%
@cactus/api:build:    ├ ../../node_modules/iconv-lite/encodings/tables/gbk-added.json                                         2.2kb    0.0%
@cactus/api:build:    ├ ../../node_modules/body-parser/lib/types/text.js                                                      2.2kb    0.0%
@cactus/api:build:    ├ ../../node_modules/@redis/time-series/dist/lib/commands/MREVRANGE_WITHLABELS.js                       2.2kb    0.0%
@cactus/api:build:    ├ ../../packages/db/src/schema/audit.ts                                                                 2.1kb    0.0%
@cactus/api:build:    ├ ../../node_modules/node-cron/dist/esm/pattern/convertion/index.js                                     2.1kb    0.0%
@cactus/api:build:    ├ ../../node_modules/prom-client/lib/metricAggregators.js                                               2.1kb    0.0%
@cactus/api:build:    ├ ../../node_modules/ioredis/built/connectors/StandaloneConnector.js                                    2.1kb    0.0%
@cactus/api:build:    ├ src/routes/admin-query-metrics.ts                                                                     2.1kb    0.0%
@cactus/api:build:    ├ ../../node_modules/@redis/time-series/dist/lib/commands/MREVRANGE_GROUPBY.js                          2.1kb    0.0%
@cactus/api:build:    ├ src/routes/auth/handlers/session.ts                                                                   2.1kb    0.0%
@cactus/api:build:    ├ ../../node_modules/multer/storage/disk.js                                                             2.1kb    0.0%
@cactus/api:build:    ├ ../../node_modules/@redis/client/dist/lib/commands/GEOSEARCH.js                                       2.1kb    0.0%
@cactus/api:build:    ├ ../../node_modules/@redis/client/dist/lib/commands/GEORADIUS_RO.js                                    2.1kb    0.0%
@cactus/api:build:    ├ ../../node_modules/statuses/codes.json                                                                2.1kb    0.0%
@cactus/api:build:    ├ ../../node_modules/@redis/client/dist/lib/commands/CLIENT_KILL.js                                     2.1kb    0.0%
@cactus/api:build:    ├ ../../node_modules/bintrees/lib/bintree.js                                                            2.1kb    0.0%
@cactus/api:build:    ├ ../../node_modules/@redis/search/dist/lib/commands/SUGGET_WITHSCORES.js                               2.1kb    0.0%
@cactus/api:build:    ├ src/services/aum/upsert.ts                                                                            2.1kb    0.0%
@cactus/api:build:    ├ src/routes/analytics/metrics.ts                                                                       2.1kb    0.0%
@cactus/api:build:    ├ ../../node_modules/@redis/time-series/dist/lib/commands/MREVRANGE.js                                  2.1kb    0.0%
@cactus/api:build:    ├ src/routes/aum/rows/handlers/update-advisor.ts                                                        2.1kb    0.0%
@cactus/api:build:    ├ ../../node_modules/node-cron/dist/esm/time/time-matcher.js                                            2.1kb    0.0%
@cactus/api:build:    ├ ../../node_modules/pino-std-serializers/lib/err-helpers.js                                            2.0kb    0.0%
@cactus/api:build:    ├ ../../node_modules/drizzle-orm/pg-core/columns/point.js                                               2.0kb    0.0%
@cactus/api:build:    ├ ../../node_modules/@redis/client/dist/lib/commands/BZMPOP.js                                          2.0kb    0.0%
@cactus/api:build:    ├ ../../node_modules/drizzle-orm/pg-core/foreign-keys.js                                                2.0kb    0.0%
@cactus/api:build:    ├ ../../node_modules/@opentelemetry/api/build/esm/trace/NoopTracer.js                                   2.0kb    0.0%
@cactus/api:build:    ├ ../../node_modules/fast-redact/lib/restorer.js                                                        2.0kb    0.0%
@cactus/api:build:    ├ ../../node_modules/pg/lib/index.js                                                                    2.0kb    0.0%
@cactus/api:build:    ├ src/routes/portfolio/schemas.ts                                                                       2.0kb    0.0%
@cactus/api:build:    ├ ../../node_modules/prom-client/lib/metric.js                                                          2.0kb    0.0%
@cactus/api:build:    ├ ../../node_modules/buffer-from/index.js                                                               2.0kb    0.0%
@cactus/api:build:    ├ ../../node_modules/pg-int8/index.js                                                                   2.0kb    0.0%
@cactus/api:build:    ├ ../../node_modules/@opentelemetry/api/build/esm/api/propagation.js                                    2.0kb    0.0%
@cactus/api:build:    ├ src/routes/aum/rows/handlers/duplicates.ts                                                            2.0kb    0.0%
@cactus/api:build:    ├ ../../node_modules/@redis/client/dist/lib/commands/GEORADIUSBYMEMBER_WITH.js                          2.0kb    0.0%
@cactus/api:build:    ├ ../../node_modules/@redis/search/dist/lib/commands/SPELLCHECK.js                                      2.0kb    0.0%
@cactus/api:build:    ├ ../../node_modules/@redis/client/dist/lib/commands/CLIENT_INFO.js                                     2.0kb    0.0%
@cactus/api:build:    ├ ../../node_modules/@redis/bloom/dist/lib/commands/t-digest/index.js                                   2.0kb    0.0%
@cactus/api:build:    ├ ../../node_modules/csv-parse/lib/utils/ResizeableBuffer.js                                            2.0kb    0.0%
@cactus/api:build:    ├ src/routes/capacitaciones/utils.ts                                                                    2.0kb    0.0%
@cactus/api:build:    ├ ../../node_modules/@opentelemetry/api/build/esm/context/NoopContextManager.js                         2.0kb    0.0%
@cactus/api:build:    ├ ../../node_modules/@redis/client/dist/lib/commands/ZADD.js                                            2.0kb    0.0%
@cactus/api:build:    ├ ../../node_modules/@redis/client/dist/lib/commands/HSET.js                                            1.9kb    0.0%
@cactus/api:build:    ├ ../../node_modules/@redis/time-series/dist/lib/commands/INFO.js                                       1.9kb    0.0%
@cactus/api:build:    ├ ../../node_modules/dotenv/package.json                                                                1.9kb    0.0%
@cactus/api:build:    ├ ../../node_modules/prom-client/lib/timeWindowQuantiles.js                                             1.9kb    0.0%
@cactus/api:build:    ├ ../../node_modules/@redis/client/dist/lib/commands/BLMPOP.js                                          1.9kb    0.0%
@cactus/api:build:    ├ ../../node_modules/prom-client/lib/metrics/heapSizeAndUsed.js                                         1.9kb    0.0%
@cactus/api:build:    ├ src/routes/tasks/handlers/bulk.ts                                                                     1.9kb    0.0%
@cactus/api:build:    ├ ../../node_modules/@redis/client/dist/lib/commands/XAUTOCLAIM.js                                      1.9kb    0.0%
@cactus/api:build:    ├ ../../node_modules/thread-stream/package.json                                                         1.9kb    0.0%
@cactus/api:build:    ├ ../../node_modules/@opentelemetry/api/build/esm/internal/global-utils.js                              1.9kb    0.0%
@cactus/api:build:    ├ ../../node_modules/mime/mime.js                                                                       1.9kb    0.0%
@cactus/api:build:    ├ ../../node_modules/@redis/client/dist/lib/commands/EVALSHA_RO.js                                      1.9kb    0.0%
@cactus/api:build:    ├ src/routes/admin-maintenance.ts                                                                       1.9kb    0.0%
@cactus/api:build:    ├ src/routes/auth/handlers/register.ts                                                                  1.9kb    0.0%
@cactus/api:build:    ├ ../../node_modules/fast-redact/index.js                                                               1.9kb    0.0%
@cactus/api:build:    ├ ../../node_modules/@redis/client/dist/lib/commands/EVALSHA.js                                         1.9kb    0.0%
@cactus/api:build:    ├ ../../node_modules/@redis/time-series/dist/lib/commands/REVRANGE.js                                   1.9kb    0.0%
@cactus/api:build:    ├ ../../node_modules/@redis/client/dist/lib/commands/FCALL_RO.js                                        1.9kb    0.0%
@cactus/api:build:    ├ ../../node_modules/@redis/client/dist/lib/commands/XPENDING_RANGE.js                                  1.9kb    0.0%
@cactus/api:build:    ├ ../../node_modules/drizzle-orm/pg-core/unique-constraint.js                                           1.9kb    0.0%
@cactus/api:build:    ├ ../../node_modules/@redis/client/dist/lib/commands/SCAN.js                                            1.9kb    0.0%
@cactus/api:build:    ├ ../../node_modules/drizzle-orm/pg-core/columns/line.js                                                1.9kb    0.0%
@cactus/api:build:    ├ ../../node_modules/@redis/client/dist/lib/commands/CLIENT_TRACKING.js                                 1.9kb    0.0%
@cactus/api:build:    ├ ../../node_modules/@redis/client/dist/lib/commands/EVAL_RO.js                                         1.9kb    0.0%
@cactus/api:build:    ├ ../../node_modules/@redis/client/dist/lib/commands/FCALL.js                                           1.9kb    0.0%
@cactus/api:build:    ├ ../../node_modules/@redis/time-series/dist/lib/commands/DECRBY.js                                     1.9kb    0.0%
@cactus/api:build:    ├ ../../node_modules/drizzle-orm/pg-core/columns/postgis_extension/geometry.js                          1.8kb    0.0%
@cactus/api:build:    ├ ../../node_modules/etag/index.js                                                                      1.8kb    0.0%
@cactus/api:build:    ├ ../../node_modules/prom-client/lib/metrics/gc.js                                                      1.8kb    0.0%
@cactus/api:build:    ├ ../../node_modules/prom-client/lib/metrics/processResources.js                                        1.8kb    0.0%
@cactus/api:build:    ├ ../../node_modules/@opentelemetry/api/build/esm/index.js                                              1.8kb    0.0%
@cactus/api:build:    ├ ../../node_modules/drizzle-orm/pg-core/columns/bigserial.js                                           1.8kb    0.0%
@cactus/api:build:    ├ ../../node_modules/@redis/client/dist/lib/commands/XREAD.js                                           1.8kb    0.0%
@cactus/api:build:    ├ ../../node_modules/@redis/client/dist/lib/commands/SORT_RO.js                                         1.8kb    0.0%
@cactus/api:build:    ├ ../../node_modules/@redis/client/dist/lib/commands/VSIM.js                                            1.8kb    0.0%
@cactus/api:build:    ├ ../../node_modules/@redis/client/dist/lib/commands/SET.js                                             1.8kb    0.0%
@cactus/api:build:    ├ ../../node_modules/drizzle-orm/pg-core/table.js                                                       1.8kb    0.0%
@cactus/api:build:    ├ ../../node_modules/@redis/client/dist/lib/commands/ZMPOP.js                                           1.8kb    0.0%
@cactus/api:build:    ├ ../../node_modules/thread-stream/lib/wait.js                                                          1.8kb    0.0%
@cactus/api:build:    ├ ../../node_modules/drizzle-orm/pg-core/query-builders/refresh-materialized-view.js                    1.8kb    0.0%
@cactus/api:build:    ├ ../../node_modules/prom-client/lib/defaultMetrics.js                                                  1.8kb    0.0%
@cactus/api:build:    ├ ../../node_modules/@redis/time-series/dist/lib/commands/MRANGE.js                                     1.8kb    0.0%
@cactus/api:build:    ├ ../../node_modules/body-parser/lib/types/raw.js                                                       1.8kb    0.0%
@cactus/api:build:    ├ ../../node_modules/pino-std-serializers/index.js                                                      1.8kb    0.0%
@cactus/api:build:    ├ ../../node_modules/prom-client/lib/metrics/heapSpacesSizeAndUsed.js                                   1.8kb    0.0%
@cactus/api:build:    ├ ../../node_modules/safe-buffer/index.js                                                               1.8kb    0.0%
@cactus/api:build:    ├ src/routes/instruments/utils.ts                                                                       1.8kb    0.0%
@cactus/api:build:    ├ ../../node_modules/@redis/client/dist/lib/commands/XINFO_GROUPS.js                                    1.8kb    0.0%
@cactus/api:build:    ├ ../../node_modules/@redis/time-series/dist/lib/commands/MGET.js                                       1.8kb    0.0%
@cactus/api:build:    ├ ../../node_modules/@redis/client/dist/lib/commands/XADD.js                                            1.8kb    0.0%
@cactus/api:build:    ├ ../../node_modules/drizzle-orm/node-postgres/driver.js                                                1.8kb    0.0%
@cactus/api:build:    ├ ../../node_modules/@redis/bloom/dist/lib/commands/bloom/INSERT.js                                     1.8kb    0.0%
@cactus/api:build:    ├ src/config/env.ts                                                                                     1.8kb    0.0%
@cactus/api:build:    ├ ../../node_modules/@redis/search/dist/lib/index.js                                                    1.8kb    0.0%
@cactus/api:build:    ├ ../../node_modules/string_decoder/node_modules/safe-buffer/index.js                                   1.7kb    0.0%
@cactus/api:build:    ├ ../../node_modules/concat-stream/node_modules/safe-buffer/index.js                                    1.7kb    0.0%
@cactus/api:build:    ├ ../../node_modules/@redis/client/dist/lib/commands/ROLE.js                                            1.7kb    0.0%
@cactus/api:build:    ├ ../../node_modules/ioredis/built/connectors/SentinelConnector/FailoverDetector.js                     1.7kb    0.0%
@cactus/api:build:    ├ src/routes/benchmarks/index.ts                                                                        1.7kb    0.0%
@cactus/api:build:    ├ ../../node_modules/@redis/client/dist/lib/multi-command.js                                            1.7kb    0.0%
@cactus/api:build:    ├ ../../packages/db/src/schema/capacitaciones.ts                                                        1.7kb    0.0%
@cactus/api:build:    ├ ../../node_modules/pg-protocol/dist/buffer-reader.js                                                  1.7kb    0.0%
@cactus/api:build:    ├ ../../node_modules/@redis/time-series/dist/lib/commands/MGET_WITHLABELS.js                            1.7kb    0.0%
@cactus/api:build:    ├ src/routes/tags/handlers/rules.ts                                                                     1.7kb    0.0%
@cactus/api:build:    ├ ../../node_modules/@opentelemetry/api/build/esm/api/trace.js                                          1.7kb    0.0%
@cactus/api:build:    ├ ../../node_modules/lodash.isarguments/index.js                                                        1.7kb    0.0%
@cactus/api:build:    ├ src/routes/metrics/contacts/calculate-monthly.ts                                                      1.7kb    0.0%
@cactus/api:build:    ├ ../../node_modules/ee-first/index.js                                                                  1.7kb    0.0%
@cactus/api:build:    ├ src/services/aum/strategies/find-by-account-number.ts                                                 1.7kb    0.0%
@cactus/api:build:    ├ ../../node_modules/busboy/lib/index.js                                                                1.7kb    0.0%
@cactus/api:build:    ├ ../../node_modules/@redis/client/dist/lib/commands/XRANGE.js                                          1.7kb    0.0%
@cactus/api:build:    ├ ../../node_modules/@redis/bloom/dist/lib/commands/t-digest/BYREVRANK.js                               1.7kb    0.0%
@cactus/api:build:    ├ src/services/portfolio-service.ts                                                                     1.7kb    0.0%
@cactus/api:build:    ├ ../../node_modules/@redis/client/dist/lib/commands/ZRANGE.js                                          1.7kb    0.0%
@cactus/api:build:    ├ ../../node_modules/@redis/client/dist/lib/commands/VADD.js                                            1.7kb    0.0%
@cactus/api:build:    ├ ../../node_modules/@redis/bloom/dist/lib/commands/cuckoo/INSERTNX.js                                  1.7kb    0.0%
@cactus/api:build:    ├ ../../node_modules/@redis/client/dist/lib/commands/GETEX.js                                           1.7kb    0.0%
@cactus/api:build:    ├ src/services/aum/strategies/find-by-reverse-lookup.ts                                                 1.7kb    0.0%
@cactus/api:build:    ├ ../../node_modules/@redis/bloom/dist/lib/commands/t-digest/REVRANK.js                                 1.7kb    0.0%
@cactus/api:build:    ├ ../../node_modules/@redis/client/dist/lib/commands/FUNCTION_STATS.js                                  1.7kb    0.0%
@cactus/api:build:    ├ ../../node_modules/drizzle-orm/pg-core/columns/date.js                                                1.7kb    0.0%
@cactus/api:build:    ├ ../../node_modules/redis-errors/lib/modern.js                                                         1.7kb    0.0%
@cactus/api:build:    ├ ../../node_modules/@redis/time-series/dist/lib/index.js                                               1.7kb    0.0%
@cactus/api:build:    ├ ../../node_modules/drizzle-orm/pg-core/columns/bigint.js                                              1.7kb    0.0%
@cactus/api:build:    ├ ../../node_modules/has-symbols/shams.js                                                               1.7kb    0.0%
@cactus/api:build:    ├ src/routes/users/index.ts                                                                             1.7kb    0.0%
@cactus/api:build:    ├ src/config/api-limits.ts                                                                              1.7kb    0.0%
@cactus/api:build:    ├ ../../node_modules/@redis/bloom/dist/lib/commands/cuckoo/index.js                                     1.6kb    0.0%
@cactus/api:build:    ├ ../../node_modules/side-channel-map/index.js                                                          1.6kb    0.0%
@cactus/api:build:    ├ ../../node_modules/node-cron/dist/esm/logger.js                                                       1.6kb    0.0%
@cactus/api:build:    ├ ../../node_modules/prom-client/lib/metrics/processRequests.js                                         1.6kb    0.0%
@cactus/api:build:    ├ ../../node_modules/@redis/time-series/dist/lib/commands/INFO_DEBUG.js                                 1.6kb    0.0%
@cactus/api:build:    ├ ../../node_modules/@redis/client/dist/lib/commands/MIGRATE.js                                         1.6kb    0.0%
@cactus/api:build:    ├ ../../node_modules/@redis/client/dist/lib/commands/XREADGROUP.js                                      1.6kb    0.0%
@cactus/api:build:    ├ src/routes/benchmarks/handlers/batch.ts                                                               1.6kb    0.0%
@cactus/api:build:    ├ src/routes/portfolio/handlers/template-lines.ts                                                       1.6kb    0.0%
@cactus/api:build:    ├ ../../node_modules/@redis/search/dist/lib/commands/AGGREGATE_WITHCURSOR.js                            1.6kb    0.0%
@cactus/api:build:    ├ ../../packages/db/src/schema/instruments.ts                                                           1.6kb    0.0%
@cactus/api:build:    ├ ../../node_modules/prom-client/lib/metrics/processHandles.js                                          1.6kb    0.0%
@cactus/api:build:    ├ ../../node_modules/@redis/client/dist/lib/commands/ZRANGESTORE.js                                     1.6kb    0.0%
@cactus/api:build:    ├ src/routes/tasks/handlers/get.ts                                                                      1.6kb    0.0%
@cactus/api:build:    ├ ../../node_modules/ioredis/built/cluster/DelayQueue.js                                                1.6kb    0.0%
@cactus/api:build:    ├ ../../node_modules/drizzle-orm/migrator.js                                                            1.6kb    0.0%
@cactus/api:build:    ├ src/services/aum/strategies/find-by-id-cuenta.ts                                                      1.6kb    0.0%
@cactus/api:build:    ├ ../../node_modules/drizzle-orm/pg-core/columns/enum.js                                                1.5kb    0.0%
@cactus/api:build:    ├ ../../node_modules/process-nextick-args/index.js                                                      1.5kb    0.0%
@cactus/api:build:    ├ ../../node_modules/@opentelemetry/api/build/esm/trace/NonRecordingSpan.js                             1.5kb    0.0%
@cactus/api:build:    ├ ../../node_modules/@redis/client/dist/lib/commands/VLINKS_WITHSCORES.js                               1.5kb    0.0%
@cactus/api:build:    ├ ../../node_modules/@redis/client/dist/lib/commands/VEMB_RAW.js                                        1.5kb    0.0%
@cactus/api:build:    ├ ../../node_modules/node-cron/dist/esm/promise/tracked-promise.js                                      1.5kb    0.0%
@cactus/api:build:    ├ ../../node_modules/@redis/client/dist/lib/single-entry-cache.js                                       1.5kb    0.0%
@cactus/api:build:    ├ ../../node_modules/@redis/search/dist/lib/commands/SUGGET_WITHPAYLOADS.js                             1.5kb    0.0%
@cactus/api:build:    ├ ../../node_modules/@redis/client/dist/lib/commands/FUNCTION_LIST_WITHCODE.js                          1.5kb    0.0%
@cactus/api:build:    ├ ../../node_modules/ioredis/built/redis/RedisOptions.js                                                1.5kb    0.0%
@cactus/api:build:    ├ ../../node_modules/node-cron/dist/esm/pattern/convertion/range-conversion.js                          1.5kb    0.0%
@cactus/api:build:    ├ ../../node_modules/drizzle-orm/column.js                                                              1.5kb    0.0%
@cactus/api:build:    ├ ../../node_modules/ioredis/built/ScanStream.js                                                        1.5kb    0.0%
@cactus/api:build:    ├ ../../node_modules/@redis/bloom/dist/lib/commands/cuckoo/INSERT.js                                    1.5kb    0.0%
@cactus/api:build:    ├ src/auth/jwt.ts                                                                                       1.5kb    0.0%
@cactus/api:build:    ├ ../../node_modules/@redis/time-series/dist/lib/commands/CREATERULE.js                                 1.5kb    0.0%
@cactus/api:build:    ├ src/routes/users/handlers/list.ts                                                                     1.5kb    0.0%
@cactus/api:build:    ├ src/utils/validation.ts                                                                               1.5kb    0.0%
@cactus/api:build:    ├ ../../node_modules/@redis/client/dist/lib/commands/XPENDING.js                                        1.5kb    0.0%
@cactus/api:build:    ├ ../../node_modules/pino-std-serializers/lib/err-with-cause.js                                         1.5kb    0.0%
@cactus/api:build:    ├ ../../node_modules/@redis/client/dist/lib/commands/HEXPIRE.js                                         1.5kb    0.0%
@cactus/api:build:    ├ src/routes/users/schemas.ts                                                                           1.5kb    0.0%
@cactus/api:build:    ├ ../../node_modules/@redis/client/dist/lib/commands/SORT.js                                            1.5kb    0.0%
@cactus/api:build:    ├ ../../node_modules/append-field/lib/parse-path.js                                                     1.5kb    0.0%
@cactus/api:build:    ├ ../../packages/db/src/schema/automations.ts                                                           1.5kb    0.0%
@cactus/api:build:    ├ ../../node_modules/drizzle-orm/pg-core/columns/custom.js                                              1.5kb    0.0%
@cactus/api:build:    ├ ../../node_modules/@redis/client/dist/lib/commands/MSET.js                                            1.5kb    0.0%
@cactus/api:build:    ├ ../../node_modules/@redis/time-series/dist/lib/commands/INCRBY.js                                     1.4kb    0.0%
@cactus/api:build:    ├ src/routes/contacts/assignment.ts                                                                     1.4kb    0.0%
@cactus/api:build:    ├ ../../node_modules/jose/dist/node/esm/lib/validate_crit.js                                            1.4kb    0.0%
@cactus/api:build:    ├ ../../node_modules/fast-redact/lib/validator.js                                                       1.4kb    0.0%
@cactus/api:build:    ├ ../../node_modules/ioredis/built/connectors/SentinelConnector/SentinelIterator.js                     1.4kb    0.0%
@cactus/api:build:    ├ ../../node_modules/@redis/bloom/dist/lib/commands/cuckoo/RESERVE.js                                   1.4kb    0.0%
@cactus/api:build:    ├ ../../node_modules/pg/lib/crypto/utils-legacy.js                                                      1.4kb    0.0%
@cactus/api:build:    ├ ../../node_modules/@redis/json/dist/lib/commands/SET.js                                               1.4kb    0.0%
@cactus/api:build:    ├ ../../node_modules/jose/dist/node/esm/runtime/get_named_curve.js                                      1.4kb    0.0%
@cactus/api:build:    ├ ../../node_modules/drizzle-orm/sql/functions/vector.js                                                1.4kb    0.0%
@cactus/api:build:    ├ src/routes/metrics/contacts/calculators/business-line-closures.ts                                     1.4kb    0.0%
@cactus/api:build:    ├ ../../node_modules/@redis/client/dist/lib/commands/ACL_LOG.js                                         1.4kb    0.0%
@cactus/api:build:    ├ ../../node_modules/@redis/client/dist/lib/commands/GEORADIUSBYMEMBER.js                               1.4kb    0.0%
@cactus/api:build:    ├ src/routes/tasks/handlers/export.ts                                                                   1.4kb    0.0%
@cactus/api:build:    ├ ../../node_modules/@redis/json/dist/lib/commands/ARRINDEX.js                                          1.4kb    0.0%
@cactus/api:build:    ├ ../../node_modules/drizzle-orm/pg-core/columns/numeric.js                                             1.4kb    0.0%
@cactus/api:build:    ├ ../../node_modules/@redis/client/dist/lib/commands/XAUTOCLAIM_JUSTID.js                               1.4kb    0.0%
@cactus/api:build:    ├ ../../node_modules/jose/dist/node/esm/lib/secs.js                                                     1.4kb    0.0%
@cactus/api:build:    ├ ../../node_modules/@redis/client/dist/lib/commands/MEMORY_STATS.js                                    1.4kb    0.0%
@cactus/api:build:    ├ ../../node_modules/@redis/client/dist/lib/commands/LATENCY_GRAPH.js                                   1.3kb    0.0%
@cactus/api:build:    ├ ../../node_modules/@redis/client/dist/lib/commands/XINFO_CONSUMERS.js                                 1.3kb    0.0%
@cactus/api:build:    ├ ../../node_modules/@redis/client/dist/lib/commands/HRANDFIELD_COUNT_WITHVALUES.js                     1.3kb    0.0%
@cactus/api:build:    ├ ../../node_modules/forwarded/index.js                                                                 1.3kb    0.0%
@cactus/api:build:    ├ ../../node_modules/prom-client/lib/metrics/processMaxFileDescriptors.js                               1.3kb    0.0%
@cactus/api:build:    ├ ../../node_modules/fast-redact/lib/parse.js                                                           1.3kb    0.0%
@cactus/api:build:    ├ ../../node_modules/standard-as-callback/built/index.js                                                1.3kb    0.0%
@cactus/api:build:    ├ ../../node_modules/drizzle-orm/pg-core/columns/int.common.js                                          1.3kb    0.0%
@cactus/api:build:    ├ ../../node_modules/@redis/time-series/dist/lib/commands/ADD.js                                        1.3kb    0.0%
@cactus/api:build:    ├ ../../node_modules/@redis/json/dist/lib/commands/ARRPOP.js                                            1.3kb    0.0%
@cactus/api:build:    ├ ../../node_modules/pino-std-serializers/lib/err.js                                                    1.3kb    0.0%
@cactus/api:build:    ├ ../../node_modules/@redis/client/dist/lib/commands/CLIENT_LIST.js                                     1.3kb    0.0%
@cactus/api:build:    ├ ../../node_modules/@redis/client/dist/lib/commands/GEOADD.js                                          1.3kb    0.0%
@cactus/api:build:    ├ ../../node_modules/@redis/client/dist/lib/commands/BITFIELD.js                                        1.3kb    0.0%
@cactus/api:build:    ├ ../../node_modules/@redis/client/dist/lib/commands/ZADD_INCR.js                                       1.3kb    0.0%
@cactus/api:build:    ├ ../../node_modules/pg-types/lib/builtins.js                                                           1.3kb    0.0%
@cactus/api:build:    ├ ../../node_modules/csv-parse/lib/api/normalize_columns_array.js                                       1.3kb    0.0%
@cactus/api:build:    ├ ../../node_modules/@redis/bloom/dist/lib/commands/top-k/index.js                                      1.3kb    0.0%
@cactus/api:build:    ├ ../../node_modules/@redis/client/dist/lib/commands/GEORADIUS_RO_WITH.js                               1.3kb    0.0%
@cactus/api:build:    ├ ../../node_modules/node-cron/dist/esm/pattern/convertion/month-names-conversion.js                    1.3kb    0.0%
@cactus/api:build:    ├ ../../node_modules/iconv-lite/lib/bom-handling.js                                                     1.3kb    0.0%
@cactus/api:build:    ├ ../../node_modules/@redis/client/dist/lib/commands/GEORADIUS.js                                       1.3kb    0.0%
@cactus/api:build:    ├ src/routes/users/handlers/status.ts                                                                   1.3kb    0.0%
@cactus/api:build:    ├ ../../node_modules/@redis/client/dist/lib/commands/SSCAN.js                                           1.3kb    0.0%
@cactus/api:build:    ├ ../../node_modules/@redis/bloom/dist/lib/commands/bloom/RESERVE.js                                    1.3kb    0.0%
@cactus/api:build:    ├ src/routes/users/handlers/profile.ts                                                                  1.3kb    0.0%
@cactus/api:build:    ├ ../../node_modules/@redis/bloom/dist/lib/commands/count-min-sketch/MERGE.js                           1.3kb    0.0%
@cactus/api:build:    ├ ../../node_modules/side-channel/index.js                                                              1.3kb    0.0%
@cactus/api:build:    ├ ../../node_modules/atomic-sleep/index.js                                                              1.3kb    0.0%
@cactus/api:build:    ├ ../../node_modules/@redis/client/dist/lib/commands/BZPOPMAX.js                                        1.3kb    0.0%
@cactus/api:build:    ├ src/routes/users/handlers/password.ts                                                                 1.3kb    0.0%
@cactus/api:build:    ├ ../../node_modules/@opentelemetry/api/build/esm/trace/ProxyTracerProvider.js                          1.3kb    0.0%
@cactus/api:build:    ├ ../../node_modules/@opentelemetry/api/build/esm/diag/consoleLogger.js                                 1.3kb    0.0%
@cactus/api:build:    ├ src/routes/aum/upload/handlers/history.ts                                                             1.3kb    0.0%
@cactus/api:build:    ├ ../../node_modules/@redis/client/dist/lib/commands/VSIM_WITHSCORES.js                                 1.3kb    0.0%
@cactus/api:build:    ├ ../../node_modules/pg-types/index.js                                                                  1.2kb    0.0%
@cactus/api:build:    ├ ../../node_modules/@redis/json/dist/lib/commands/ARRINSERT.js                                         1.2kb    0.0%
@cactus/api:build:    ├ ../../node_modules/@redis/client/dist/lib/commands/XTRIM.js                                           1.2kb    0.0%
@cactus/api:build:    ├ ../../node_modules/@opentelemetry/api/build/esm/trace/ProxyTracer.js                                  1.2kb    0.0%
@cactus/api:build:    ├ ../../node_modules/@redis/client/dist/lib/sentinel/commands/index.js                                  1.2kb    0.0%
@cactus/api:build:    ├ ../../node_modules/drizzle-orm/pg-core/columns/time.js                                                1.2kb    0.0%
@cactus/api:build:    ├ src/routes/capacitaciones/handlers/list.ts                                                            1.2kb    0.0%
@cactus/api:build:    ├ ../../node_modules/@redis/client/dist/lib/commands/PUBSUB_SHARDNUMSUB.js                              1.2kb    0.0%
@cactus/api:build:    ├ ../../node_modules/prom-client/lib/metrics/osMemoryHeap.js                                            1.2kb    0.0%
@cactus/api:build:    ├ ../../node_modules/prom-client/index.js                                                               1.2kb    0.0%
@cactus/api:build:    ├ src/routes/teams/handlers/utils.ts                                                                    1.2kb    0.0%
@cactus/api:build:    ├ ../../node_modules/@redis/client/dist/lib/commands/ZRANK_WITHSCORE.js                                 1.2kb    0.0%
@cactus/api:build:    ├ ../../node_modules/@redis/search/dist/lib/commands/SEARCH_NOCONTENT.js                                1.2kb    0.0%
@cactus/api:build:    ├ ../../node_modules/drizzle-orm/pg-core/columns/postgis_extension/utils.js                             1.2kb    0.0%
@cactus/api:build:    ├ ../../node_modules/@redis/client/dist/lib/commands/LCS_IDX.js                                         1.2kb    0.0%
@cactus/api:build:    ├ ../../node_modules/@redis/client/dist/lib/commands/FUNCTION_LIST.js                                   1.2kb    0.0%
@cactus/api:build:    ├ ../../node_modules/pino-std-serializers/lib/res.js                                                    1.2kb    0.0%
@cactus/api:build:    ├ ../../node_modules/@redis/client/dist/lib/commands/RESTORE.js                                         1.2kb    0.0%
@cactus/api:build:    ├ ../../node_modules/escape-html/index.js                                                               1.2kb    0.0%
@cactus/api:build:    ├ ../../node_modules/@redis/client/dist/lib/authx/index.js                                              1.2kb    0.0%
@cactus/api:build:    ├ src/config/redis.ts                                                                                   1.2kb    0.0%
@cactus/api:build:    ├ src/routes/benchmarks/handlers/list.ts                                                                1.2kb    0.0%
@cactus/api:build:    ├ ../../node_modules/@redis/client/dist/lib/commands/PUBSUB_NUMSUB.js                                   1.2kb    0.0%
@cactus/api:build:    ├ ../../node_modules/@redis/search/dist/lib/commands/CURSOR_READ.js                                     1.2kb    0.0%
@cactus/api:build:    ├ ../../node_modules/@redis/bloom/dist/lib/commands/t-digest/MERGE.js                                   1.2kb    0.0%
@cactus/api:build:    ├ ../../node_modules/@redis/client/dist/lib/commands/HEXPIREAT.js                                       1.2kb    0.0%
@cactus/api:build:    ├ ../../node_modules/@redis/client/dist/lib/commands/GEOSEARCHSTORE.js                                  1.2kb    0.0%
@cactus/api:build:    ├ src/routes/benchmarks/schemas.ts                                                                      1.2kb    0.0%
@cactus/api:build:    ├ ../../node_modules/@redis/client/dist/lib/commands/ZRANGEBYLEX.js                                     1.2kb    0.0%
@cactus/api:build:    ├ ../../node_modules/ioredis/built/SubscriptionSet.js                                                   1.2kb    0.0%
@cactus/api:build:    ├ ../../node_modules/@redis/client/dist/lib/commands/HELLO.js                                           1.2kb    0.0%
@cactus/api:build:    ├ ../../node_modules/@redis/client/dist/lib/commands/XACKDEL.js                                         1.2kb    0.0%
@cactus/api:build:    ├ ../../node_modules/drizzle-orm/sql/functions/aggregate.js                                             1.2kb    0.0%
@cactus/api:build:    ├ src/utils/pagination.ts                                                                               1.2kb    0.0%
@cactus/api:build:    ├ ../../node_modules/@redis/json/dist/lib/commands/ARRAPPEND.js                                         1.2kb    0.0%
@cactus/api:build:    ├ ../../node_modules/@redis/search/dist/lib/commands/EXPLAIN.js                                         1.1kb    0.0%
@cactus/api:build:    ├ src/routes/aum/rows/cache.ts                                                                          1.1kb    0.0%
@cactus/api:build:    ├ ../../node_modules/drizzle-orm/pg-core/columns/jsonb.js                                               1.1kb    0.0%
@cactus/api:build:    ├ ../../node_modules/@redis/client/dist/lib/commands/ZINTER.js                                          1.1kb    0.0%
@cactus/api:build:    ├ ../../node_modules/@redis/client/dist/lib/commands/XGROUP_CREATE.js                                   1.1kb    0.0%
@cactus/api:build:    ├ ../../node_modules/drizzle-orm/logger.js                                                              1.1kb    0.0%
@cactus/api:build:    ├ ../../node_modules/drizzle-orm/pg-core/schema.js                                                      1.1kb    0.0%
@cactus/api:build:    ├ ../../node_modules/node-cron/dist/esm/pattern/convertion/asterisk-to-range-conversion.js              1.1kb    0.0%
@cactus/api:build:    ├ ../../node_modules/@redis/bloom/dist/lib/commands/t-digest/BYRANK.js                                  1.1kb    0.0%
@cactus/api:build:    ├ src/routes/aum/upload/index.ts                                                                        1.1kb    0.0%
@cactus/api:build:    ├ ../../node_modules/@redis/client/dist/lib/commands/ZRANGEBYSCORE.js                                   1.1kb    0.0%
@cactus/api:build:    ├ ../../node_modules/@redis/client/dist/lib/commands/HSCAN.js                                           1.1kb    0.0%
@cactus/api:build:    ├ ../../node_modules/@redis/client/dist/lib/commands/LPOS_COUNT.js                                      1.1kb    0.0%
@cactus/api:build:    ├ src/routes/aum/upload/handlers/preview.ts                                                             1.1kb    0.0%
@cactus/api:build:    ├ src/routes/automations/schemas.ts                                                                     1.1kb    0.0%
@cactus/api:build:    ├ ../../node_modules/node-cron/dist/esm/pattern/convertion/week-day-names-conversion.js                 1.1kb    0.0%
@cactus/api:build:    ├ ../../node_modules/@redis/bloom/dist/lib/commands/count-min-sketch/index.js                           1.1kb    0.0%
@cactus/api:build:    ├ ../../node_modules/@redis/client/dist/lib/commands/HGETEX.js                                          1.1kb    0.0%
@cactus/api:build:    ├ ../../node_modules/@redis/time-series/dist/lib/commands/MGET_SELECTED_LABELS.js                       1.1kb    0.0%
@cactus/api:build:    ├ ../../node_modules/drizzle-orm/pg-core/columns/vector_extension/halfvec.js                            1.1kb    0.0%
@cactus/api:build:    ├ ../../node_modules/@opentelemetry/api/build/esm/context/context.js                                    1.1kb    0.0%
@cactus/api:build:    ├ ../../node_modules/@opentelemetry/api/build/esm/api/metrics.js                                        1.1kb    0.0%
@cactus/api:build:    ├ ../../node_modules/@redis/client/dist/lib/commands/BITPOS.js                                          1.1kb    0.0%
@cactus/api:build:    ├ ../../node_modules/@redis/client/dist/lib/commands/HPEXPIREAT.js                                      1.1kb    0.0%
@cactus/api:build:    ├ ../../node_modules/@redis/search/dist/lib/commands/SUGADD.js                                          1.1kb    0.0%
@cactus/api:build:    ├ ../../node_modules/@redis/client/dist/lib/commands/ZPOPMAX.js                                         1.1kb    0.0%
@cactus/api:build:    ├ ../../node_modules/@redis/json/dist/lib/commands/STRAPPEND.js                                         1.1kb    0.0%
@cactus/api:build:    ├ ../../node_modules/@redis/json/dist/lib/commands/NUMMULTBY.js                                         1.1kb    0.0%
@cactus/api:build:    ├ src/routes/teams/schemas.ts                                                                           1.1kb    0.0%
@cactus/api:build:    ├ ../../node_modules/array-flatten/array-flatten.js                                                     1.1kb    0.0%
@cactus/api:build:    ├ ../../node_modules/@redis/time-series/dist/lib/commands/CREATE.js                                     1.1kb    0.0%
@cactus/api:build:    ├ ../../node_modules/@redis/client/dist/lib/commands/XCLAIM_JUSTID.js                                   1.1kb    0.0%
@cactus/api:build:    ├ ../../node_modules/@redis/client/dist/lib/commands/ZRANDMEMBER_COUNT_WITHSCORES.js                    1.1kb    0.0%
@cactus/api:build:    ├ ../../node_modules/prom-client/lib/metrics/version.js                                                 1.1kb    0.0%
@cactus/api:build:    ├ ../../node_modules/@redis/bloom/dist/lib/commands/bloom/helpers.js                                    1.1kb    0.0%
@cactus/api:build:    ├ ../../node_modules/methods/index.js                                                                   1.1kb    0.0%
@cactus/api:build:    ├ ../../node_modules/@redis/client/dist/lib/commands/SRANDMEMBER_COUNT.js                               1.1kb    0.0%
@cactus/api:build:    ├ ../../node_modules/@redis/client/dist/lib/commands/XGROUP_SETID.js                                    1.1kb    0.0%
@cactus/api:build:    ├ ../../node_modules/@redis/bloom/dist/lib/commands/top-k/INCRBY.js                                     1.1kb    0.0%
@cactus/api:build:    ├ ../../node_modules/@redis/client/dist/lib/commands/VSETATTR.js                                        1.1kb    0.0%
@cactus/api:build:    ├ ../../node_modules/@redis/client/dist/lib/commands/ZRANGEBYSCORE_WITHSCORES.js                        1.1kb    0.0%
@cactus/api:build:    ├ ../../node_modules/pino-std-serializers/lib/err-proto.js                                              1.1kb    0.0%
@cactus/api:build:    ├ ../../node_modules/@redis/bloom/dist/lib/commands/top-k/RESERVE.js                                    1.1kb    0.0%
@cactus/api:build:    ├ ../../node_modules/@opentelemetry/api/build/esm/trace/context-utils.js                                1.1kb    0.0%
@cactus/api:build:    ├ ../../node_modules/ioredis/built/connectors/AbstractConnector.js                                      1.1kb    0.0%
@cactus/api:build:    ├ ../../node_modules/unpipe/index.js                                                                    1.1kb    0.0%
@cactus/api:build:    ├ ../../node_modules/@redis/client/dist/lib/commands/EVAL.js                                            1.1kb    0.0%
@cactus/api:build:    ├ ../../node_modules/@redis/json/dist/lib/commands/MSET.js                                              1.0kb    0.0%
@cactus/api:build:    ├ ../../node_modules/@redis/client/dist/lib/commands/CLUSTER_SETSLOT.js                                 1.0kb    0.0%
@cactus/api:build:    ├ ../../node_modules/drizzle-orm/pg-core/primary-keys.js                                                1.0kb    0.0%
@cactus/api:build:    ├ ../../node_modules/drizzle-orm/pg-core/columns/interval.js                                            1.0kb    0.0%
@cactus/api:build:    ├ ../../node_modules/drizzle-orm/pg-core/columns/json.js                                                1.0kb    0.0%
@cactus/api:build:    ├ ../../node_modules/@redis/client/dist/lib/commands/EXPIREAT.js                                        1.0kb    0.0%
@cactus/api:build:    ├ ../../node_modules/@redis/bloom/dist/lib/commands/count-min-sketch/INCRBY.js                          1.0kb    0.0%
@cactus/api:build:    ├ ../../packages/db/src/read-replica.ts                                                                 1.0kb    0.0%
@cactus/api:build:    ├ ../../node_modules/postgres-bytea/index.js                                                            1.0kb    0.0%
@cactus/api:build:    ├ ../../node_modules/@redis/search/dist/lib/commands/EXPLAINCLI.js                                      1.0kb    0.0%
@cactus/api:build:    ├ ../../node_modules/dunder-proto/get.js                                                                1.0kb    0.0%
@cactus/api:build:    ├ ../../node_modules/@redis/client/dist/package.json                                                    1.0kb    0.0%
@cactus/api:build:    ├ ../../node_modules/pg/lib/type-overrides.js                                                           1.0kb    0.0%
@cactus/api:build:    ├ ../../node_modules/@redis/client/dist/lib/commands/ACL_GETUSER.js                                     1.0kb    0.0%
@cactus/api:build:    ├ ../../node_modules/drizzle-orm/pg-core/columns/vector_extension/vector.js                             1.0kb    0.0%
@cactus/api:build:    ├ ../../node_modules/@redis/time-series/dist/lib/commands/ALTER.js                                      1.0kb    0.0%
@cactus/api:build:    ├ ../../node_modules/@redis/client/dist/lib/commands/BZPOPMIN.js                                        1.0kb    0.0%
@cactus/api:build:    ├ ../../node_modules/prom-client/lib/exemplar.js                                                        1.0kb    0.0%
@cactus/api:build:    ├ ../../node_modules/prom-client/lib/metrics/processOpenFileDescriptors.js                              1.0kb    0.0%
@cactus/api:build:    ├ ../../node_modules/@redis/client/dist/lib/commands/BLMOVE.js                                          1.0kb    0.0%
@cactus/api:build:    ├ ../../node_modules/@redis/json/dist/lib/commands/TYPE.js                                              1.0kb    0.0%
@cactus/api:build:    ├ ../../node_modules/node-cron/dist/esm/task-registry.js                                                1.0kb    0.0%
@cactus/api:build:    ├ ../../node_modules/@redis/bloom/dist/lib/commands/t-digest/RANK.js                                    1.0kb    0.0%
@cactus/api:build:    ├ ../../node_modules/prom-client/lib/metrics/helpers/processMetricsHelpers.js                           1.0kb    0.0%
@cactus/api:build:    ├ ../../node_modules/cookie-signature/index.js                                                          1.0kb    0.0%
@cactus/api:build:    ├ ../../node_modules/@redis/client/dist/lib/commands/CONFIG_SET.js                                      1.0kb    0.0%
@cactus/api:build:    ├ src/routes/tasks/handlers/complete.ts                                                                 1.0kb    0.0%
@cactus/api:build:    ├ ../../node_modules/@redis/client/dist/lib/commands/LMPOP.js                                           1.0kb    0.0%
@cactus/api:build:    ├ ../../node_modules/@redis/client/dist/lib/commands/SORT_STORE.js                                      1.0kb    0.0%
@cactus/api:build:    ├ ../../node_modules/@redis/client/dist/lib/authx/credentials-provider.js                               1.0kb    0.0%
@cactus/api:build:    ├ ../../node_modules/@redis/search/dist/lib/commands/SUGGET.js                                          1.0kb    0.0%
@cactus/api:build:    ├ ../../node_modules/@redis/client/dist/lib/commands/BITCOUNT.js                                        1.0kb    0.0%
@cactus/api:build:    ├ ../../node_modules/@redis/client/dist/lib/commands/LATENCY_RESET.js                                   1.0kb    0.0%
@cactus/api:build:    ├ ../../node_modules/drizzle-orm/pg-core/columns/double-precision.js                                    1.0kb    0.0%
@cactus/api:build:    ├ ../../node_modules/@redis/bloom/dist/lib/commands/t-digest/TRIMMED_MEAN.js                            1.0kb    0.0%
@cactus/api:build:    ├ ../../node_modules/@redis/client/dist/lib/commands/ZSCAN.js                                           1.0kb    0.0%
@cactus/api:build:    ├ ../../node_modules/@redis/client/dist/lib/commands/ZUNIONSTORE.js                                     1.0kb    0.0%
@cactus/api:build:    ├ ../../node_modules/@redis/client/dist/lib/commands/PEXPIREAT.js                                       1.0kb    0.0%
@cactus/api:build:    ├ ../../node_modules/@redis/client/dist/lib/commands/LCS_IDX_WITHMATCHLEN.js                           1023b     0.0%
@cactus/api:build:    ├ ../../node_modules/jose/dist/node/esm/lib/invalid_key_input.js                                       1023b     0.0%
@cactus/api:build:    ├ ../../node_modules/@redis/client/dist/lib/commands/XDELEX.js                                         1020b     0.0%
@cactus/api:build:    ├ ../../node_modules/@redis/search/dist/lib/commands/SYNUPDATE.js                                      1018b     0.0%
@cactus/api:build:    ├ ../../node_modules/drizzle-orm/pg-core/columns/integer.js                                            1015b     0.0%
@cactus/api:build:    ├ ../../node_modules/@redis/time-series/dist/lib/commands/GET.js                                       1014b     0.0%
@cactus/api:build:    ├ ../../node_modules/@redis/client/dist/lib/commands/ZRANGE_WITHSCORES.js                              1012b     0.0%
@cactus/api:build:    ├ ../../node_modules/@redis/client/dist/lib/commands/ZMSCORE.js                                        1010b     0.0%
@cactus/api:build:    ├ ../../node_modules/drizzle-orm/tracing.js                                                            1008b     0.0%
@cactus/api:build:    ├ ../../node_modules/inherits/inherits_browser.js                                                      1008b     0.0%
@cactus/api:build:    ├ ../../node_modules/@redis/client/dist/lib/commands/HEXPIRETIME.js                                    1006b     0.0%
@cactus/api:build:    ├ src/utils/logger.ts                                                                                  1005b     0.0%
@cactus/api:build:    ├ ../../node_modules/prom-client/lib/bucketGenerators.js                                               1004b     0.0%
@cactus/api:build:    ├ ../../node_modules/@redis/bloom/dist/lib/commands/top-k/INFO.js                                      1003b     0.0%
@cactus/api:build:    ├ ../../node_modules/@redis/client/dist/lib/commands/ZDIFF_WITHSCORES.js                               1001b     0.0%
@cactus/api:build:    ├ ../../node_modules/@redis/client/dist/lib/sentinel/commands/SENTINEL_SENTINELS.js                    1000b     0.0%
@cactus/api:build:    ├ ../../node_modules/@redis/client/dist/lib/commands/SINTERCARD.js                                      999b     0.0%
@cactus/api:build:    ├ ../../node_modules/@opentelemetry/api/build/esm/diag/internal/logLevelLogger.js                       998b     0.0%
@cactus/api:build:    ├ ../../node_modules/@redis/client/dist/lib/commands/LPOS.js                                            991b     0.0%
@cactus/api:build:    ├ ../../node_modules/@redis/client/dist/lib/commands/BRPOP.js                                           990b     0.0%
@cactus/api:build:    ├ ../../node_modules/csv-parse/lib/sync.js                                                              989b     0.0%
@cactus/api:build:    ├ ../../node_modules/@redis/json/dist/lib/commands/GET.js                                               988b     0.0%
@cactus/api:build:    ├ ../../node_modules/@redis/client/dist/lib/sentinel/commands/SENTINEL_REPLICAS.js                      987b     0.0%
@cactus/api:build:    ├ src/services/aum/insert-row.ts                                                                        982b     0.0%
@cactus/api:build:    ├ ../../node_modules/@redis/json/dist/lib/commands/NUMINCRBY.js                                         981b     0.0%
@cactus/api:build:    ├ ../../node_modules/@redis/client/dist/lib/commands/GEODIST.js                                         978b     0.0%
@cactus/api:build:    ├ ../../node_modules/drizzle-orm/pg-core/columns/real.js                                                977b     0.0%
@cactus/api:build:    ├ ../../node_modules/@redis/client/dist/lib/commands/ZCOUNT.js                                          975b     0.0%
@cactus/api:build:    ├ ../../node_modules/@redis/client/dist/lib/commands/EXPIRE.js                                          968b     0.0%
@cactus/api:build:    ├ ../../node_modules/@redis/client/dist/lib/commands/CLUSTER_SLOTS.js                                   967b     0.0%
@cactus/api:build:    ├ ../../node_modules/drizzle-orm/pg-core/columns/uuid.js                                                967b     0.0%
@cactus/api:build:    ├ ../../node_modules/@redis/client/dist/lib/commands/ZREMRANGEBYLEX.js                                  964b     0.0%
@cactus/api:build:    ├ ../../node_modules/@redis/json/dist/lib/commands/MGET.js                                              964b     0.0%
@cactus/api:build:    ├ ../../node_modules/drizzle-orm/pg-core/columns/varchar.js                                             963b     0.0%
@cactus/api:build:    ├ ../../node_modules/@redis/client/dist/lib/commands/GEOPOS.js                                          962b     0.0%
@cactus/api:build:    ├ ../../node_modules/@redis/client/dist/lib/commands/CLUSTER_LINKS.js                                   961b     0.0%
@cactus/api:build:    ├ ../../node_modules/@redis/json/dist/lib/commands/ARRTRIM.js                                           959b     0.0%
@cactus/api:build:    ├ ../../node_modules/drizzle-orm/pg-core/columns/vector_extension/sparsevec.js                          959b     0.0%
@cactus/api:build:    ├ ../../node_modules/multer/lib/counter.js                                                              959b     0.0%
@cactus/api:build:    ├ src/routes/contacts/history.ts                                                                        958b     0.0%
@cactus/api:build:    ├ ../../node_modules/node-cron/dist/esm/tasks/state-machine.js                                          954b     0.0%
@cactus/api:build:    ├ ../../node_modules/@opentelemetry/api/build/esm/trace/spancontext-utils.js                            952b     0.0%
@cactus/api:build:    ├ ../../node_modules/@redis/client/dist/lib/commands/VINFO.js                                           951b     0.0%
@cactus/api:build:    ├ ../../node_modules/@redis/client/dist/lib/commands/ZUNION_WITHSCORES.js                               951b     0.0%
@cactus/api:build:    ├ ../../node_modules/@redis/client/dist/lib/commands/XGROUP_CREATECONSUMER.js                           950b     0.0%
@cactus/api:build:    ├ ../../node_modules/@redis/client/dist/lib/RESP/encoder.js                                             948b     0.0%
@cactus/api:build:    ├ ../../node_modules/@opentelemetry/api/build/esm/trace/internal/tracestate-validators.js               947b     0.0%
@cactus/api:build:    ├ ../../node_modules/@redis/client/dist/lib/commands/HPEXPIRE.js                                        947b     0.0%
@cactus/api:build:    ├ ../../node_modules/pg-protocol/dist/index.js                                                          944b     0.0%
@cactus/api:build:    ├ ../../node_modules/drizzle-orm/pg-core/columns/vector_extension/bit.js                                941b     0.0%
@cactus/api:build:    ├ ../../node_modules/get-caller-file/index.js                                                           940b     0.0%
@cactus/api:build:    ├ ../../node_modules/@redis/client/dist/lib/commands/XGROUP_DELCONSUMER.js                              939b     0.0%
@cactus/api:build:    ├ ../../node_modules/@redis/client/dist/lib/commands/HSCAN_NOVALUES.js                                  936b     0.0%
@cactus/api:build:    ├ ../../node_modules/@redis/client/dist/lib/commands/ZRANDMEMBER_COUNT.js                               935b     0.0%
@cactus/api:build:    ├ ../../node_modules/concat-stream/node_modules/readable-stream/readable.js                             935b     0.0%
@cactus/api:build:    ├ src/routes/tasks/index.ts                                                                             929b     0.0%
@cactus/api:build:    ├ ../../node_modules/drizzle-orm/pg-core/columns/smallint.js                                            928b     0.0%
@cactus/api:build:    ├ ../../node_modules/prom-client/lib/metrics/processStartTime.js                                        925b     0.0%
@cactus/api:build:    ├ ../../node_modules/@redis/client/dist/lib/commands/LPOP_COUNT.js                                      924b     0.0%
@cactus/api:build:    ├ ../../node_modules/@redis/client/dist/lib/commands/ZINTER_WITHSCORES.js                               923b     0.0%
@cactus/api:build:    ├ ../../node_modules/@redis/client/dist/lib/commands/ZREMRANGEBYSCORE.js                                922b     0.0%
@cactus/api:build:    ├ ../../node_modules/drizzle-orm/pg-core/columns/char.js                                                921b     0.0%
@cactus/api:build:    ├ ../../node_modules/@redis/client/dist/lib/commands/ZINTERSTORE.js                                     920b     0.0%
@cactus/api:build:    ├ ../../node_modules/@redis/bloom/dist/lib/commands/t-digest/QUANTILE.js                                919b     0.0%
@cactus/api:build:    ├ ../../node_modules/merge-descriptors/index.js                                                         917b     0.0%
@cactus/api:build:    ├ ../../node_modules/@redis/json/dist/lib/commands/OBJLEN.js                                            916b     0.0%
@cactus/api:build:    ├ ../../node_modules/@redis/client/dist/lib/commands/COMMAND_INFO.js                                    914b     0.0%
@cactus/api:build:    ├ src/middleware/contact-access.ts                                                                      914b     0.0%
@cactus/api:build:    ├ ../../node_modules/@redis/client/dist/lib/commands/COMMAND_LIST.js                                    913b     0.0%
@cactus/api:build:    ├ ../../node_modules/@redis/client/dist/lib/commands/ZINCRBY.js                                         913b     0.0%
@cactus/api:build:    ├ ../../node_modules/@redis/json/dist/lib/commands/MERGE.js                                             912b     0.0%
@cactus/api:build:    ├ ../../node_modules/multer/lib/multer-error.js                                                         912b     0.0%
@cactus/api:build:    ├ ../../node_modules/@redis/json/dist/lib/commands/DEBUG_MEMORY.js                                      910b     0.0%
@cactus/api:build:    ├ ../../node_modules/@redis/bloom/dist/lib/commands/cuckoo/SCANDUMP.js                                  907b     0.0%
@cactus/api:build:    ├ ../../node_modules/@redis/client/dist/lib/commands/BLPOP.js                                           906b     0.0%
@cactus/api:build:    ├ ../../node_modules/@redis/client/dist/lib/commands/SUNIONSTORE.js                                     906b     0.0%
@cactus/api:build:    ├ ../../node_modules/@redis/json/dist/lib/commands/OBJKEYS.js                                           906b     0.0%
@cactus/api:build:    ├ src/auth/cache.ts                                                                                     906b     0.0%
@cactus/api:build:    ├ ../../node_modules/@redis/time-series/dist/lib/commands/DEL.js                                        904b     0.0%
@cactus/api:build:    ├ ../../node_modules/@redis/bloom/dist/lib/commands/bloom/SCANDUMP.js                                   903b     0.0%
@cactus/api:build:    ├ ../../node_modules/@redis/client/dist/lib/commands/ZINTERCARD.js                                      901b     0.0%
@cactus/api:build:    ├ ../../node_modules/drizzle-orm/pg-core/columns/text.js                                                900b     0.0%
@cactus/api:build:    ├ ../../node_modules/@redis/client/dist/lib/commands/LMOVE.js                                           898b     0.0%
@cactus/api:build:    ├ ../../node_modules/@redis/json/dist/lib/commands/CLEAR.js                                             897b     0.0%
@cactus/api:build:    ├ src/routes/capacitaciones/index.ts                                                                    897b     0.0%
@cactus/api:build:    ├ ../../node_modules/@redis/client/dist/lib/commands/XACK.js                                            896b     0.0%
@cactus/api:build:    ├ ../../node_modules/@redis/json/dist/lib/commands/STRLEN.js                                            894b     0.0%
@cactus/api:build:    ├ ../../node_modules/drizzle-orm/entity.js                                                              894b     0.0%
@cactus/api:build:    ├ ../../node_modules/@redis/json/dist/lib/commands/FORGET.js                                            893b     0.0%
@cactus/api:build:    ├ ../../node_modules/@redis/bloom/dist/lib/commands/t-digest/CREATE.js                                  892b     0.0%
@cactus/api:build:    ├ ../../node_modules/@redis/client/dist/lib/commands/BITFIELD_RO.js                                     889b     0.0%
@cactus/api:build:    ├ ../../node_modules/ioredis/built/cluster/ClusterOptions.js                                            889b     0.0%
@cactus/api:build:    ├ ../../node_modules/drizzle-orm/pg-core/columns/smallserial.js                                         888b     0.0%
@cactus/api:build:    ├ src/routes/aum/rows/index.ts                                                                          887b     0.0%
@cactus/api:build:    ├ src/routes/notes/schemas.ts                                                                           887b     0.0%
@cactus/api:build:    ├ ../../node_modules/@redis/client/dist/lib/commands/AUTH.js                                            886b     0.0%
@cactus/api:build:    ├ ../../node_modules/drizzle-orm/pg-core/query-builders/raw.js                                          886b     0.0%
@cactus/api:build:    ├ src/routes/contacts/delete.ts                                                                         886b     0.0%
@cactus/api:build:    ├ src/routes/metrics/contacts/calculators/new-contacts.ts                                               886b     0.0%
@cactus/api:build:    ├ ../../node_modules/@redis/search/dist/lib/commands/SYNDUMP.js                                         880b     0.0%
@cactus/api:build:    ├ ../../node_modules/@redis/client/dist/lib/commands/BRPOPLPUSH.js                                      879b     0.0%
@cactus/api:build:    ├ ../../node_modules/@redis/client/dist/lib/commands/COPY.js                                            879b     0.0%
@cactus/api:build:    ├ ../../node_modules/prom-client/lib/validation.js                                                      879b     0.0%
@cactus/api:build:    ├ ../../node_modules/@redis/json/dist/lib/commands/ARRLEN.js                                            876b     0.0%
@cactus/api:build:    ├ src/routes/aum/rows/utils.ts                                                                          875b     0.0%
@cactus/api:build:    ├ ../../node_modules/@redis/bloom/dist/lib/commands/t-digest/CDF.js                                     873b     0.0%
@cactus/api:build:    ├ ../../node_modules/@redis/bloom/dist/lib/commands/count-min-sketch/INITBYPROB.js                      872b     0.0%
@cactus/api:build:    ├ ../../node_modules/multer/lib/remove-uploaded-files.js                                                872b     0.0%
@cactus/api:build:    ├ ../../node_modules/@redis/client/dist/lib/sentinel/wait-queue.js                                      871b     0.0%
@cactus/api:build:    ├ ../../node_modules/drizzle-orm/pg-core/checks.js                                                      866b     0.0%
@cactus/api:build:    ├ ../../node_modules/@redis/json/dist/lib/commands/DEL.js                                               864b     0.0%
@cactus/api:build:    ├ ../../node_modules/@redis/search/dist/lib/commands/CONFIG_GET.js                                      864b     0.0%
@cactus/api:build:    ├ ../../node_modules/@redis/bloom/dist/lib/commands/top-k/LIST_WITHCOUNT.js                             862b     0.0%
@cactus/api:build:    ├ ../../node_modules/@redis/client/dist/lib/commands/WAIT.js                                            862b     0.0%
@cactus/api:build:    ├ ../../node_modules/@redis/client/dist/lib/commands/ZUNION.js                                          861b     0.0%
@cactus/api:build:    ├ ../../node_modules/@redis/client/dist/lib/commands/LOLWUT.js                                          859b     0.0%
@cactus/api:build:    ├ src/routes/capacitaciones/schemas.ts                                                                  859b     0.0%
@cactus/api:build:    ├ ../../node_modules/@redis/client/dist/lib/authx/token.js                                              858b     0.0%
@cactus/api:build:    ├ ../../node_modules/@redis/bloom/dist/lib/commands/t-digest/INFO.js                                    857b     0.0%
@cactus/api:build:    ├ ../../node_modules/@redis/client/dist/lib/commands/LREM.js                                            854b     0.0%
@cactus/api:build:    ├ ../../node_modules/@redis/client/dist/lib/commands/VEMB.js                                            854b     0.0%
@cactus/api:build:    ├ ../../node_modules/@redis/client/dist/lib/commands/ZLEXCOUNT.js                                       854b     0.0%
@cactus/api:build:    ├ ../../node_modules/@redis/client/dist/lib/commands/PEXPIRE.js                                         853b     0.0%
@cactus/api:build:    ├ ../../node_modules/@redis/bloom/dist/lib/commands/bloom/INFO.js                                       851b     0.0%
@cactus/api:build:    ├ ../../node_modules/@redis/bloom/dist/lib/commands/cuckoo/INFO.js                                      851b     0.0%
@cactus/api:build:    ├ ../../node_modules/@redis/client/dist/lib/commands/VGETATTR.js                                        851b     0.0%
@cactus/api:build:    ├ ../../node_modules/@redis/client/dist/lib/commands/LINSERT.js                                         850b     0.0%
@cactus/api:build:    ├ ../../node_modules/@redis/client/dist/lib/commands/CLUSTER_FAILOVER.js                                847b     0.0%
@cactus/api:build:    ├ ../../node_modules/ioredis/built/errors/MaxRetriesPerRequestError.js                                  842b     0.0%
@cactus/api:build:    ├ ../../node_modules/@redis/bloom/dist/lib/commands/count-min-sketch/INITBYDIM.js                       841b     0.0%
@cactus/api:build:    ├ ../../node_modules/pino/lib/caller.js                                                                 840b     0.0%
@cactus/api:build:    ├ ../../node_modules/@redis/client/dist/lib/commands/LCS_LEN.js                                         839b     0.0%
@cactus/api:build:    ├ src/routes/instruments/index.ts                                                                       839b     0.0%
@cactus/api:build:    ├ ../../node_modules/@redis/client/dist/lib/commands/CLIENT_PAUSE.js                                    838b     0.0%
@cactus/api:build:    ├ ../../node_modules/express/lib/middleware/query.js                                                    837b     0.0%
@cactus/api:build:    ├ ../../node_modules/@redis/client/dist/lib/commands/COMMAND_GETKEYSANDFLAGS.js                         835b     0.0%
@cactus/api:build:    ├ ../../node_modules/@redis/client/dist/lib/commands/SREM.js                                            835b     0.0%
@cactus/api:build:    ├ ../../node_modules/@redis/bloom/dist/lib/commands/index.js                                            832b     0.0%
@cactus/api:build:    ├ ../../node_modules/@redis/client/dist/lib/commands/HRANDFIELD_COUNT.js                                831b     0.0%
@cactus/api:build:    ├ ../../node_modules/@redis/client/dist/lib/commands/MODULE_LIST.js                                     830b     0.0%
@cactus/api:build:    ├ ../../node_modules/drizzle-orm/pg-core/columns/boolean.js                                             830b     0.0%
@cactus/api:build:    ├ ../../node_modules/@redis/client/dist/lib/commands/CLUSTER_DELSLOTSRANGE.js                           828b     0.0%
@cactus/api:build:    ├ ../../node_modules/@redis/client/dist/lib/commands/CLUSTER_ADDSLOTSRANGE.js                           827b     0.0%
@cactus/api:build:    ├ ../../node_modules/@redis/client/dist/lib/commands/XGROUP_DESTROY.js                                  827b     0.0%
@cactus/api:build:    ├ ../../node_modules/@redis/client/dist/lib/commands/ZPOPMIN.js                                         825b     0.0%
@cactus/api:build:    ├ node_modules/uuid/dist-node/v4.js                                                                     825b     0.0%
@cactus/api:build:    ├ ../../node_modules/csv-parse/lib/api/CsvError.js                                                      821b     0.0%
@cactus/api:build:    ├ ../../node_modules/@redis/client/dist/lib/commands/SUNION.js                                          819b     0.0%
@cactus/api:build:    ├ ../../node_modules/@redis/client/dist/lib/commands/ZPOPMAX_COUNT.js                                   819b     0.0%
@cactus/api:build:    ├ ../../node_modules/@redis/client/dist/lib/sentinel/commands/SENTINEL_MONITOR.js                       819b     0.0%
@cactus/api:build:    ├ ../../node_modules/@redis/client/dist/lib/commands/ZPOPMIN_COUNT.js                                   818b     0.0%
@cactus/api:build:    ├ ../../node_modules/@redis/client/dist/lib/commands/ZDIFFSTORE.js                                      817b     0.0%
@cactus/api:build:    ├ ../../node_modules/@redis/client/dist/lib/commands/MEMORY_USAGE.js                                    816b     0.0%
@cactus/api:build:    ├ ../../node_modules/node-cron/dist/esm/create-id.js                                                    816b     0.0%
@cactus/api:build:    ├ ../../node_modules/pg/esm/index.mjs                                                                   816b     0.0%
@cactus/api:build:    ├ ../../node_modules/@redis/client/dist/lib/commands/MODULE_LOAD.js                                     814b     0.0%
@cactus/api:build:    ├ ../../node_modules/@redis/search/dist/lib/commands/DROPINDEX.js                                       813b     0.0%
@cactus/api:build:    ├ ../../node_modules/@redis/bloom/dist/lib/commands/bloom/MEXISTS.js                                    809b     0.0%
@cactus/api:build:    ├ ../../node_modules/@redis/time-series/dist/lib/commands/MADD.js                                       807b     0.0%
@cactus/api:build:    ├ ../../node_modules/@redis/bloom/dist/lib/commands/cuckoo/LOADCHUNK.js                                 806b     0.0%
@cactus/api:build:    ├ ../../node_modules/@redis/bloom/dist/lib/commands/bloom/LOADCHUNK.js                                  802b     0.0%
@cactus/api:build:    ├ ../../node_modules/@redis/client/dist/lib/commands/BITOP.js                                           801b     0.0%
@cactus/api:build:    ├ ../../node_modules/@redis/client/dist/lib/commands/CONFIG_GET.js                                      801b     0.0%
@cactus/api:build:    ├ ../../node_modules/@redis/bloom/dist/lib/commands/count-min-sketch/INFO.js                            798b     0.0%
@cactus/api:build:    ├ ../../node_modules/@redis/client/dist/lib/commands/HPEXPIRETIME.js                                    798b     0.0%
@cactus/api:build:    ├ ../../node_modules/@redis/client/dist/lib/commands/XADD_NOMKSTREAM.js                                 798b     0.0%
@cactus/api:build:    ├ ../../node_modules/@redis/client/dist/lib/commands/VLINKS.js                                          797b     0.0%
@cactus/api:build:    ├ ../../node_modules/get-proto/index.js                                                                 797b     0.0%
@cactus/api:build:    ├ ../../node_modules/call-bound/index.js                                                                795b     0.0%
@cactus/api:build:    ├ ../../node_modules/@redis/client/dist/lib/commands/VREM.js                                            794b     0.0%
@cactus/api:build:    ├ ../../node_modules/drizzle-orm/pg-core/columns/serial.js                                              793b     0.0%
@cactus/api:build:    ├ ../../node_modules/@redis/bloom/dist/lib/commands/cuckoo/ADDNX.js                                     791b     0.0%
@cactus/api:build:    ├ ../../node_modules/@redis/bloom/dist/lib/commands/top-k/QUERY.js                                      791b     0.0%
@cactus/api:build:    ├ ../../node_modules/@redis/bloom/dist/lib/commands/bloom/MADD.js                                       788b     0.0%
@cactus/api:build:    ├ ../../node_modules/@redis/client/dist/lib/commands/ZSCORE.js                                          788b     0.0%
@cactus/api:build:    ├ ../../node_modules/ioredis/built/errors/ClusterAllFailedError.js                                      788b     0.0%
@cactus/api:build:    ├ ../../node_modules/@redis/client/dist/lib/commands/VRANDMEMBER.js                                     786b     0.0%
@cactus/api:build:    ├ ../../node_modules/@redis/bloom/dist/lib/commands/cuckoo/ADD.js                                       782b     0.0%
@cactus/api:build:    ├ ../../node_modules/@redis/json/dist/lib/commands/TOGGLE.js                                            781b     0.0%
@cactus/api:build:    ├ ../../node_modules/@redis/client/dist/lib/commands/ZREMRANGEBYRANK.js                                 780b     0.0%
@cactus/api:build:    ├ ../../node_modules/multer/storage/memory.js                                                           780b     0.0%
@cactus/api:build:    ├ src/routes/automations/index.ts                                                                       780b     0.0%
@cactus/api:build:    ├ src/routes/auth/schemas.ts                                                                            779b     0.0%
@cactus/api:build:    ├ ../../node_modules/@redis/client/dist/lib/commands/SINTERSTORE.js                                     778b     0.0%
@cactus/api:build:    ├ ../../node_modules/@redis/search/dist/lib/commands/ALTER.js                                           776b     0.0%
@cactus/api:build:    ├ ../../node_modules/@redis/client/dist/lib/commands/XDEL.js                                            775b     0.0%
@cactus/api:build:    ├ ../../node_modules/@redis/client/dist/lib/commands/SETBIT.js                                          774b     0.0%
@cactus/api:build:    ├ ../../node_modules/@redis/client/dist/lib/commands/GETRANGE.js                                        773b     0.0%
@cactus/api:build:    ├ ../../node_modules/@opentelemetry/api/build/esm/baggage/utils.js                                      769b     0.0%
@cactus/api:build:    ├ ../../node_modules/@redis/client/dist/lib/commands/LRANGE.js                                          769b     0.0%
@cactus/api:build:    ├ ../../node_modules/@opentelemetry/api/build/esm/baggage/context-helpers.js                            766b     0.0%
@cactus/api:build:    ├ ../../node_modules/@redis/client/dist/lib/commands/FUNCTION_RESTORE.js                                766b     0.0%
@cactus/api:build:    ├ ../../node_modules/@redis/client/dist/lib/commands/SPOP_COUNT.js                                      765b     0.0%
@cactus/api:build:    ├ ../../node_modules/@redis/client/dist/lib/commands/PUBSUB_SHARDCHANNELS.js                            764b     0.0%
@cactus/api:build:    ├ ../../node_modules/@redis/bloom/dist/lib/commands/cuckoo/DEL.js                                       763b     0.0%
@cactus/api:build:    ├ ../../node_modules/@redis/bloom/dist/lib/commands/cuckoo/EXISTS.js                                    763b     0.0%
@cactus/api:build:    ├ ../../node_modules/@redis/client/dist/lib/commands/COMMAND.js                                         763b     0.0%
@cactus/api:build:    ├ ../../node_modules/compressible/index.js                                                              763b     0.0%
@cactus/api:build:    ├ ../../node_modules/@redis/client/dist/lib/commands/ACL_LOG_RESET.js                                   762b     0.0%
@cactus/api:build:    ├ ../../node_modules/@redis/client/dist/lib/commands/SMOVE.js                                           762b     0.0%
@cactus/api:build:    ├ ../../node_modules/@redis/client/dist/lib/commands/SMISMEMBER.js                                      760b     0.0%
@cactus/api:build:    ├ ../../node_modules/@redis/bloom/dist/lib/commands/bloom/EXISTS.js                                     759b     0.0%
@cactus/api:build:    ├ ../../node_modules/@redis/client/dist/lib/commands/SPUBLISH.js                                        759b     0.0%
@cactus/api:build:    ├ ../../node_modules/standard-as-callback/built/utils.js                                                759b     0.0%
@cactus/api:build:    ├ ../../node_modules/@redis/client/dist/lib/commands/FLUSHALL.js                                        757b     0.0%
@cactus/api:build:    ├ ../../node_modules/@redis/client/dist/lib/commands/LSET.js                                            757b     0.0%
@cactus/api:build:    ├ ../../node_modules/@redis/client/dist/lib/commands/SETRANGE.js                                        757b     0.0%
@cactus/api:build:    ├ ../../node_modules/drizzle-orm/pg-core/columns/index.js                                               756b     0.0%
@cactus/api:build:    ├ ../../node_modules/drizzle-orm/query-promise.js                                                       755b     0.0%
@cactus/api:build:    ├ ../../node_modules/@redis/client/dist/lib/commands/HPTTL.js                                           751b     0.0%
@cactus/api:build:    ├ ../../node_modules/@redis/client/dist/lib/commands/PFMERGE.js                                         751b     0.0%
@cactus/api:build:    ├ ../../node_modules/@redis/client/dist/lib/commands/HGETALL.js                                         750b     0.0%
@cactus/api:build:    ├ ../../packages/db/src/schema/lookups.ts                                                               748b     0.0%
@cactus/api:build:    ├ ../../node_modules/@redis/bloom/dist/lib/commands/t-digest/ADD.js                                     746b     0.0%
@cactus/api:build:    ├ ../../node_modules/@redis/client/dist/lib/commands/BGSAVE.js                                          746b     0.0%
@cactus/api:build:    ├ ../../node_modules/@redis/client/dist/lib/commands/HSETNX.js                                          746b     0.0%
@cactus/api:build:    ├ ../../node_modules/@redis/client/dist/lib/commands/STRLEN.js                                          745b     0.0%
@cactus/api:build:    ├ ../../node_modules/@redis/client/dist/lib/sentinel/commands/SENTINEL_SET.js                           745b     0.0%
@cactus/api:build:    ├ src/config/aum-limits.ts                                                                              745b     0.0%
@cactus/api:build:    ├ ../../node_modules/@redis/client/dist/lib/commands/SDIFFSTORE.js                                      744b     0.0%
@cactus/api:build:    ├ ../../node_modules/drizzle-orm/pg-core/columns/macaddr8.js                                            744b     0.0%
@cactus/api:build:    ├ ../../node_modules/@redis/client/dist/lib/commands/SISMEMBER.js                                       743b     0.0%
@cactus/api:build:    ├ ../../node_modules/jose/dist/node/esm/runtime/get_sign_verify_key.js                                  741b     0.0%
@cactus/api:build:    ├ src/routes/notes/index.ts                                                                             739b     0.0%
@cactus/api:build:    ├ ../../node_modules/@redis/bloom/dist/lib/commands/bloom/ADD.js                                        736b     0.0%
@cactus/api:build:    ├ ../../node_modules/@redis/client/dist/lib/commands/GEOHASH.js                                         735b     0.0%
@cactus/api:build:    ├ ../../node_modules/@redis/client/dist/lib/commands/MSETNX.js                                          734b     0.0%
@cactus/api:build:    ├ ../../node_modules/@redis/client/dist/lib/commands/HINCRBYFLOAT.js                                    733b     0.0%
@cactus/api:build:    ├ ../../node_modules/@redis/client/dist/lib/commands/PUBSUB_CHANNELS.js                                 733b     0.0%
@cactus/api:build:    ├ ../../node_modules/jose/dist/node/esm/jws/compact/verify.js                                           732b     0.0%
@cactus/api:build:    ├ ../../node_modules/@redis/client/dist/lib/commands/CLUSTER_GETKEYSINSLOT.js                           731b     0.0%
@cactus/api:build:    ├ ../../node_modules/@redis/client/dist/lib/commands/TYPE.js                                            731b     0.0%
@cactus/api:build:    ├ ../../node_modules/drizzle-orm/pg-core/columns/macaddr.js                                             731b     0.0%
@cactus/api:build:    ├ ../../node_modules/@redis/client/dist/lib/commands/PFADD.js                                           729b     0.0%
@cactus/api:build:    ├ ../../node_modules/@redis/client/dist/lib/commands/REPLICAOF.js                                       729b     0.0%
@cactus/api:build:    ├ ../../node_modules/@redis/client/dist/lib/commands/FUNCTION_LOAD.js                                   728b     0.0%
@cactus/api:build:    ├ ../../node_modules/@redis/client/dist/lib/commands/CLUSTER_RESET.js                                   727b     0.0%
@cactus/api:build:    ├ ../../node_modules/@redis/client/dist/lib/commands/LINDEX.js                                          726b     0.0%
@cactus/api:build:    ├ ../../node_modules/@redis/client/dist/lib/commands/PUBLISH.js                                         725b     0.0%
@cactus/api:build:    ├ ../../node_modules/jose/dist/node/esm/runtime/verify.js                                               725b     0.0%
@cactus/api:build:    ├ ../../node_modules/@redis/client/dist/lib/commands/CLIENT_TRACKINGINFO.js                             724b     0.0%
@cactus/api:build:    ├ ../../node_modules/@redis/client/dist/lib/commands/ZCARD.js                                           724b     0.0%
@cactus/api:build:    ├ ../../node_modules/@redis/client/dist/lib/commands/ZREVRANK.js                                        722b     0.0%
@cactus/api:build:    ├ ../../node_modules/@redis/time-series/dist/lib/commands/DELETERULE.js                                 722b     0.0%
@cactus/api:build:    ├ ../../node_modules/@redis/client/dist/lib/commands/SETEX.js                                           720b     0.0%
@cactus/api:build:    ├ ../../node_modules/jose/dist/node/esm/key/import.js                                                   720b     0.0%
@cactus/api:build:    ├ ../../node_modules/@redis/client/dist/lib/commands/HSTRLEN.js                                         719b     0.0%
@cactus/api:build:    ├ ../../node_modules/@redis/client/dist/lib/commands/INCRBYFLOAT.js                                     717b     0.0%
@cactus/api:build:    ├ ../../node_modules/@redis/client/dist/lib/commands/LTRIM.js                                           715b     0.0%
@cactus/api:build:    ├ ../../node_modules/@redis/client/dist/lib/commands/PSETEX.js                                          715b     0.0%
@cactus/api:build:    ├ ../../node_modules/drizzle-orm/subquery.js                                                            715b     0.0%
@cactus/api:build:    ├ ../../node_modules/@redis/client/dist/lib/commands/ZRANK.js                                           713b     0.0%
@cactus/api:build:    ├ node_modules/uuid/dist-node/stringify.js                                                              713b     0.0%
@cactus/api:build:    ├ ../../node_modules/@redis/bloom/dist/lib/commands/top-k/ADD.js                                        712b     0.0%
@cactus/api:build:    ├ ../../node_modules/@redis/client/dist/lib/commands/HINCRBY.js                                         712b     0.0%
@cactus/api:build:    ├ ../../node_modules/@redis/client/dist/lib/lua-script.js                                               712b     0.0%
@cactus/api:build:    ├ ../../node_modules/drizzle-orm/errors.js                                                              712b     0.0%
@cactus/api:build:    ├ ../../node_modules/@redis/search/dist/lib/commands/DICTDEL.js                                         710b     0.0%
@cactus/api:build:    ├ src/utils/date-utils.ts                                                                               710b     0.0%
@cactus/api:build:    ├ ../../node_modules/@redis/client/dist/lib/commands/ACL_SETUSER.js                                     709b     0.0%
@cactus/api:build:    ├ ../../node_modules/@redis/client/dist/lib/commands/LCS.js                                             705b     0.0%
@cactus/api:build:    ├ ../../node_modules/@redis/client/dist/lib/commands/SCRIPT_FLUSH.js                                    705b     0.0%
@cactus/api:build:    ├ ../../node_modules/@redis/client/dist/lib/commands/TTL.js                                             705b     0.0%
@cactus/api:build:    ├ ../../node_modules/@redis/client/dist/lib/commands/HTTL.js                                            704b     0.0%
@cactus/api:build:    ├ ../../node_modules/@redis/client/dist/lib/commands/UNLINK.js                                          704b     0.0%
@cactus/api:build:    ├ ../../node_modules/@redis/client/dist/lib/sentinel/commands/SENTINEL_MASTER.js                        702b     0.0%
@cactus/api:build:    ├ ../../node_modules/@redis/search/dist/lib/commands/CONFIG_SET.js                                      702b     0.0%
@cactus/api:build:    ├ ../../node_modules/concat-stream/node_modules/readable-stream/lib/_stream_passthrough.js              702b     0.0%
@cactus/api:build:    ├ ../../node_modules/@redis/client/dist/lib/commands/XLEN.js                                            701b     0.0%
@cactus/api:build:    ├ ../../node_modules/@redis/search/dist/lib/commands/TAGVALS.js                                         701b     0.0%
@cactus/api:build:    ├ ../../node_modules/send/node_modules/encodeurl/index.js                                               701b     0.0%
@cactus/api:build:    ├ ../../node_modules/@redis/bloom/dist/lib/commands/top-k/COUNT.js                                      700b     0.0%
@cactus/api:build:    ├ ../../node_modules/@redis/client/dist/lib/commands/LPUSHX.js                                          698b     0.0%
@cactus/api:build:    ├ ../../node_modules/@redis/client/dist/lib/commands/RPOP_COUNT.js                                      698b     0.0%
@cactus/api:build:    ├ ../../node_modules/@redis/client/dist/lib/commands/HPERSIST.js                                        696b     0.0%
@cactus/api:build:    ├ ../../node_modules/@redis/client/dist/lib/commands/ACL_DRYRUN.js                                      695b     0.0%
@cactus/api:build:    ├ ../../node_modules/@redis/search/dist/lib/commands/DICTADD.js                                         695b     0.0%
@cactus/api:build:    ├ ../../node_modules/@redis/client/dist/lib/commands/RPUSHX.js                                          694b     0.0%
@cactus/api:build:    ├ ../../node_modules/@redis/bloom/dist/lib/commands/count-min-sketch/QUERY.js                           692b     0.0%
@cactus/api:build:    ├ ../../node_modules/@redis/client/dist/lib/commands/INFO.js                                            692b     0.0%
@cactus/api:build:    ├ ../../node_modules/drizzle-orm/pg-core/columns/cidr.js                                                692b     0.0%
@cactus/api:build:    ├ ../../node_modules/drizzle-orm/pg-core/columns/inet.js                                                692b     0.0%
@cactus/api:build:    ├ ../../node_modules/@redis/client/dist/lib/commands/PING.js                                            690b     0.0%
@cactus/api:build:    ├ ../../node_modules/@redis/client/dist/lib/commands/TOUCH.js                                           690b     0.0%
@cactus/api:build:    ├ src/services/aum/advisor-mapping.ts                                                                   689b     0.0%
@cactus/api:build:    ├ ../../node_modules/@redis/search/dist/lib/commands/ALIASUPDATE.js                                     688b     0.0%
@cactus/api:build:    ├ ../../node_modules/@redis/time-series/dist/lib/commands/QUERYINDEX.js                                 688b     0.0%
@cactus/api:build:    ├ ../../node_modules/@redis/client/dist/lib/commands/GETBIT.js                                          687b     0.0%
@cactus/api:build:    ├ ../../node_modules/@redis/client/dist/lib/commands/SCRIPT_EXISTS.js                                   687b     0.0%
@cactus/api:build:    ├ ../../node_modules/@redis/client/dist/lib/commands/CLIENT_NO-TOUCH.js                                 686b     0.0%
@cactus/api:build:    ├ ../../node_modules/@redis/client/dist/lib/commands/CLIENT_NO-EVICT.js                                 685b     0.0%
@cactus/api:build:    ├ ../../node_modules/@redis/client/dist/lib/commands/HMGET.js                                           685b     0.0%
@cactus/api:build:    ├ ../../node_modules/@redis/client/dist/lib/commands/CLUSTER_MEET.js                                    684b     0.0%
@cactus/api:build:    ├ ../../node_modules/@redis/client/dist/lib/commands/RENAMENX.js                                        684b     0.0%
@cactus/api:build:    ├ ../../node_modules/@redis/client/dist/lib/commands/ACL_CAT.js                                         683b     0.0%
@cactus/api:build:    ├ ../../node_modules/@redis/client/dist/lib/commands/SMEMBERS.js                                        683b     0.0%
@cactus/api:build:    ├ ../../node_modules/@redis/client/dist/lib/commands/FUNCTION_FLUSH.js                                  680b     0.0%
@cactus/api:build:    ├ ../../node_modules/@redis/client/dist/lib/commands/LPUSH.js                                           680b     0.0%
@cactus/api:build:    ├ ../../node_modules/@redis/client/dist/lib/commands/SADD.js                                            679b     0.0%
@cactus/api:build:    ├ ../../node_modules/@opentelemetry/api/build/esm/propagation/NoopTextMapPropagator.js                  678b     0.0%
@cactus/api:build:    ├ ../../node_modules/@redis/client/dist/lib/commands/INCRBY.js                                          678b     0.0%
@cactus/api:build:    ├ ../../node_modules/@redis/client/dist/lib/commands/SRANDMEMBER.js                                     678b     0.0%
@cactus/api:build:    ├ ../../node_modules/@redis/bloom/dist/lib/commands/t-digest/MAX.js                                     677b     0.0%
@cactus/api:build:    ├ ../../node_modules/@redis/bloom/dist/lib/commands/t-digest/MIN.js                                     677b     0.0%
@cactus/api:build:    ├ ../../node_modules/@redis/client/dist/lib/commands/CLUSTER_SET-CONFIG-EPOCH.js                        677b     0.0%
@cactus/api:build:    ├ ../../node_modules/@redis/client/dist/lib/commands/LATENCY_HISTORY.js                                 676b     0.0%
@cactus/api:build:    ├ ../../node_modules/@redis/client/dist/lib/commands/RPOPLPUSH.js                                       676b     0.0%
@cactus/api:build:    ├ ../../node_modules/@redis/bloom/dist/lib/commands/cuckoo/COUNT.js                                     675b     0.0%
@cactus/api:build:    ├ ../../node_modules/@redis/search/dist/lib/commands/CURSOR_DEL.js                                      674b     0.0%
@cactus/api:build:    ├ ../../node_modules/encodeurl/index.js                                                                 674b     0.0%
@cactus/api:build:    ├ ../../node_modules/@opentelemetry/api/build/esm/propagation/TextMapPropagator.js                      673b     0.0%
@cactus/api:build:    ├ ../../node_modules/@redis/client/dist/lib/commands/ACL_GENPASS.js                                     672b     0.0%
@cactus/api:build:    ├ ../../node_modules/@redis/client/dist/lib/commands/HGETDEL.js                                         672b     0.0%
@cactus/api:build:    ├ ../../node_modules/@redis/client/dist/lib/commands/CLUSTER_DELSLOTS.js                                671b     0.0%
@cactus/api:build:    ├ ../../node_modules/@redis/client/dist/lib/commands/CLUSTER_ADDSLOTS.js                                670b     0.0%
@cactus/api:build:    ├ ../../node_modules/@redis/client/dist/lib/commands/CLIENT_CACHING.js                                  669b     0.0%
@cactus/api:build:    ├ ../../node_modules/@redis/client/dist/lib/commands/RPUSH.js                                           669b     0.0%
@cactus/api:build:    ├ ../../node_modules/has-symbols/index.js                                                               669b     0.0%
@cactus/api:build:    ├ ../../node_modules/@redis/client/dist/lib/commands/XSETID.js                                          666b     0.0%
@cactus/api:build:    ├ ../../node_modules/@redis/client/dist/lib/commands/CLUSTER_COUNT-FAILURE-REPORTS.js                   664b     0.0%
@cactus/api:build:    ├ ../../node_modules/@redis/client/dist/lib/commands/ZREM.js                                            664b     0.0%
@cactus/api:build:    ├ ../../node_modules/@redis/client/dist/lib/commands/OBJECT_ENCODING.js                                 663b     0.0%
@cactus/api:build:    ├ ../../node_modules/@redis/client/dist/lib/commands/OBJECT_REFCOUNT.js                                 661b     0.0%
@cactus/api:build:    ├ ../../node_modules/@redis/search/dist/lib/commands/SUGDEL.js                                          661b     0.0%
@cactus/api:build:    ├ ../../node_modules/@redis/client/dist/lib/commands/SWAPDB.js                                          658b     0.0%
@cactus/api:build:    ├ ../../node_modules/@redis/client/dist/lib/commands/MODULE_UNLOAD.js                                   657b     0.0%
@cactus/api:build:    ├ ../../node_modules/@redis/client/dist/lib/commands/TIME.js                                            657b     0.0%
@cactus/api:build:    ├ ../../node_modules/express/lib/middleware/init.js                                                     657b     0.0%
@cactus/api:build:    ├ ../../node_modules/@redis/client/dist/lib/commands/OBJECT_IDLETIME.js                                 655b     0.0%
@cactus/api:build:    ├ ../../node_modules/@redis/client/dist/lib/commands/SINTER.js                                          655b     0.0%
@cactus/api:build:    ├ ../../node_modules/@redis/client/dist/lib/commands/PEXPIRETIME.js                                     654b     0.0%
@cactus/api:build:    ├ ../../node_modules/@redis/client/dist/lib/commands/SETNX.js                                           654b     0.0%
@cactus/api:build:    ├ ../../node_modules/@redis/client/dist/lib/commands/HEXISTS.js                                         653b     0.0%
@cactus/api:build:    ├ ../../node_modules/@redis/client/dist/lib/commands/RENAME.js                                          653b     0.0%
@cactus/api:build:    ├ ../../node_modules/fast-redact/lib/state.js                                                           650b     0.0%
@cactus/api:build:    ├ ../../node_modules/@redis/client/dist/lib/commands/CLUSTER_REPLICATE.js                               649b     0.0%
@cactus/api:build:    ├ ../../node_modules/@redis/client/dist/lib/commands/MOVE.js                                            648b     0.0%
@cactus/api:build:    ├ ../../node_modules/@redis/client/dist/lib/commands/SDIFF.js                                           648b     0.0%
@cactus/api:build:    ├ ../../node_modules/@redis/client/dist/lib/commands/HGET.js                                            647b     0.0%
@cactus/api:build:    ├ ../../node_modules/@redis/client/dist/lib/commands/SCRIPT_DEBUG.js                                    646b     0.0%
@cactus/api:build:    ├ ../../node_modules/@redis/client/dist/lib/commands/CLUSTER_COUNTKEYSINSLOT.js                         645b     0.0%
@cactus/api:build:    ├ ../../node_modules/@redis/client/dist/lib/commands/SPOP.js                                            644b     0.0%
@cactus/api:build:    ├ ../../node_modules/@redis/client/dist/lib/commands/OBJECT_FREQ.js                                     642b     0.0%
@cactus/api:build:    ├ ../../node_modules/setprototypeof/index.js                                                            642b     0.0%
@cactus/api:build:    ├ ../../node_modules/@redis/client/dist/lib/commands/DECRBY.js                                          641b     0.0%
@cactus/api:build:    ├ ../../node_modules/@redis/client/dist/lib/commands/HRANDFIELD.js                                      641b     0.0%
@cactus/api:build:    ├ ../../node_modules/@redis/client/dist/lib/commands/SCRIPT_LOAD.js                                     641b     0.0%
@cactus/api:build:    ├ ../../node_modules/@redis/client/dist/lib/commands/CLUSTER_REPLICAS.js                                640b     0.0%
@cactus/api:build:    ├ ../../node_modules/@redis/client/dist/lib/commands/FLUSHDB.js                                         639b     0.0%
@cactus/api:build:    ├ ../../node_modules/@redis/client/dist/lib/commands/PFCOUNT.js                                         635b     0.0%
@cactus/api:build:    ├ src/routes/metrics/contacts/calculators/meetings.ts                                                   635b     0.0%
@cactus/api:build:    ├ ../../node_modules/@redis/client/dist/lib/commands/COMMAND_GETKEYS.js                                 630b     0.0%
@cactus/api:build:    ├ ../../node_modules/@redis/client/dist/lib/commands/SCARD.js                                           630b     0.0%
@cactus/api:build:    ├ ../../node_modules/@redis/search/dist/lib/commands/DICTDUMP.js                                        630b     0.0%
@cactus/api:build:    ├ ../../node_modules/@redis/client/dist/lib/commands/EXPIRETIME.js                                      629b     0.0%
@cactus/api:build:    ├ ../../node_modules/@redis/client/dist/lib/commands/GETSET.js                                          628b     0.0%
@cactus/api:build:    ├ ../../node_modules/@redis/client/dist/lib/commands/LLEN.js                                            628b     0.0%
@cactus/api:build:    ├ ../../node_modules/@redis/search/dist/lib/commands/ALIASADD.js                                        627b     0.0%
@cactus/api:build:    ├ ../../node_modules/jose/dist/node/esm/jwt/sign.js                                                     625b     0.0%
@cactus/api:build:    ├ src/routes/benchmarks/handlers/instruments.ts                                                         624b     0.0%
@cactus/api:build:    ├ ../../node_modules/@redis/client/dist/lib/commands/ACL_DELUSER.js                                     623b     0.0%
@cactus/api:build:    ├ ../../node_modules/iconv-lite/encodings/index.js                                                      622b     0.0%
@cactus/api:build:    ├ ../../node_modules/@redis/client/dist/lib/commands/ASKING.js                                          620b     0.0%
@cactus/api:build:    ├ ../../node_modules/@redis/client/dist/lib/commands/KEYS.js                                            617b     0.0%
@cactus/api:build:    ├ ../../node_modules/@redis/client/dist/lib/commands/MEMORY_MALLOC-STATS.js                             617b     0.0%
@cactus/api:build:    ├ ../../node_modules/@redis/client/dist/lib/commands/VDIM.js                                            616b     0.0%
@cactus/api:build:    ├ ../../node_modules/@redis/client/dist/lib/commands/VCARD.js                                           614b     0.0%
@cactus/api:build:    ├ ../../node_modules/@redis/client/dist/lib/commands/ZDIFF.js                                           614b     0.0%
@cactus/api:build:    ├ ../../node_modules/@redis/client/dist/lib/commands/FUNCTION_DELETE.js                                 613b     0.0%
@cactus/api:build:    ├ ../../node_modules/@opentelemetry/api/build/esm/diag/types.js                                         612b     0.0%
@cactus/api:build:    ├ ../../node_modules/@redis/client/dist/lib/commands/MGET.js                                            612b     0.0%
@cactus/api:build:    ├ ../../node_modules/@redis/client/dist/lib/commands/PTTL.js                                            612b     0.0%
@cactus/api:build:    ├ ../../node_modules/qs/lib/formats.js                                                                  612b     0.0%
@cactus/api:build:    ├ ../../node_modules/@redis/bloom/dist/lib/commands/t-digest/RESET.js                                   611b     0.0%
@cactus/api:build:    ├ ../../node_modules/@redis/client/dist/lib/commands/CLIENT_SETNAME.js                                  610b     0.0%
@cactus/api:build:    ├ ../../node_modules/@redis/client/dist/lib/commands/CLUSTER_KEYSLOT.js                                 608b     0.0%
@cactus/api:build:    ├ ../../node_modules/@redis/client/dist/lib/commands/HDEL.js                                            602b     0.0%
@cactus/api:build:    ├ ../../node_modules/@redis/client/dist/lib/commands/CLUSTER_FORGET.js                                  597b     0.0%
@cactus/api:build:    ├ ../../node_modules/pgpass/lib/index.js                                                                594b     0.0%
@cactus/api:build:    ├ ../../node_modules/@redis/client/dist/lib/commands/CLIENT_GETREDIR.js                                 593b     0.0%
@cactus/api:build:    ├ ../../node_modules/@redis/client/dist/lib/commands/LATENCY_DOCTOR.js                                  592b     0.0%
@cactus/api:build:    ├ ../../node_modules/@redis/client/dist/lib/commands/LATENCY_LATEST.js                                  592b     0.0%
@cactus/api:build:    ├ ../../node_modules/@redis/client/dist/lib/commands/PERSIST.js                                         591b     0.0%
@cactus/api:build:    ├ ../../node_modules/@redis/client/dist/lib/commands/RESTORE-ASKING.js                                  589b     0.0%
@cactus/api:build:    ├ ../../node_modules/@redis/bloom/dist/lib/commands/bloom/CARD.js                                       587b     0.0%
@cactus/api:build:    ├ ../../node_modules/@redis/client/dist/lib/commands/MEMORY_DOCTOR.js                                   587b     0.0%
@cactus/api:build:    ├ ../../node_modules/@redis/client/dist/lib/commands/PUBSUB_NUMPAT.js                                   587b     0.0%
@cactus/api:build:    ├ ../../node_modules/call-bind-apply-helpers/index.js                                                   587b     0.0%
@cactus/api:build:    ├ ../../node_modules/@redis/client/dist/lib/commands/EXISTS.js                                          585b     0.0%
@cactus/api:build:    ├ ../../node_modules/drizzle-orm/pg-core/sequence.js                                                    585b     0.0%
@cactus/api:build:    ├ ../../node_modules/@redis/client/dist/lib/commands/MEMORY_PURGE.js                                    583b     0.0%
@cactus/api:build:    ├ ../../node_modules/@redis/client/dist/lib/commands/DEL.js                                             582b     0.0%
@cactus/api:build:    ├ ../../node_modules/@redis/client/dist/lib/commands/APPEND.js                                          581b     0.0%
@cactus/api:build:    ├ ../../node_modules/@redis/search/dist/lib/commands/ALIASDEL.js                                        580b     0.0%
@cactus/api:build:    ├ ../../node_modules/jose/dist/node/esm/jwt/verify.js                                                   578b     0.0%
@cactus/api:build:    ├ ../../node_modules/@redis/client/dist/lib/commands/CLUSTER_SAVECONFIG.js                              577b     0.0%
@cactus/api:build:    ├ ../../node_modules/@redis/client/dist/lib/commands/FUNCTION_DUMP.js                                   577b     0.0%
@cactus/api:build:    ├ ../../node_modules/@redis/client/dist/lib/commands/SCRIPT_KILL.js                                     577b     0.0%
@cactus/api:build:    ├ ../../node_modules/@redis/client/dist/lib/commands/ZRANDMEMBER.js                                     575b     0.0%
@cactus/api:build:    ├ ../../node_modules/@redis/client/dist/lib/commands/CLUSTER_FLUSHSLOTS.js                              571b     0.0%
@cactus/api:build:    ├ ../../node_modules/@redis/client/dist/lib/commands/LPOP.js                                            570b     0.0%
@cactus/api:build:    ├ ../../node_modules/jose/dist/node/esm/jws/compact/sign.js                                             570b     0.0%
@cactus/api:build:    ├ ../../node_modules/ioredis/built/utils/applyMixin.js                                                  569b     0.0%
@cactus/api:build:    ├ ../../node_modules/@opentelemetry/api/build/esm/metrics/NoopMeterProvider.js                          565b     0.0%
@cactus/api:build:    ├ ../../node_modules/@redis/client/dist/lib/commands/HLEN.js                                            565b     0.0%
@cactus/api:build:    ├ ../../node_modules/jose/dist/node/esm/lib/is_disjoint.js                                              565b     0.0%
@cactus/api:build:    ├ ../../node_modules/@redis/client/dist/lib/commands/CONFIG_RESETSTAT.js                                564b     0.0%
@cactus/api:build:    ├ ../../node_modules/@redis/client/dist/lib/commands/CONFIG_REWRITE.js                                  564b     0.0%
@cactus/api:build:    ├ ../../node_modules/@redis/client/dist/lib/commands/RANDOMKEY.js                                       564b     0.0%
@cactus/api:build:    ├ ../../node_modules/@redis/client/dist/lib/commands/RPOP.js                                            563b     0.0%
@cactus/api:build:    ├ ../../node_modules/@redis/client/dist/lib/commands/HKEYS.js                                           560b     0.0%
@cactus/api:build:    ├ ../../node_modules/@redis/client/dist/lib/commands/CLUSTER_MYSHARDID.js                               559b     0.0%
@cactus/api:build:    ├ ../../node_modules/@redis/client/dist/lib/commands/COMMAND_COUNT.js                                   559b     0.0%
@cactus/api:build:    ├ ../../node_modules/@redis/client/dist/lib/commands/DUMP.js                                            559b     0.0%
@cactus/api:build:    ├ ../../node_modules/@redis/client/dist/lib/commands/GETDEL.js                                          559b     0.0%
@cactus/api:build:    ├ ../../node_modules/@redis/client/dist/lib/commands/INCR.js                                            559b     0.0%
@cactus/api:build:    ├ ../../node_modules/@redis/client/dist/lib/commands/LASTSAVE.js                                        559b     0.0%
@cactus/api:build:    ├ ../../node_modules/@redis/client/dist/lib/commands/READONLY.js                                        559b     0.0%
@cactus/api:build:    ├ ../../node_modules/@redis/client/dist/lib/commands/CLUSTER_NODES.js                                   558b     0.0%
@cactus/api:build:    ├ ../../node_modules/@redis/client/dist/lib/commands/HVALS.js                                           558b     0.0%
@cactus/api:build:    ├ ../../node_modules/@redis/bloom/dist/lib/commands/top-k/LIST.js                                       556b     0.0%
@cactus/api:build:    ├ ../../node_modules/@redis/bloom/dist/lib/index.js                                                     556b     0.0%
@cactus/api:build:    ├ ../../node_modules/@redis/client/dist/lib/commands/GET.js                                             555b     0.0%
@cactus/api:build:    ├ ../../node_modules/@redis/json/dist/lib/index.js                                                      555b     0.0%
@cactus/api:build:    ├ ../../node_modules/@redis/client/dist/lib/commands/CLIENT_UNPAUSE.js                                  554b     0.0%
@cactus/api:build:    ├ ../../node_modules/@redis/client/dist/lib/commands/ECHO.js                                            554b     0.0%
@cactus/api:build:    ├ ../../node_modules/pino/lib/time.js                                                                   549b     0.0%
@cactus/api:build:    ├ ../../node_modules/@redis/search/dist/lib/commands/_LIST.js                                           546b     0.0%
@cactus/api:build:    ├ ../../node_modules/@redis/client/dist/lib/commands/CLUSTER_INFO.js                                    544b     0.0%
@cactus/api:build:    ├ ../../node_modules/@redis/client/dist/lib/commands/CLUSTER_MYID.js                                    543b     0.0%
@cactus/api:build:    ├ src/services/aum/find-existing.ts                                                                     543b     0.0%
@cactus/api:build:    ├ ../../node_modules/@redis/client/dist/lib/commands/CLIENT_GETNAME.js                                  538b     0.0%
@cactus/api:build:    ├ ../../node_modules/@redis/client/dist/lib/commands/CLUSTER_BUMPEPOCH.js                               538b     0.0%
@cactus/api:build:    ├ ../../node_modules/@redis/search/dist/lib/commands/SUGLEN.js                                          538b     0.0%
@cactus/api:build:    ├ ../../node_modules/@redis/client/dist/lib/commands/FUNCTION_KILL.js                                   537b     0.0%
@cactus/api:build:    ├ ../../node_modules/xtend/immutable.js                                                                 536b     0.0%
@cactus/api:build:    ├ ../../node_modules/jose/dist/node/esm/runtime/check_key_length.js                                     534b     0.0%
@cactus/api:build:    ├ ../../node_modules/jose/dist/node/esm/lib/is_object.js                                                533b     0.0%
@cactus/api:build:    ├ ../../node_modules/@redis/client/dist/lib/commands/ACL_LIST.js                                        532b     0.0%
@cactus/api:build:    ├ ../../node_modules/@redis/client/dist/lib/commands/BGREWRITEAOF.js                                    531b     0.0%
@cactus/api:build:    ├ ../../node_modules/@redis/client/dist/lib/commands/ACL_WHOAMI.js                                      530b     0.0%
@cactus/api:build:    ├ ../../node_modules/@redis/client/dist/lib/commands/ACL_SAVE.js                                        529b     0.0%
@cactus/api:build:    ├ ../../node_modules/@redis/client/dist/lib/commands/CLIENT_ID.js                                       529b     0.0%
@cactus/api:build:    ├ ../../node_modules/@redis/client/dist/lib/commands/ACL_USERS.js                                       527b     0.0%
@cactus/api:build:    ├ ../../node_modules/@redis/client/dist/lib/RESP/verbatim-string.js                                     526b     0.0%
@cactus/api:build:    ├ ../../node_modules/@redis/client/dist/lib/commands/DECR.js                                            523b     0.0%
@cactus/api:build:    ├ ../../node_modules/@redis/client/dist/lib/commands/ACL_LOAD.js                                        521b     0.0%
@cactus/api:build:    ├ ../../node_modules/@redis/client/dist/lib/commands/DBSIZE.js                                          519b     0.0%
@cactus/api:build:    ├ ../../node_modules/ioredis/built/connectors/index.js                                                  517b     0.0%
@cactus/api:build:    ├ ../../node_modules/xtend/mutable.js                                                                   515b     0.0%
@cactus/api:build:    ├ ../../node_modules/jose/dist/node/esm/runtime/dsa_digest.js                                           510b     0.0%
@cactus/api:build:    ├ ../../node_modules/@opentelemetry/api/build/esm/trace/NoopTracerProvider.js                           508b     0.0%
@cactus/api:build:    ├ ../../node_modules/drizzle-orm/pg-core/index.js                                                       492b     0.0%
@cactus/api:build:    ├ ../../node_modules/jose/dist/node/esm/lib/is_jwk.js                                                   492b     0.0%
@cactus/api:build:    ├ ../../node_modules/ioredis/built/utils/lodash.js                                                      491b     0.0%
@cactus/api:build:    ├ ../../node_modules/supports-color/node_modules/has-flag/index.js                                      491b     0.0%
@cactus/api:build:    ├ src/types/python-service.ts                                                                           491b     0.0%
@cactus/api:build:    ├ ../../node_modules/append-field/index.js                                                              485b     0.0%
@cactus/api:build:    ├ ../../node_modules/@redis/client/dist/lib/sentinel/module.js                                          478b     0.0%
@cactus/api:build:    ├ ../../node_modules/jose/dist/node/esm/runtime/sign.js                                                 477b     0.0%
@cactus/api:build:    ├ ../../node_modules/@opentelemetry/api/build/esm/trace/SamplingResult.js                               471b     0.0%
@cactus/api:build:    ├ ../../node_modules/@opentelemetry/api/build/esm/trace/span_kind.js                                    467b     0.0%
@cactus/api:build:    ├ ../../node_modules/drizzle-orm/pg-core/columns/date.common.js                                         458b     0.0%
@cactus/api:build:    ├ ../../node_modules/jose/dist/node/esm/runtime/base64url.js                                            454b     0.0%
@cactus/api:build:    ├ ../../node_modules/@opentelemetry/api/build/esm/trace/invalid-span-constants.js                       452b     0.0%
@cactus/api:build:    ├ src/routes/auth/index.ts                                                                              430b     0.0%
@cactus/api:build:    ├ src/routes/metrics/contacts/calculators/new-clients.ts                                                426b     0.0%
@cactus/api:build:    ├ ../../node_modules/jose/dist/node/esm/lib/validate_algorithms.js                                      419b     0.0%
@cactus/api:build:    ├ src/routes/users/handlers/role.ts                                                                     412b     0.0%
@cactus/api:build:    ├ ../../node_modules/toidentifier/index.js                                                              409b     0.0%
@cactus/api:build:    ├ ../../node_modules/drizzle-orm/query-builders/query-builder.js                                        405b     0.0%
@cactus/api:build:    ├ src/routes/contacts/index.ts                                                                          405b     0.0%
@cactus/api:build:    ├ ../../node_modules/es-define-property/index.js                                                        392b     0.0%
@cactus/api:build:    ├ ../../node_modules/@opentelemetry/api/build/esm/trace/status.js                                       391b     0.0%
@cactus/api:build:    ├ ../../node_modules/ioredis/built/errors/index.js                                                      391b     0.0%
@cactus/api:build:    ├ ../../node_modules/pg/lib/crypto/utils.js                                                             391b     0.0%
@cactus/api:build:    ├ ../../node_modules/pino/lib/constants.js                                                              384b     0.0%
@cactus/api:build:    ├ ../../node_modules/call-bind-apply-helpers/actualApply.js                                             380b     0.0%
@cactus/api:build:    ├ ../../node_modules/prom-client/lib/metrics/helpers/safeMemoryUsage.js                                 377b     0.0%
@cactus/api:build:    ├ ../../node_modules/jose/dist/node/esm/lib/buffer_utils.js                                             367b     0.0%
@cactus/api:build:    ├ src/utils/aum-normalization.ts                                                                        367b     0.0%
@cactus/api:build:    ├ ../../node_modules/pg-types/lib/arrayParser.js                                                        364b     0.0%
@cactus/api:build:    ├ ../../node_modules/math-intrinsics/sign.js                                                            352b     0.0%
@cactus/api:build:    ├ src/utils/portfolio-utils.ts                                                                          350b     0.0%
@cactus/api:build:    ├ ../../node_modules/inherits/inherits.js                                                               345b     0.0%
@cactus/api:build:    ├ ../../node_modules/jose/dist/node/esm/runtime/hmac_digest.js                                          327b     0.0%
@cactus/api:build:    ├ ../../node_modules/debug/src/index.js                                                                 322b     0.0%
@cactus/api:build:    ├ ../../node_modules/@opentelemetry/api/build/esm/trace/trace_flags.js                                  314b     0.0%
@cactus/api:build:    ├ ../../node_modules/qs/lib/index.js                                                                    310b     0.0%
@cactus/api:build:    ├ src/routes/instruments/circuit-breaker.ts                                                             309b     0.0%
@cactus/api:build:    ├ ../../node_modules/csv-parse/lib/utils/underscore.js                                                  303b     0.0%
@cactus/api:build:    ├ ../../node_modules/finalhandler/node_modules/debug/src/index.js                                       302b     0.0%
@cactus/api:build:    ├ ../../node_modules/compression/node_modules/debug/src/index.js                                        301b     0.0%
@cactus/api:build:    ├ ../../node_modules/body-parser/node_modules/debug/src/index.js                                        298b     0.0%
@cactus/api:build:    ├ ../../node_modules/express/node_modules/debug/src/index.js                                            297b     0.0%
@cactus/api:build:    ├ node_modules/uuid/dist-node/rng.js                                                                    297b     0.0%
@cactus/api:build:    ├ ../../node_modules/hasown/index.js                                                                    296b     0.0%
@cactus/api:build:    ├ ../../node_modules/@opentelemetry/api/build/esm/metrics/Metric.js                                     294b     0.0%
@cactus/api:build:    ├ ../../node_modules/drizzle-orm/pg-core/view-base.js                                                   294b     0.0%
@cactus/api:build:    ├ ../../node_modules/send/node_modules/debug/src/index.js                                               294b     0.0%
@cactus/api:build:    ├ src/routes/tags/index.ts                                                                              289b     0.0%
@cactus/api:build:    ├ ../../node_modules/gopd/index.js                                                                      288b     0.0%
@cactus/api:build:    ├ ../../node_modules/redis-errors/index.js                                                              287b     0.0%
@cactus/api:build:    ├ ../../node_modules/zod/v3/helpers/errorUtil.js                                                        282b     0.0%
@cactus/api:build:    ├ ../../node_modules/@opentelemetry/api/build/esm/trace/internal/utils.js                               281b     0.0%
@cactus/api:build:    ├ ../../node_modules/drizzle-orm/pg-core/query-builders/index.js                                        280b     0.0%
@cactus/api:build:    ├ ../../node_modules/jose/dist/node/esm/runtime/jwk_to_key.js                                           278b     0.0%
@cactus/api:build:    ├ ../../node_modules/@redis/search/dist/lib/dialect/default.js                                          277b     0.0%
@cactus/api:build:    ├ ../../node_modules/concat-stream/node_modules/isarray/index.js                                        275b     0.0%
@cactus/api:build:    ├ ../../node_modules/drizzle-orm/sql/expressions/select.js                                              275b     0.0%
@cactus/api:build:    ├ ../../node_modules/utils-merge/index.js                                                               275b     0.0%
@cactus/api:build:    ├ src/utils/aum-columns/normalize-column-name.ts                                                        275b     0.0%
@cactus/api:build:    ├ src/routes/analytics/index.ts                                                                         270b     0.0%
@cactus/api:build:    ├ ../../node_modules/csv-parse/lib/utils/is_object.js                                                   265b     0.0%
@cactus/api:build:    ├ ../../node_modules/node-cache/index.js                                                                259b     0.0%
@cactus/api:build:    ├ src/routes/aum/index.ts                                                                               256b     0.0%
@cactus/api:build:    ├ src/routes/pipeline/index.ts                                                                          253b     0.0%
@cactus/api:build:    ├ ../../node_modules/get-proto/Object.getPrototypeOf.js                                                 250b     0.0%
@cactus/api:build:    ├ ../../node_modules/function-bind/index.js                                                             247b     0.0%
@cactus/api:build:    ├ ../../node_modules/thread-stream/lib/indexes.js                                                       247b     0.0%
@cactus/api:build:    ├ ../../node_modules/math-intrinsics/isNaN.js                                                           246b     0.0%
@cactus/api:build:    ├ ../../node_modules/jose/dist/node/esm/runtime/webcrypto.js                                            242b     0.0%
@cactus/api:build:    ├ ../../node_modules/get-proto/Reflect.getPrototypeOf.js                                                241b     0.0%
@cactus/api:build:    ├ ../../node_modules/jose/dist/node/esm/runtime/is_key_like.js                                          236b     0.0%
@cactus/api:build:    ├ ../../node_modules/call-bind-apply-helpers/reflectApply.js                                            229b     0.0%
@cactus/api:build:    ├ src/routes/aum/admin/index.ts                                                                         221b     0.0%
@cactus/api:build:    ├ ../../node_modules/zod/v3/errors.js                                                                   217b     0.0%
@cactus/api:build:    ├ ../../node_modules/@opentelemetry/api/build/esm/baggage/internal/symbol.js                            214b     0.0%
@cactus/api:build:    ├ ../../node_modules/pg-cloudflare/dist/empty.js                                                        214b     0.0%
@cactus/api:build:    ├ ../../node_modules/@opentelemetry/api/build/esm/platform/node/globalThis.js                           211b     0.0%
@cactus/api:build:    ├ ../../node_modules/@opentelemetry/api/build/esm/propagation-api.js                                    207b     0.0%
@cactus/api:build:    ├ ../../node_modules/concat-stream/node_modules/readable-stream/lib/internal/streams/stream.js          201b     0.0%
@cactus/api:build:    ├ ../../node_modules/bintrees/index.js                                                                  199b     0.0%
@cactus/api:build:    ├ ../../node_modules/call-bind-apply-helpers/functionApply.js                                           197b     0.0%
@cactus/api:build:    ├ src/routes/metrics/index.ts                                                                           197b     0.0%
@cactus/api:build:    ├ ../../node_modules/call-bind-apply-helpers/functionCall.js                                            194b     0.0%
@cactus/api:build:    ├ ../../node_modules/@opentelemetry/api/build/esm/context-api.js                                        184b     0.0%
@cactus/api:build:    ├ ../../node_modules/@opentelemetry/api/build/esm/metrics-api.js                                        183b     0.0%
@cactus/api:build:    ├ ../../node_modules/drizzle-orm/node-postgres/migrator.js                                              182b     0.0%
@cactus/api:build:    ├ ../../node_modules/drizzle-orm/tracing-utils.js                                                       176b     0.0%
@cactus/api:build:    ├ ../../node_modules/drizzle-orm/pg-core/view-common.js                                                 175b     0.0%
@cactus/api:build:    ├ ../../node_modules/drizzle-orm/view-common.js                                                         172b     0.0%
@cactus/api:build:    ├ ../../node_modules/@opentelemetry/api/build/esm/trace-api.js                                          171b     0.0%
@cactus/api:build:    ├ ../../node_modules/redis-parser/index.js                                                              170b     0.0%
@cactus/api:build:    ├ ../../node_modules/object-inspect/util.inspect.js                                                     169b     0.0%
@cactus/api:build:    ├ ../../node_modules/fast-redact/lib/rx.js                                                              168b     0.0%
@cactus/api:build:    ├ ../../node_modules/gopd/gOPD.js                                                                       167b     0.0%
@cactus/api:build:    ├ ../../node_modules/compressible/node_modules/mime-db/index.js                                         165b     0.0%
@cactus/api:build:    ├ ../../node_modules/es-object-atoms/index.js                                                           165b     0.0%
@cactus/api:build:    ├ ../../node_modules/pg/lib/native/index.js                                                             165b     0.0%
@cactus/api:build:    ├ ../../node_modules/@opentelemetry/api/build/esm/diag-api.js                                           164b     0.0%
@cactus/api:build:    ├ ../../node_modules/express/index.js                                                                   161b     0.0%
@cactus/api:build:    ├ ../../node_modules/mime-types/node_modules/mime-db/index.js                                           161b     0.0%
@cactus/api:build:    ├ ../../node_modules/pino/lib/meta.js                                                                   161b     0.0%
@cactus/api:build:    ├ ../../node_modules/math-intrinsics/floor.js                                                           159b     0.0%
@cactus/api:build:    ├ ../../node_modules/math-intrinsics/round.js                                                           159b     0.0%
@cactus/api:build:    ├ ../../node_modules/es-errors/syntax.js                                                                156b     0.0%
@cactus/api:build:    ├ ../../node_modules/util-deprecate/node.js                                                             156b     0.0%
@cactus/api:build:    ├ ../../node_modules/es-errors/range.js                                                                 153b     0.0%
@cactus/api:build:    ├ ../../node_modules/es-errors/ref.js                                                                   153b     0.0%
@cactus/api:build:    ├ ../../node_modules/math-intrinsics/abs.js                                                             153b     0.0%
@cactus/api:build:    ├ ../../node_modules/math-intrinsics/max.js                                                             153b     0.0%
@cactus/api:build:    ├ ../../node_modules/math-intrinsics/min.js                                                             153b     0.0%
@cactus/api:build:    ├ ../../node_modules/math-intrinsics/pow.js                                                             153b     0.0%
@cactus/api:build:    ├ ../../node_modules/es-errors/index.js                                                                 152b     0.0%
@cactus/api:build:    ├ ../../node_modules/es-errors/eval.js                                                                  150b     0.0%
@cactus/api:build:    ├ ../../node_modules/es-errors/type.js                                                                  150b     0.0%
@cactus/api:build:    ├ ../../node_modules/es-errors/uri.js                                                                   147b     0.0%
@cactus/api:build:    ├ ../../node_modules/drizzle-orm/sql/index.js                                                           146b     0.0%
@cactus/api:build:    ├ ../../node_modules/drizzle-orm/sql/expressions/index.js                                               145b     0.0%
@cactus/api:build:    ├ ../../node_modules/drizzle-orm/node-postgres/index.js                                                 143b     0.0%
@cactus/api:build:    ├ ../../node_modules/drizzle-orm/sql/functions/index.js                                                 141b     0.0%
@cactus/api:build:    ├ ../../node_modules/@opentelemetry/api/build/esm/version.js                                            139b     0.0%
@cactus/api:build:    ├ ../../node_modules/jose/dist/node/esm/runtime/is_key_object.js                                        136b     0.0%
@cactus/api:build:    ├ ../../node_modules/@opentelemetry/api/build/esm/platform/node/index.js                                134b     0.0%
@cactus/api:build:    ├ ../../node_modules/@opentelemetry/api/build/esm/platform/index.js                                     127b     0.0%
@cactus/api:build:    ├ ../../node_modules/drizzle-orm/version.js                                                             122b     0.0%
@cactus/api:build:    ├ ../../node_modules/drizzle-orm/expressions.js                                                         118b     0.0%
@cactus/api:build:    ├ ../../node_modules/drizzle-orm/pg-core/query-builders/select.types.js                                 118b     0.0%
@cactus/api:build:    ├ ../../node_modules/drizzle-orm/pg-core/utils/index.js                                                 114b     0.0%
@cactus/api:build:    ├ ../../node_modules/jose/dist/node/esm/lib/epoch.js                                                    101b     0.0%
@cactus/api:build:    ├ ../../node_modules/drizzle-orm/pg-core/subquery.js                                                     96b     0.0%
@cactus/api:build:    ├ ../../node_modules/drizzle-orm/operations.js                                                           91b     0.0%
@cactus/api:build:    ├ ../../node_modules/drizzle-orm/pg-core/alias.js                                                        90b     0.0%
@cactus/api:build:    ├ ../../node_modules/drizzle-orm/pg-core/utils.js                                                        90b     0.0%
@cactus/api:build:    ├ node_modules/uuid/dist-node/native.js                                                                  79b     0.0%
@cactus/api:build:    ├ src/auth/types.ts                                                                                      63b     0.0%
@cactus/api:build:    ├ src/routes/metrics/contacts.ts                                                                         43b     0.0%
@cactus/api:build:    ├ src/routes/tasks.ts                                                                                    36b     0.0%
@cactus/api:build:    └ src/routes/aum/rows/handlers/match.ts                                                                  35b     0.0%
@cactus/api:build: 
@cactus/web:build: 
@cactus/web:build: > @cactus/web@1.0.0 build C:\Users\gioli\Desktop\Proyectos\dahsboardd\apps\web
@cactus/web:build: > next build
@cactus/web:build: 
@cactus/web:build:   ▲ Next.js 14.2.33
@cactus/web:build:   - Environments: .env.local
@cactus/web:build:   - Experiments (use with caution):
@cactus/web:build:     · externalDir
@cactus/web:build: 
@cactus/web:build:    Creating an optimized production build ...
�Desea terminar el trabajo por lotes (S/N)? �Desea terminar el trabajo por lotes (S/N)? 
^C